Copyright 1986-2022 Xilinx, Inc. All Rights Reserved. Copyright 2022-2024 Advanced Micro Devices, Inc. All Rights Reserved.
-----------------------------------------------------------------------------------------------------------------------------------------------------------------------------
| Tool Version : Vivado v.2024.2 (win64) Build 5239630 Fri Nov 08 22:35:27 MST 2024
| Date         : Fri Dec 12 16:25:40 2025
| Host         : nudaq-win02 running 64-bit major release  (build 9200)
| Command      : report_methodology -file ADC_SiTCP_V20_methodology_drc_routed.rpt -pb ADC_SiTCP_V20_methodology_drc_routed.pb -rpx ADC_SiTCP_V20_methodology_drc_routed.rpx
| Design       : ADC_SiTCP_V20
| Device       : xc7a100tfgg484-1
| Speed File   : -1
| Design State : Fully Routed
-----------------------------------------------------------------------------------------------------------------------------------------------------------------------------

Report Methodology

Table of Contents
-----------------
1. REPORT SUMMARY
2. REPORT DETAILS

1. REPORT SUMMARY
-----------------
            Netlist: netlist
          Floorplan: design_1
      Design limits: <entire design considered>
             Max checks: <unlimited>
             Checks found: 196
+-----------+------------------+---------------------------------------------------+--------+
| Rule      | Severity         | Description                                       | Checks |
+-----------+------------------+---------------------------------------------------+--------+
| TIMING-6  | Critical Warning | No common primary clock between related clocks    | 3      |
| TIMING-7  | Critical Warning | No common node between related clocks             | 3      |
| TIMING-8  | Critical Warning | No common period between related clocks           | 3      |
| TIMING-17 | Critical Warning | Non-clocked sequential cell                       | 76     |
| LUTAR-1   | Warning          | LUT drives async reset alert                      | 6      |
| PDRC-190  | Warning          | Suboptimally placed synchronized register chain   | 10     |
| TIMING-9  | Warning          | Unknown CDC Logic                                 | 1      |
| TIMING-10 | Warning          | Missing property on synchronizer                  | 1      |
| TIMING-11 | Warning          | Inappropriate max delay with datapath only option | 1      |
| TIMING-18 | Warning          | Missing input or output delay                     | 51     |
| XDCB-5    | Warning          | Runtime inefficient way to find pin objects       | 41     |
+-----------+------------------+---------------------------------------------------+--------+

2. REPORT DETAILS
-----------------
TIMING-6#1 Critical Warning
No common primary clock between related clocks  
The clocks clk_out1_SYSCLK0 and CLK_DIV_OUT are related (timed together) but they have no common primary clock. The design could fail in hardware. To find a timing path between these clocks, run the following command: report_timing -from [get_clocks clk_out1_SYSCLK0] -to [get_clocks CLK_DIV_OUT]
Related violations: <none>

TIMING-6#2 Critical Warning
No common primary clock between related clocks  
The clocks clk_out1_SYSCLK0 and CLK_DIV_OUT_1 are related (timed together) but they have no common primary clock. The design could fail in hardware. To find a timing path between these clocks, run the following command: report_timing -from [get_clocks clk_out1_SYSCLK0] -to [get_clocks CLK_DIV_OUT_1]
Related violations: <none>

TIMING-6#3 Critical Warning
No common primary clock between related clocks  
The clocks clk_out1_SYSCLK0 and CLK_DIV_OUT_2 are related (timed together) but they have no common primary clock. The design could fail in hardware. To find a timing path between these clocks, run the following command: report_timing -from [get_clocks clk_out1_SYSCLK0] -to [get_clocks CLK_DIV_OUT_2]
Related violations: <none>

TIMING-7#1 Critical Warning
No common node between related clocks  
The clocks clk_out1_SYSCLK0 and CLK_DIV_OUT are related (timed together) but they have no common node. The design could fail in hardware. To find a timing path between these clocks, run the following command: report_timing -from [get_clocks clk_out1_SYSCLK0] -to [get_clocks CLK_DIV_OUT]
Related violations: <none>

TIMING-7#2 Critical Warning
No common node between related clocks  
The clocks clk_out1_SYSCLK0 and CLK_DIV_OUT_1 are related (timed together) but they have no common node. The design could fail in hardware. To find a timing path between these clocks, run the following command: report_timing -from [get_clocks clk_out1_SYSCLK0] -to [get_clocks CLK_DIV_OUT_1]
Related violations: <none>

TIMING-7#3 Critical Warning
No common node between related clocks  
The clocks clk_out1_SYSCLK0 and CLK_DIV_OUT_2 are related (timed together) but they have no common node. The design could fail in hardware. To find a timing path between these clocks, run the following command: report_timing -from [get_clocks clk_out1_SYSCLK0] -to [get_clocks CLK_DIV_OUT_2]
Related violations: <none>

TIMING-8#1 Critical Warning
No common period between related clocks  
The clocks clk_out1_SYSCLK0 and CLK_DIV_OUT are found related (timed together) but have no common (expandable) period
Related violations: <none>

TIMING-8#2 Critical Warning
No common period between related clocks  
The clocks clk_out1_SYSCLK0 and CLK_DIV_OUT_1 are found related (timed together) but have no common (expandable) period
Related violations: <none>

TIMING-8#3 Critical Warning
No common period between related clocks  
The clocks clk_out1_SYSCLK0 and CLK_DIV_OUT_2 are found related (timed together) but have no common (expandable) period
Related violations: <none>

TIMING-17#1 Critical Warning
Non-clocked sequential cell  
The clock pin gig_ethernet_pcs_pma_0/inst/core_gt_common_i/cpllpd_wait_reg[31]_srl32/CLK is not reached by a timing clock
Related violations: <none>

TIMING-17#2 Critical Warning
Non-clocked sequential cell  
The clock pin gig_ethernet_pcs_pma_0/inst/core_gt_common_i/cpllpd_wait_reg[63]_srl32/CLK is not reached by a timing clock
Related violations: <none>

TIMING-17#3 Critical Warning
Non-clocked sequential cell  
The clock pin gig_ethernet_pcs_pma_0/inst/core_gt_common_i/cpllpd_wait_reg[94]_srl31/CLK is not reached by a timing clock
Related violations: <none>

TIMING-17#4 Critical Warning
Non-clocked sequential cell  
The clock pin gig_ethernet_pcs_pma_0/inst/core_gt_common_i/cpllpd_wait_reg[95]/C is not reached by a timing clock
Related violations: <none>

TIMING-17#5 Critical Warning
Non-clocked sequential cell  
The clock pin gig_ethernet_pcs_pma_0/inst/core_gt_common_i/cpllreset_wait_reg[126]_srl31/CLK is not reached by a timing clock
Related violations: <none>

TIMING-17#6 Critical Warning
Non-clocked sequential cell  
The clock pin gig_ethernet_pcs_pma_0/inst/core_gt_common_i/cpllreset_wait_reg[127]/C is not reached by a timing clock
Related violations: <none>

TIMING-17#7 Critical Warning
Non-clocked sequential cell  
The clock pin gig_ethernet_pcs_pma_0/inst/core_gt_common_i/cpllreset_wait_reg[31]_srl32/CLK is not reached by a timing clock
Related violations: <none>

TIMING-17#8 Critical Warning
Non-clocked sequential cell  
The clock pin gig_ethernet_pcs_pma_0/inst/core_gt_common_i/cpllreset_wait_reg[63]_srl32/CLK is not reached by a timing clock
Related violations: <none>

TIMING-17#9 Critical Warning
Non-clocked sequential cell  
The clock pin gig_ethernet_pcs_pma_0/inst/core_gt_common_i/cpllreset_wait_reg[95]_srl32/CLK is not reached by a timing clock
Related violations: <none>

TIMING-17#10 Critical Warning
Non-clocked sequential cell  
The clock pin gig_ethernet_pcs_pma_0/inst/pcs_pma_block_i/transceiver_inst/gtwizard_inst/inst/gtwizard_i/gt0_GTWIZARD_i/gtpe2_i/DRPCLK is not reached by a timing clock
Related violations: <none>

TIMING-17#11 Critical Warning
Non-clocked sequential cell  
The clock pin gig_ethernet_pcs_pma_0/inst/pcs_pma_block_i/transceiver_inst/gtwizard_inst/inst/gtwizard_i/gt0_GTWIZARD_i/gtrxreset_seq_i/DRP_OP_DONE_reg/C is not reached by a timing clock
Related violations: <none>

TIMING-17#12 Critical Warning
Non-clocked sequential cell  
The clock pin gig_ethernet_pcs_pma_0/inst/pcs_pma_block_i/transceiver_inst/gtwizard_inst/inst/gtwizard_i/gt0_GTWIZARD_i/gtrxreset_seq_i/FSM_onehot_state_reg[0]/C is not reached by a timing clock
Related violations: <none>

TIMING-17#13 Critical Warning
Non-clocked sequential cell  
The clock pin gig_ethernet_pcs_pma_0/inst/pcs_pma_block_i/transceiver_inst/gtwizard_inst/inst/gtwizard_i/gt0_GTWIZARD_i/gtrxreset_seq_i/FSM_onehot_state_reg[1]/C is not reached by a timing clock
Related violations: <none>

TIMING-17#14 Critical Warning
Non-clocked sequential cell  
The clock pin gig_ethernet_pcs_pma_0/inst/pcs_pma_block_i/transceiver_inst/gtwizard_inst/inst/gtwizard_i/gt0_GTWIZARD_i/gtrxreset_seq_i/FSM_onehot_state_reg[2]/C is not reached by a timing clock
Related violations: <none>

TIMING-17#15 Critical Warning
Non-clocked sequential cell  
The clock pin gig_ethernet_pcs_pma_0/inst/pcs_pma_block_i/transceiver_inst/gtwizard_inst/inst/gtwizard_i/gt0_GTWIZARD_i/gtrxreset_seq_i/FSM_onehot_state_reg[3]/C is not reached by a timing clock
Related violations: <none>

TIMING-17#16 Critical Warning
Non-clocked sequential cell  
The clock pin gig_ethernet_pcs_pma_0/inst/pcs_pma_block_i/transceiver_inst/gtwizard_inst/inst/gtwizard_i/gt0_GTWIZARD_i/gtrxreset_seq_i/FSM_onehot_state_reg[4]/C is not reached by a timing clock
Related violations: <none>

TIMING-17#17 Critical Warning
Non-clocked sequential cell  
The clock pin gig_ethernet_pcs_pma_0/inst/pcs_pma_block_i/transceiver_inst/gtwizard_inst/inst/gtwizard_i/gt0_GTWIZARD_i/gtrxreset_seq_i/FSM_onehot_state_reg[5]/C is not reached by a timing clock
Related violations: <none>

TIMING-17#18 Critical Warning
Non-clocked sequential cell  
The clock pin gig_ethernet_pcs_pma_0/inst/pcs_pma_block_i/transceiver_inst/gtwizard_inst/inst/gtwizard_i/gt0_GTWIZARD_i/gtrxreset_seq_i/FSM_onehot_state_reg[6]/C is not reached by a timing clock
Related violations: <none>

TIMING-17#19 Critical Warning
Non-clocked sequential cell  
The clock pin gig_ethernet_pcs_pma_0/inst/pcs_pma_block_i/transceiver_inst/gtwizard_inst/inst/gtwizard_i/gt0_GTWIZARD_i/gtrxreset_seq_i/FSM_onehot_state_reg[7]/C is not reached by a timing clock
Related violations: <none>

TIMING-17#20 Critical Warning
Non-clocked sequential cell  
The clock pin gig_ethernet_pcs_pma_0/inst/pcs_pma_block_i/transceiver_inst/gtwizard_inst/inst/gtwizard_i/gt0_GTWIZARD_i/gtrxreset_seq_i/flag_reg/C is not reached by a timing clock
Related violations: <none>

TIMING-17#21 Critical Warning
Non-clocked sequential cell  
The clock pin gig_ethernet_pcs_pma_0/inst/pcs_pma_block_i/transceiver_inst/gtwizard_inst/inst/gtwizard_i/gt0_GTWIZARD_i/gtrxreset_seq_i/gtrxreset_o_reg/C is not reached by a timing clock
Related violations: <none>

TIMING-17#22 Critical Warning
Non-clocked sequential cell  
The clock pin gig_ethernet_pcs_pma_0/inst/pcs_pma_block_i/transceiver_inst/gtwizard_inst/inst/gtwizard_i/gt0_GTWIZARD_i/gtrxreset_seq_i/gtrxreset_s_reg/C is not reached by a timing clock
Related violations: <none>

TIMING-17#23 Critical Warning
Non-clocked sequential cell  
The clock pin gig_ethernet_pcs_pma_0/inst/pcs_pma_block_i/transceiver_inst/gtwizard_inst/inst/gtwizard_i/gt0_GTWIZARD_i/gtrxreset_seq_i/gtrxreset_ss_reg/C is not reached by a timing clock
Related violations: <none>

TIMING-17#24 Critical Warning
Non-clocked sequential cell  
The clock pin gig_ethernet_pcs_pma_0/inst/pcs_pma_block_i/transceiver_inst/gtwizard_inst/inst/gtwizard_i/gt0_GTWIZARD_i/gtrxreset_seq_i/original_rd_data_reg[0]/C is not reached by a timing clock
Related violations: <none>

TIMING-17#25 Critical Warning
Non-clocked sequential cell  
The clock pin gig_ethernet_pcs_pma_0/inst/pcs_pma_block_i/transceiver_inst/gtwizard_inst/inst/gtwizard_i/gt0_GTWIZARD_i/gtrxreset_seq_i/original_rd_data_reg[10]/C is not reached by a timing clock
Related violations: <none>

TIMING-17#26 Critical Warning
Non-clocked sequential cell  
The clock pin gig_ethernet_pcs_pma_0/inst/pcs_pma_block_i/transceiver_inst/gtwizard_inst/inst/gtwizard_i/gt0_GTWIZARD_i/gtrxreset_seq_i/original_rd_data_reg[11]/C is not reached by a timing clock
Related violations: <none>

TIMING-17#27 Critical Warning
Non-clocked sequential cell  
The clock pin gig_ethernet_pcs_pma_0/inst/pcs_pma_block_i/transceiver_inst/gtwizard_inst/inst/gtwizard_i/gt0_GTWIZARD_i/gtrxreset_seq_i/original_rd_data_reg[12]/C is not reached by a timing clock
Related violations: <none>

TIMING-17#28 Critical Warning
Non-clocked sequential cell  
The clock pin gig_ethernet_pcs_pma_0/inst/pcs_pma_block_i/transceiver_inst/gtwizard_inst/inst/gtwizard_i/gt0_GTWIZARD_i/gtrxreset_seq_i/original_rd_data_reg[13]/C is not reached by a timing clock
Related violations: <none>

TIMING-17#29 Critical Warning
Non-clocked sequential cell  
The clock pin gig_ethernet_pcs_pma_0/inst/pcs_pma_block_i/transceiver_inst/gtwizard_inst/inst/gtwizard_i/gt0_GTWIZARD_i/gtrxreset_seq_i/original_rd_data_reg[14]/C is not reached by a timing clock
Related violations: <none>

TIMING-17#30 Critical Warning
Non-clocked sequential cell  
The clock pin gig_ethernet_pcs_pma_0/inst/pcs_pma_block_i/transceiver_inst/gtwizard_inst/inst/gtwizard_i/gt0_GTWIZARD_i/gtrxreset_seq_i/original_rd_data_reg[15]/C is not reached by a timing clock
Related violations: <none>

TIMING-17#31 Critical Warning
Non-clocked sequential cell  
The clock pin gig_ethernet_pcs_pma_0/inst/pcs_pma_block_i/transceiver_inst/gtwizard_inst/inst/gtwizard_i/gt0_GTWIZARD_i/gtrxreset_seq_i/original_rd_data_reg[1]/C is not reached by a timing clock
Related violations: <none>

TIMING-17#32 Critical Warning
Non-clocked sequential cell  
The clock pin gig_ethernet_pcs_pma_0/inst/pcs_pma_block_i/transceiver_inst/gtwizard_inst/inst/gtwizard_i/gt0_GTWIZARD_i/gtrxreset_seq_i/original_rd_data_reg[2]/C is not reached by a timing clock
Related violations: <none>

TIMING-17#33 Critical Warning
Non-clocked sequential cell  
The clock pin gig_ethernet_pcs_pma_0/inst/pcs_pma_block_i/transceiver_inst/gtwizard_inst/inst/gtwizard_i/gt0_GTWIZARD_i/gtrxreset_seq_i/original_rd_data_reg[3]/C is not reached by a timing clock
Related violations: <none>

TIMING-17#34 Critical Warning
Non-clocked sequential cell  
The clock pin gig_ethernet_pcs_pma_0/inst/pcs_pma_block_i/transceiver_inst/gtwizard_inst/inst/gtwizard_i/gt0_GTWIZARD_i/gtrxreset_seq_i/original_rd_data_reg[4]/C is not reached by a timing clock
Related violations: <none>

TIMING-17#35 Critical Warning
Non-clocked sequential cell  
The clock pin gig_ethernet_pcs_pma_0/inst/pcs_pma_block_i/transceiver_inst/gtwizard_inst/inst/gtwizard_i/gt0_GTWIZARD_i/gtrxreset_seq_i/original_rd_data_reg[5]/C is not reached by a timing clock
Related violations: <none>

TIMING-17#36 Critical Warning
Non-clocked sequential cell  
The clock pin gig_ethernet_pcs_pma_0/inst/pcs_pma_block_i/transceiver_inst/gtwizard_inst/inst/gtwizard_i/gt0_GTWIZARD_i/gtrxreset_seq_i/original_rd_data_reg[6]/C is not reached by a timing clock
Related violations: <none>

TIMING-17#37 Critical Warning
Non-clocked sequential cell  
The clock pin gig_ethernet_pcs_pma_0/inst/pcs_pma_block_i/transceiver_inst/gtwizard_inst/inst/gtwizard_i/gt0_GTWIZARD_i/gtrxreset_seq_i/original_rd_data_reg[7]/C is not reached by a timing clock
Related violations: <none>

TIMING-17#38 Critical Warning
Non-clocked sequential cell  
The clock pin gig_ethernet_pcs_pma_0/inst/pcs_pma_block_i/transceiver_inst/gtwizard_inst/inst/gtwizard_i/gt0_GTWIZARD_i/gtrxreset_seq_i/original_rd_data_reg[8]/C is not reached by a timing clock
Related violations: <none>

TIMING-17#39 Critical Warning
Non-clocked sequential cell  
The clock pin gig_ethernet_pcs_pma_0/inst/pcs_pma_block_i/transceiver_inst/gtwizard_inst/inst/gtwizard_i/gt0_GTWIZARD_i/gtrxreset_seq_i/original_rd_data_reg[9]/C is not reached by a timing clock
Related violations: <none>

TIMING-17#40 Critical Warning
Non-clocked sequential cell  
The clock pin gig_ethernet_pcs_pma_0/inst/pcs_pma_block_i/transceiver_inst/gtwizard_inst/inst/gtwizard_i/gt0_GTWIZARD_i/gtrxreset_seq_i/rd_data_reg[0]/C is not reached by a timing clock
Related violations: <none>

TIMING-17#41 Critical Warning
Non-clocked sequential cell  
The clock pin gig_ethernet_pcs_pma_0/inst/pcs_pma_block_i/transceiver_inst/gtwizard_inst/inst/gtwizard_i/gt0_GTWIZARD_i/gtrxreset_seq_i/rd_data_reg[10]/C is not reached by a timing clock
Related violations: <none>

TIMING-17#42 Critical Warning
Non-clocked sequential cell  
The clock pin gig_ethernet_pcs_pma_0/inst/pcs_pma_block_i/transceiver_inst/gtwizard_inst/inst/gtwizard_i/gt0_GTWIZARD_i/gtrxreset_seq_i/rd_data_reg[11]/C is not reached by a timing clock
Related violations: <none>

TIMING-17#43 Critical Warning
Non-clocked sequential cell  
The clock pin gig_ethernet_pcs_pma_0/inst/pcs_pma_block_i/transceiver_inst/gtwizard_inst/inst/gtwizard_i/gt0_GTWIZARD_i/gtrxreset_seq_i/rd_data_reg[12]/C is not reached by a timing clock
Related violations: <none>

TIMING-17#44 Critical Warning
Non-clocked sequential cell  
The clock pin gig_ethernet_pcs_pma_0/inst/pcs_pma_block_i/transceiver_inst/gtwizard_inst/inst/gtwizard_i/gt0_GTWIZARD_i/gtrxreset_seq_i/rd_data_reg[13]/C is not reached by a timing clock
Related violations: <none>

TIMING-17#45 Critical Warning
Non-clocked sequential cell  
The clock pin gig_ethernet_pcs_pma_0/inst/pcs_pma_block_i/transceiver_inst/gtwizard_inst/inst/gtwizard_i/gt0_GTWIZARD_i/gtrxreset_seq_i/rd_data_reg[14]/C is not reached by a timing clock
Related violations: <none>

TIMING-17#46 Critical Warning
Non-clocked sequential cell  
The clock pin gig_ethernet_pcs_pma_0/inst/pcs_pma_block_i/transceiver_inst/gtwizard_inst/inst/gtwizard_i/gt0_GTWIZARD_i/gtrxreset_seq_i/rd_data_reg[15]/C is not reached by a timing clock
Related violations: <none>

TIMING-17#47 Critical Warning
Non-clocked sequential cell  
The clock pin gig_ethernet_pcs_pma_0/inst/pcs_pma_block_i/transceiver_inst/gtwizard_inst/inst/gtwizard_i/gt0_GTWIZARD_i/gtrxreset_seq_i/rd_data_reg[1]/C is not reached by a timing clock
Related violations: <none>

TIMING-17#48 Critical Warning
Non-clocked sequential cell  
The clock pin gig_ethernet_pcs_pma_0/inst/pcs_pma_block_i/transceiver_inst/gtwizard_inst/inst/gtwizard_i/gt0_GTWIZARD_i/gtrxreset_seq_i/rd_data_reg[2]/C is not reached by a timing clock
Related violations: <none>

TIMING-17#49 Critical Warning
Non-clocked sequential cell  
The clock pin gig_ethernet_pcs_pma_0/inst/pcs_pma_block_i/transceiver_inst/gtwizard_inst/inst/gtwizard_i/gt0_GTWIZARD_i/gtrxreset_seq_i/rd_data_reg[3]/C is not reached by a timing clock
Related violations: <none>

TIMING-17#50 Critical Warning
Non-clocked sequential cell  
The clock pin gig_ethernet_pcs_pma_0/inst/pcs_pma_block_i/transceiver_inst/gtwizard_inst/inst/gtwizard_i/gt0_GTWIZARD_i/gtrxreset_seq_i/rd_data_reg[4]/C is not reached by a timing clock
Related violations: <none>

TIMING-17#51 Critical Warning
Non-clocked sequential cell  
The clock pin gig_ethernet_pcs_pma_0/inst/pcs_pma_block_i/transceiver_inst/gtwizard_inst/inst/gtwizard_i/gt0_GTWIZARD_i/gtrxreset_seq_i/rd_data_reg[5]/C is not reached by a timing clock
Related violations: <none>

TIMING-17#52 Critical Warning
Non-clocked sequential cell  
The clock pin gig_ethernet_pcs_pma_0/inst/pcs_pma_block_i/transceiver_inst/gtwizard_inst/inst/gtwizard_i/gt0_GTWIZARD_i/gtrxreset_seq_i/rd_data_reg[6]/C is not reached by a timing clock
Related violations: <none>

TIMING-17#53 Critical Warning
Non-clocked sequential cell  
The clock pin gig_ethernet_pcs_pma_0/inst/pcs_pma_block_i/transceiver_inst/gtwizard_inst/inst/gtwizard_i/gt0_GTWIZARD_i/gtrxreset_seq_i/rd_data_reg[7]/C is not reached by a timing clock
Related violations: <none>

TIMING-17#54 Critical Warning
Non-clocked sequential cell  
The clock pin gig_ethernet_pcs_pma_0/inst/pcs_pma_block_i/transceiver_inst/gtwizard_inst/inst/gtwizard_i/gt0_GTWIZARD_i/gtrxreset_seq_i/rd_data_reg[8]/C is not reached by a timing clock
Related violations: <none>

TIMING-17#55 Critical Warning
Non-clocked sequential cell  
The clock pin gig_ethernet_pcs_pma_0/inst/pcs_pma_block_i/transceiver_inst/gtwizard_inst/inst/gtwizard_i/gt0_GTWIZARD_i/gtrxreset_seq_i/rd_data_reg[9]/C is not reached by a timing clock
Related violations: <none>

TIMING-17#56 Critical Warning
Non-clocked sequential cell  
The clock pin gig_ethernet_pcs_pma_0/inst/pcs_pma_block_i/transceiver_inst/gtwizard_inst/inst/gtwizard_i/gt0_GTWIZARD_i/gtrxreset_seq_i/rxpmaresetdone_s_reg/C is not reached by a timing clock
Related violations: <none>

TIMING-17#57 Critical Warning
Non-clocked sequential cell  
The clock pin gig_ethernet_pcs_pma_0/inst/pcs_pma_block_i/transceiver_inst/gtwizard_inst/inst/gtwizard_i/gt0_GTWIZARD_i/gtrxreset_seq_i/rxpmaresetdone_ss_reg/C is not reached by a timing clock
Related violations: <none>

TIMING-17#58 Critical Warning
Non-clocked sequential cell  
The clock pin gig_ethernet_pcs_pma_0/inst/pcs_pma_block_i/transceiver_inst/gtwizard_inst/inst/gtwizard_i/gt0_GTWIZARD_i/gtrxreset_seq_i/rxpmaresetdone_sss_reg/C is not reached by a timing clock
Related violations: <none>

TIMING-17#59 Critical Warning
Non-clocked sequential cell  
The clock pin gig_ethernet_pcs_pma_0/inst/pcs_pma_block_i/transceiver_inst/gtwizard_inst/inst/gtwizard_i/gt0_GTWIZARD_i/gtrxreset_seq_i/sync_gtrxreset_in/reset_sync1/C is not reached by a timing clock
Related violations: <none>

TIMING-17#60 Critical Warning
Non-clocked sequential cell  
The clock pin gig_ethernet_pcs_pma_0/inst/pcs_pma_block_i/transceiver_inst/gtwizard_inst/inst/gtwizard_i/gt0_GTWIZARD_i/gtrxreset_seq_i/sync_gtrxreset_in/reset_sync2/C is not reached by a timing clock
Related violations: <none>

TIMING-17#61 Critical Warning
Non-clocked sequential cell  
The clock pin gig_ethernet_pcs_pma_0/inst/pcs_pma_block_i/transceiver_inst/gtwizard_inst/inst/gtwizard_i/gt0_GTWIZARD_i/gtrxreset_seq_i/sync_gtrxreset_in/reset_sync3/C is not reached by a timing clock
Related violations: <none>

TIMING-17#62 Critical Warning
Non-clocked sequential cell  
The clock pin gig_ethernet_pcs_pma_0/inst/pcs_pma_block_i/transceiver_inst/gtwizard_inst/inst/gtwizard_i/gt0_GTWIZARD_i/gtrxreset_seq_i/sync_gtrxreset_in/reset_sync4/C is not reached by a timing clock
Related violations: <none>

TIMING-17#63 Critical Warning
Non-clocked sequential cell  
The clock pin gig_ethernet_pcs_pma_0/inst/pcs_pma_block_i/transceiver_inst/gtwizard_inst/inst/gtwizard_i/gt0_GTWIZARD_i/gtrxreset_seq_i/sync_gtrxreset_in/reset_sync5/C is not reached by a timing clock
Related violations: <none>

TIMING-17#64 Critical Warning
Non-clocked sequential cell  
The clock pin gig_ethernet_pcs_pma_0/inst/pcs_pma_block_i/transceiver_inst/gtwizard_inst/inst/gtwizard_i/gt0_GTWIZARD_i/gtrxreset_seq_i/sync_gtrxreset_in/reset_sync6/C is not reached by a timing clock
Related violations: <none>

TIMING-17#65 Critical Warning
Non-clocked sequential cell  
The clock pin gig_ethernet_pcs_pma_0/inst/pcs_pma_block_i/transceiver_inst/gtwizard_inst/inst/gtwizard_i/gt0_GTWIZARD_i/gtrxreset_seq_i/sync_rst/reset_sync1/C is not reached by a timing clock
Related violations: <none>

TIMING-17#66 Critical Warning
Non-clocked sequential cell  
The clock pin gig_ethernet_pcs_pma_0/inst/pcs_pma_block_i/transceiver_inst/gtwizard_inst/inst/gtwizard_i/gt0_GTWIZARD_i/gtrxreset_seq_i/sync_rst/reset_sync2/C is not reached by a timing clock
Related violations: <none>

TIMING-17#67 Critical Warning
Non-clocked sequential cell  
The clock pin gig_ethernet_pcs_pma_0/inst/pcs_pma_block_i/transceiver_inst/gtwizard_inst/inst/gtwizard_i/gt0_GTWIZARD_i/gtrxreset_seq_i/sync_rst/reset_sync3/C is not reached by a timing clock
Related violations: <none>

TIMING-17#68 Critical Warning
Non-clocked sequential cell  
The clock pin gig_ethernet_pcs_pma_0/inst/pcs_pma_block_i/transceiver_inst/gtwizard_inst/inst/gtwizard_i/gt0_GTWIZARD_i/gtrxreset_seq_i/sync_rst/reset_sync4/C is not reached by a timing clock
Related violations: <none>

TIMING-17#69 Critical Warning
Non-clocked sequential cell  
The clock pin gig_ethernet_pcs_pma_0/inst/pcs_pma_block_i/transceiver_inst/gtwizard_inst/inst/gtwizard_i/gt0_GTWIZARD_i/gtrxreset_seq_i/sync_rst/reset_sync5/C is not reached by a timing clock
Related violations: <none>

TIMING-17#70 Critical Warning
Non-clocked sequential cell  
The clock pin gig_ethernet_pcs_pma_0/inst/pcs_pma_block_i/transceiver_inst/gtwizard_inst/inst/gtwizard_i/gt0_GTWIZARD_i/gtrxreset_seq_i/sync_rst/reset_sync6/C is not reached by a timing clock
Related violations: <none>

TIMING-17#71 Critical Warning
Non-clocked sequential cell  
The clock pin gig_ethernet_pcs_pma_0/inst/pcs_pma_block_i/transceiver_inst/gtwizard_inst/inst/gtwizard_i/gt0_GTWIZARD_i/gtrxreset_seq_i/sync_rxpmaresetdone/data_sync_reg1/C is not reached by a timing clock
Related violations: <none>

TIMING-17#72 Critical Warning
Non-clocked sequential cell  
The clock pin gig_ethernet_pcs_pma_0/inst/pcs_pma_block_i/transceiver_inst/gtwizard_inst/inst/gtwizard_i/gt0_GTWIZARD_i/gtrxreset_seq_i/sync_rxpmaresetdone/data_sync_reg2/C is not reached by a timing clock
Related violations: <none>

TIMING-17#73 Critical Warning
Non-clocked sequential cell  
The clock pin gig_ethernet_pcs_pma_0/inst/pcs_pma_block_i/transceiver_inst/gtwizard_inst/inst/gtwizard_i/gt0_GTWIZARD_i/gtrxreset_seq_i/sync_rxpmaresetdone/data_sync_reg3/C is not reached by a timing clock
Related violations: <none>

TIMING-17#74 Critical Warning
Non-clocked sequential cell  
The clock pin gig_ethernet_pcs_pma_0/inst/pcs_pma_block_i/transceiver_inst/gtwizard_inst/inst/gtwizard_i/gt0_GTWIZARD_i/gtrxreset_seq_i/sync_rxpmaresetdone/data_sync_reg4/C is not reached by a timing clock
Related violations: <none>

TIMING-17#75 Critical Warning
Non-clocked sequential cell  
The clock pin gig_ethernet_pcs_pma_0/inst/pcs_pma_block_i/transceiver_inst/gtwizard_inst/inst/gtwizard_i/gt0_GTWIZARD_i/gtrxreset_seq_i/sync_rxpmaresetdone/data_sync_reg5/C is not reached by a timing clock
Related violations: <none>

TIMING-17#76 Critical Warning
Non-clocked sequential cell  
The clock pin gig_ethernet_pcs_pma_0/inst/pcs_pma_block_i/transceiver_inst/gtwizard_inst/inst/gtwizard_i/gt0_GTWIZARD_i/gtrxreset_seq_i/sync_rxpmaresetdone/data_sync_reg6/C is not reached by a timing clock
Related violations: <none>

LUTAR-1#1 Warning
LUT drives async reset alert  
LUT cell SiTCP/TIMER/SiTCP_i_1, with 2 or more inputs, drives asynchronous preset/clear pin(s) SiTCP/TIMER/usTim_reg[2]/CLR, SiTCP/TIMER/usTim_reg[3]/CLR,
SiTCP/TIMER/usTim_reg[4]/CLR, SiTCP/TIMER/usTim_reg[5]/CLR,
SiTCP/TIMER/usTim_reg[6]/CLR, SiTCP/TIMER/usTim_reg[7]/CLR,
gig_ethernet_pcs_pma_0/inst/core_resets_i/pma_reset_pipe_reg[0]/PRE,
gig_ethernet_pcs_pma_0/inst/core_resets_i/pma_reset_pipe_reg[1]/PRE,
gig_ethernet_pcs_pma_0/inst/core_resets_i/pma_reset_pipe_reg[2]/PRE,
gig_ethernet_pcs_pma_0/inst/core_resets_i/pma_reset_pipe_reg[3]/PRE,
rstCntr_reg[0]/CLR, rstCntr_reg[1]/CLR, rstCntr_reg[2]/CLR,
rstCntr_reg[3]/CLR, rstCntr_reg[4]/CLR (the first 15 of 42 listed). The LUT may glitch and trigger an unexpected reset, even if it is a properly timed path.
Related violations: <none>

LUTAR-1#2 Warning
LUT drives async reset alert  
LUT cell dbg_hub/inst/BSCANID.u_xsdbm_id/CORE_XSDB.UUT_MASTER/U_ICON_INTERFACE/U_CMD6_RD/U_RD_FIFO/SUBCORE_FIFO.xsdbm_v3_0_3_rdfifo_inst/inst_fifo_gen/gconvfifo.rf/grf.rf/rstblk/ngwrdrst.grst.g7serrst.gwrrd_rst_sync_stage[2].rrst_inst/ngwrdrst.grst.g7serrst.rd_rst_reg[2]_i_1, with 2 or more inputs, drives asynchronous preset/clear pin(s) dbg_hub/inst/BSCANID.u_xsdbm_id/CORE_XSDB.UUT_MASTER/U_ICON_INTERFACE/U_CMD6_RD/U_RD_FIFO/SUBCORE_FIFO.xsdbm_v3_0_3_rdfifo_inst/inst_fifo_gen/gconvfifo.rf/grf.rf/rstblk/ngwrdrst.grst.g7serrst.rd_rst_reg_reg[0]/PRE,
dbg_hub/inst/BSCANID.u_xsdbm_id/CORE_XSDB.UUT_MASTER/U_ICON_INTERFACE/U_CMD6_RD/U_RD_FIFO/SUBCORE_FIFO.xsdbm_v3_0_3_rdfifo_inst/inst_fifo_gen/gconvfifo.rf/grf.rf/rstblk/ngwrdrst.grst.g7serrst.rd_rst_reg_reg[1]/PRE
dbg_hub/inst/BSCANID.u_xsdbm_id/CORE_XSDB.UUT_MASTER/U_ICON_INTERFACE/U_CMD6_RD/U_RD_FIFO/SUBCORE_FIFO.xsdbm_v3_0_3_rdfifo_inst/inst_fifo_gen/gconvfifo.rf/grf.rf/rstblk/ngwrdrst.grst.g7serrst.rd_rst_reg_reg[2]/PRE. The LUT may glitch and trigger an unexpected reset, even if it is a properly timed path.
Related violations: <none>

LUTAR-1#3 Warning
LUT drives async reset alert  
LUT cell dbg_hub/inst/BSCANID.u_xsdbm_id/CORE_XSDB.UUT_MASTER/U_ICON_INTERFACE/U_CMD6_RD/U_RD_FIFO/SUBCORE_FIFO.xsdbm_v3_0_3_rdfifo_inst/inst_fifo_gen/gconvfifo.rf/grf.rf/rstblk/ngwrdrst.grst.g7serrst.gwrrd_rst_sync_stage[2].wrst_inst/ngwrdrst.grst.g7serrst.wr_rst_reg[2]_i_1, with 2 or more inputs, drives asynchronous preset/clear pin(s) dbg_hub/inst/BSCANID.u_xsdbm_id/CORE_XSDB.UUT_MASTER/U_ICON_INTERFACE/U_CMD6_RD/U_RD_FIFO/SUBCORE_FIFO.xsdbm_v3_0_3_rdfifo_inst/inst_fifo_gen/gconvfifo.rf/grf.rf/rstblk/ngwrdrst.grst.g7serrst.wr_rst_reg_reg[0]/PRE,
dbg_hub/inst/BSCANID.u_xsdbm_id/CORE_XSDB.UUT_MASTER/U_ICON_INTERFACE/U_CMD6_RD/U_RD_FIFO/SUBCORE_FIFO.xsdbm_v3_0_3_rdfifo_inst/inst_fifo_gen/gconvfifo.rf/grf.rf/rstblk/ngwrdrst.grst.g7serrst.wr_rst_reg_reg[1]/PRE
dbg_hub/inst/BSCANID.u_xsdbm_id/CORE_XSDB.UUT_MASTER/U_ICON_INTERFACE/U_CMD6_RD/U_RD_FIFO/SUBCORE_FIFO.xsdbm_v3_0_3_rdfifo_inst/inst_fifo_gen/gconvfifo.rf/grf.rf/rstblk/ngwrdrst.grst.g7serrst.wr_rst_reg_reg[2]/PRE. The LUT may glitch and trigger an unexpected reset, even if it is a properly timed path.
Related violations: <none>

LUTAR-1#4 Warning
LUT drives async reset alert  
LUT cell dbg_hub/inst/BSCANID.u_xsdbm_id/CORE_XSDB.UUT_MASTER/U_ICON_INTERFACE/U_CMD6_WR/U_WR_FIFO/SUBCORE_FIFO.xsdbm_v3_0_3_wrfifo_inst/inst_fifo_gen/gconvfifo.rf/grf.rf/rstblk/ngwrdrst.grst.g7serrst.gwrrd_rst_sync_stage[2].rrst_inst/ngwrdrst.grst.g7serrst.rd_rst_reg[2]_i_1, with 2 or more inputs, drives asynchronous preset/clear pin(s) dbg_hub/inst/BSCANID.u_xsdbm_id/CORE_XSDB.UUT_MASTER/U_ICON_INTERFACE/U_CMD6_WR/U_WR_FIFO/SUBCORE_FIFO.xsdbm_v3_0_3_wrfifo_inst/inst_fifo_gen/gconvfifo.rf/grf.rf/rstblk/ngwrdrst.grst.g7serrst.rd_rst_reg_reg[0]/PRE,
dbg_hub/inst/BSCANID.u_xsdbm_id/CORE_XSDB.UUT_MASTER/U_ICON_INTERFACE/U_CMD6_WR/U_WR_FIFO/SUBCORE_FIFO.xsdbm_v3_0_3_wrfifo_inst/inst_fifo_gen/gconvfifo.rf/grf.rf/rstblk/ngwrdrst.grst.g7serrst.rd_rst_reg_reg[1]/PRE
dbg_hub/inst/BSCANID.u_xsdbm_id/CORE_XSDB.UUT_MASTER/U_ICON_INTERFACE/U_CMD6_WR/U_WR_FIFO/SUBCORE_FIFO.xsdbm_v3_0_3_wrfifo_inst/inst_fifo_gen/gconvfifo.rf/grf.rf/rstblk/ngwrdrst.grst.g7serrst.rd_rst_reg_reg[2]/PRE. The LUT may glitch and trigger an unexpected reset, even if it is a properly timed path.
Related violations: <none>

LUTAR-1#5 Warning
LUT drives async reset alert  
LUT cell dbg_hub/inst/BSCANID.u_xsdbm_id/CORE_XSDB.UUT_MASTER/U_ICON_INTERFACE/U_CMD6_WR/U_WR_FIFO/SUBCORE_FIFO.xsdbm_v3_0_3_wrfifo_inst/inst_fifo_gen/gconvfifo.rf/grf.rf/rstblk/ngwrdrst.grst.g7serrst.gwrrd_rst_sync_stage[2].wrst_inst/ngwrdrst.grst.g7serrst.wr_rst_reg[2]_i_1, with 2 or more inputs, drives asynchronous preset/clear pin(s) dbg_hub/inst/BSCANID.u_xsdbm_id/CORE_XSDB.UUT_MASTER/U_ICON_INTERFACE/U_CMD6_WR/U_WR_FIFO/SUBCORE_FIFO.xsdbm_v3_0_3_wrfifo_inst/inst_fifo_gen/gconvfifo.rf/grf.rf/rstblk/ngwrdrst.grst.g7serrst.wr_rst_reg_reg[0]/PRE,
dbg_hub/inst/BSCANID.u_xsdbm_id/CORE_XSDB.UUT_MASTER/U_ICON_INTERFACE/U_CMD6_WR/U_WR_FIFO/SUBCORE_FIFO.xsdbm_v3_0_3_wrfifo_inst/inst_fifo_gen/gconvfifo.rf/grf.rf/rstblk/ngwrdrst.grst.g7serrst.wr_rst_reg_reg[1]/PRE
dbg_hub/inst/BSCANID.u_xsdbm_id/CORE_XSDB.UUT_MASTER/U_ICON_INTERFACE/U_CMD6_WR/U_WR_FIFO/SUBCORE_FIFO.xsdbm_v3_0_3_wrfifo_inst/inst_fifo_gen/gconvfifo.rf/grf.rf/rstblk/ngwrdrst.grst.g7serrst.wr_rst_reg_reg[2]/PRE. The LUT may glitch and trigger an unexpected reset, even if it is a properly timed path.
Related violations: <none>

LUTAR-1#6 Warning
LUT drives async reset alert  
LUT cell gig_ethernet_pcs_pma_0/inst/pcs_pma_block_i/gig_ethernet_pcs_pma_0_core/gpcs_pma_inst/HAS_MANAGEMENT.MDIO/MGT_RESET.RESET_INT_PIPE_i_1, with 2 or more inputs, drives asynchronous preset/clear pin(s) gig_ethernet_pcs_pma_0/inst/pcs_pma_block_i/gig_ethernet_pcs_pma_0_core/gpcs_pma_inst/MGT_RESET.RESET_INT_PIPE_reg/PRE
gig_ethernet_pcs_pma_0/inst/pcs_pma_block_i/gig_ethernet_pcs_pma_0_core/gpcs_pma_inst/MGT_RESET.RESET_INT_reg/PRE. The LUT may glitch and trigger an unexpected reset, even if it is a properly timed path.
Related violations: <none>

PDRC-190#1 Warning
Suboptimally placed synchronized register chain  
The FDPE cell gig_ethernet_pcs_pma_0/inst/pcs_pma_block_i/gig_ethernet_pcs_pma_0_core/gpcs_pma_inst/MGT_RESET.SYNC_ASYNC_RESET/reset_sync5 in site SLICE_X74Y191 is part of a synchronized register chain that is suboptimally placed as the load FDPE cell gig_ethernet_pcs_pma_0/inst/pcs_pma_block_i/gig_ethernet_pcs_pma_0_core/gpcs_pma_inst/MGT_RESET.SYNC_ASYNC_RESET/reset_sync6 is not placed in the same (SLICE) site.
Related violations: <none>

PDRC-190#2 Warning
Suboptimally placed synchronized register chain  
The FDPE cell gig_ethernet_pcs_pma_0/inst/pcs_pma_block_i/sgmii_logic/gen_sync_reset/reset_sync5 in site SLICE_X74Y193 is part of a synchronized register chain that is suboptimally placed as the load FDPE cell gig_ethernet_pcs_pma_0/inst/pcs_pma_block_i/sgmii_logic/gen_sync_reset/reset_sync6 is not placed in the same (SLICE) site.
Related violations: <none>

PDRC-190#3 Warning
Suboptimally placed synchronized register chain  
The FDPE cell gig_ethernet_pcs_pma_0/inst/pcs_pma_block_i/transceiver_inst/gtwizard_inst/inst/gtwizard_i/gt0_GTWIZARD_i/gtrxreset_seq_i/sync_gtrxreset_in/reset_sync5 in site SLICE_X71Y186 is part of a synchronized register chain that is suboptimally placed as the load FDPE cell gig_ethernet_pcs_pma_0/inst/pcs_pma_block_i/transceiver_inst/gtwizard_inst/inst/gtwizard_i/gt0_GTWIZARD_i/gtrxreset_seq_i/sync_gtrxreset_in/reset_sync6 is not placed in the same (SLICE) site.
Related violations: <none>

PDRC-190#4 Warning
Suboptimally placed synchronized register chain  
The FDPE cell gig_ethernet_pcs_pma_0/inst/pcs_pma_block_i/transceiver_inst/gtwizard_inst/inst/gtwizard_i/gt0_GTWIZARD_i/gtrxreset_seq_i/sync_rst/reset_sync5 in site SLICE_X65Y184 is part of a synchronized register chain that is suboptimally placed as the load FDPE cell gig_ethernet_pcs_pma_0/inst/pcs_pma_block_i/transceiver_inst/gtwizard_inst/inst/gtwizard_i/gt0_GTWIZARD_i/gtrxreset_seq_i/sync_rst/reset_sync6 is not placed in the same (SLICE) site.
Related violations: <none>

PDRC-190#5 Warning
Suboptimally placed synchronized register chain  
The FDPE cell gig_ethernet_pcs_pma_0/inst/pcs_pma_block_i/transceiver_inst/reclock_encommaalign/reset_sync5 in site SLICE_X81Y180 is part of a synchronized register chain that is suboptimally placed as the load FDPE cell gig_ethernet_pcs_pma_0/inst/pcs_pma_block_i/transceiver_inst/reclock_encommaalign/reset_sync6 is not placed in the same (SLICE) site.
Related violations: <none>

PDRC-190#6 Warning
Suboptimally placed synchronized register chain  
The FDPE cell gig_ethernet_pcs_pma_0/inst/pcs_pma_block_i/transceiver_inst/reclock_rxreset/reset_sync5 in site SLICE_X77Y179 is part of a synchronized register chain that is suboptimally placed as the load FDPE cell gig_ethernet_pcs_pma_0/inst/pcs_pma_block_i/transceiver_inst/reclock_rxreset/reset_sync6 is not placed in the same (SLICE) site.
Related violations: <none>

PDRC-190#7 Warning
Suboptimally placed synchronized register chain  
The FDPE cell gig_ethernet_pcs_pma_0/inst/pcs_pma_block_i/transceiver_inst/reclock_rxreset_indclk/reset_sync5 in site SLICE_X73Y194 is part of a synchronized register chain that is suboptimally placed as the load FDPE cell gig_ethernet_pcs_pma_0/inst/pcs_pma_block_i/transceiver_inst/reclock_rxreset_indclk/reset_sync6 is not placed in the same (SLICE) site.
Related violations: <none>

PDRC-190#8 Warning
Suboptimally placed synchronized register chain  
The FDPE cell gig_ethernet_pcs_pma_0/inst/pcs_pma_block_i/transceiver_inst/reclock_txreset/reset_sync5 in site SLICE_X71Y184 is part of a synchronized register chain that is suboptimally placed as the load FDPE cell gig_ethernet_pcs_pma_0/inst/pcs_pma_block_i/transceiver_inst/reclock_txreset/reset_sync6 is not placed in the same (SLICE) site.
Related violations: <none>

PDRC-190#9 Warning
Suboptimally placed synchronized register chain  
The FDRE cell gig_ethernet_pcs_pma_0/inst/pcs_pma_block_i/gig_ethernet_pcs_pma_0_core/gpcs_pma_inst/MGT_RESET.SRESET_PIPE_reg in site SLICE_X76Y193 is part of a synchronized register chain that is suboptimally placed as the load FDSE cell gig_ethernet_pcs_pma_0/inst/pcs_pma_block_i/gig_ethernet_pcs_pma_0_core/gpcs_pma_inst/MGT_RESET.SRESET_reg is not placed in the same (SLICE) site.
Related violations: <none>

PDRC-190#10 Warning
Suboptimally placed synchronized register chain  
The FDRE cell gig_ethernet_pcs_pma_0/inst/pcs_pma_block_i/transceiver_inst/gtwizard_inst/inst/gt0_rxresetfsm_i/sync_data_valid/data_sync_reg2 in site SLICE_X70Y193 is part of a synchronized register chain that is suboptimally placed as the load FDRE cell gig_ethernet_pcs_pma_0/inst/pcs_pma_block_i/transceiver_inst/gtwizard_inst/inst/gt0_rxresetfsm_i/sync_data_valid/data_sync_reg3 is not placed in the same (SLICE) site.
Related violations: <none>

TIMING-9#1 Warning
Unknown CDC Logic  
One or more asynchronous Clock Domain Crossing has been detected between 2 clock domains through a set_false_path or a set_clock_groups or set_max_delay -datapath_only constraint but no double-registers logic synchronizer has been found on the side of the capture clock. It is recommended to run report_cdc for a complete and detailed CDC coverage. Please consider using XPM_CDC to avoid Critical severities
Related violations: <none>

TIMING-10#1 Warning
Missing property on synchronizer  
One or more logic synchronizer has been detected between 2 clock domains but the synchronizer does not have the property ASYNC_REG defined on one or both registers. It is recommended to run report_cdc for a complete and detailed CDC coverage
Related violations: <none>

TIMING-11#1 Warning
Inappropriate max delay with datapath only option  
A max delay constraint with -datapath_only has been applied between SiTCP/SiTCP/GMII/GMII_RXCNT/orMacPause_reg/C and SiTCP/SiTCP/GMII/GMII_TXCNT/irMacPauseExe_reg[0]/D. The startpoint(s) and endpoint(s) either belong to the same clock domain or belong to two clock domains that can safely be timed together (without valid synchronizer). It is only recommended to use the -datapath_only option on paths between clocks that do not have a known phase relationship. This DRC is waived when a synchronizer is found on the path endpoint
Related violations: <none>

TIMING-18#1 Warning
Missing input or output delay  
An input delay is missing on ADC_D_N[0] relative to the rising and/or falling clock edge(s) of ADC_DCO_P[2], ADC_DCO_P[3].
Related violations: <none>

TIMING-18#2 Warning
Missing input or output delay  
An input delay is missing on ADC_D_N[10] relative to the rising and/or falling clock edge(s) of ADC_DCO_P[2], ADC_DCO_P[3].
Related violations: <none>

TIMING-18#3 Warning
Missing input or output delay  
An input delay is missing on ADC_D_N[11] relative to the rising and/or falling clock edge(s) of ADC_DCO_P[2], ADC_DCO_P[3].
Related violations: <none>

TIMING-18#4 Warning
Missing input or output delay  
An input delay is missing on ADC_D_N[12] relative to the rising and/or falling clock edge(s) of ADC_DCO_P[2], ADC_DCO_P[3].
Related violations: <none>

TIMING-18#5 Warning
Missing input or output delay  
An input delay is missing on ADC_D_N[13] relative to the rising and/or falling clock edge(s) of ADC_DCO_P[2], ADC_DCO_P[3].
Related violations: <none>

TIMING-18#6 Warning
Missing input or output delay  
An input delay is missing on ADC_D_N[14] relative to the rising and/or falling clock edge(s) of ADC_DCO_P[2], ADC_DCO_P[3].
Related violations: <none>

TIMING-18#7 Warning
Missing input or output delay  
An input delay is missing on ADC_D_N[15] relative to the rising and/or falling clock edge(s) of ADC_DCO_P[2], ADC_DCO_P[3].
Related violations: <none>

TIMING-18#8 Warning
Missing input or output delay  
An input delay is missing on ADC_D_N[16] relative to the rising and/or falling clock edge(s) of ADC_DCO_P[2], ADC_DCO_P[3].
Related violations: <none>

TIMING-18#9 Warning
Missing input or output delay  
An input delay is missing on ADC_D_N[17] relative to the rising and/or falling clock edge(s) of ADC_DCO_P[2], ADC_DCO_P[3].
Related violations: <none>

TIMING-18#10 Warning
Missing input or output delay  
An input delay is missing on ADC_D_N[18] relative to the rising and/or falling clock edge(s) of ADC_DCO_P[2], ADC_DCO_P[3].
Related violations: <none>

TIMING-18#11 Warning
Missing input or output delay  
An input delay is missing on ADC_D_N[19] relative to the rising and/or falling clock edge(s) of ADC_DCO_P[2], ADC_DCO_P[3].
Related violations: <none>

TIMING-18#12 Warning
Missing input or output delay  
An input delay is missing on ADC_D_N[1] relative to the rising and/or falling clock edge(s) of ADC_DCO_P[2], ADC_DCO_P[3].
Related violations: <none>

TIMING-18#13 Warning
Missing input or output delay  
An input delay is missing on ADC_D_N[20] relative to the rising and/or falling clock edge(s) of ADC_DCO_P[2], ADC_DCO_P[3].
Related violations: <none>

TIMING-18#14 Warning
Missing input or output delay  
An input delay is missing on ADC_D_N[21] relative to the rising and/or falling clock edge(s) of ADC_DCO_P[2], ADC_DCO_P[3].
Related violations: <none>

TIMING-18#15 Warning
Missing input or output delay  
An input delay is missing on ADC_D_N[22] relative to the rising and/or falling clock edge(s) of ADC_DCO_P[2], ADC_DCO_P[3].
Related violations: <none>

TIMING-18#16 Warning
Missing input or output delay  
An input delay is missing on ADC_D_N[23] relative to the rising and/or falling clock edge(s) of ADC_DCO_P[2], ADC_DCO_P[3].
Related violations: <none>

TIMING-18#17 Warning
Missing input or output delay  
An input delay is missing on ADC_D_N[2] relative to the rising and/or falling clock edge(s) of ADC_DCO_P[2], ADC_DCO_P[3].
Related violations: <none>

TIMING-18#18 Warning
Missing input or output delay  
An input delay is missing on ADC_D_N[3] relative to the rising and/or falling clock edge(s) of ADC_DCO_P[2], ADC_DCO_P[3].
Related violations: <none>

TIMING-18#19 Warning
Missing input or output delay  
An input delay is missing on ADC_D_N[4] relative to the rising and/or falling clock edge(s) of ADC_DCO_P[2], ADC_DCO_P[3].
Related violations: <none>

TIMING-18#20 Warning
Missing input or output delay  
An input delay is missing on ADC_D_N[5] relative to the rising and/or falling clock edge(s) of ADC_DCO_P[2], ADC_DCO_P[3].
Related violations: <none>

TIMING-18#21 Warning
Missing input or output delay  
An input delay is missing on ADC_D_N[6] relative to the rising and/or falling clock edge(s) of ADC_DCO_P[2], ADC_DCO_P[3].
Related violations: <none>

TIMING-18#22 Warning
Missing input or output delay  
An input delay is missing on ADC_D_N[7] relative to the rising and/or falling clock edge(s) of ADC_DCO_P[2], ADC_DCO_P[3].
Related violations: <none>

TIMING-18#23 Warning
Missing input or output delay  
An input delay is missing on ADC_D_N[8] relative to the rising and/or falling clock edge(s) of ADC_DCO_P[2], ADC_DCO_P[3].
Related violations: <none>

TIMING-18#24 Warning
Missing input or output delay  
An input delay is missing on ADC_D_N[9] relative to the rising and/or falling clock edge(s) of ADC_DCO_P[2], ADC_DCO_P[3].
Related violations: <none>

TIMING-18#25 Warning
Missing input or output delay  
An input delay is missing on ADC_D_P[0] relative to the rising and/or falling clock edge(s) of ADC_DCO_P[1], ADC_DCO_P[2].
Related violations: <none>

TIMING-18#26 Warning
Missing input or output delay  
An input delay is missing on ADC_D_P[10] relative to the rising and/or falling clock edge(s) of ADC_DCO_P[1], ADC_DCO_P[2].
Related violations: <none>

TIMING-18#27 Warning
Missing input or output delay  
An input delay is missing on ADC_D_P[11] relative to the rising and/or falling clock edge(s) of ADC_DCO_P[1], ADC_DCO_P[2].
Related violations: <none>

TIMING-18#28 Warning
Missing input or output delay  
An input delay is missing on ADC_D_P[12] relative to the rising and/or falling clock edge(s) of ADC_DCO_P[1], ADC_DCO_P[2].
Related violations: <none>

TIMING-18#29 Warning
Missing input or output delay  
An input delay is missing on ADC_D_P[13] relative to the rising and/or falling clock edge(s) of ADC_DCO_P[1], ADC_DCO_P[2].
Related violations: <none>

TIMING-18#30 Warning
Missing input or output delay  
An input delay is missing on ADC_D_P[14] relative to the rising and/or falling clock edge(s) of ADC_DCO_P[1], ADC_DCO_P[2].
Related violations: <none>

TIMING-18#31 Warning
Missing input or output delay  
An input delay is missing on ADC_D_P[15] relative to the rising and/or falling clock edge(s) of ADC_DCO_P[1], ADC_DCO_P[2].
Related violations: <none>

TIMING-18#32 Warning
Missing input or output delay  
An input delay is missing on ADC_D_P[16] relative to the rising and/or falling clock edge(s) of ADC_DCO_P[1], ADC_DCO_P[2].
Related violations: <none>

TIMING-18#33 Warning
Missing input or output delay  
An input delay is missing on ADC_D_P[17] relative to the rising and/or falling clock edge(s) of ADC_DCO_P[1], ADC_DCO_P[2].
Related violations: <none>

TIMING-18#34 Warning
Missing input or output delay  
An input delay is missing on ADC_D_P[18] relative to the rising and/or falling clock edge(s) of ADC_DCO_P[1], ADC_DCO_P[2].
Related violations: <none>

TIMING-18#35 Warning
Missing input or output delay  
An input delay is missing on ADC_D_P[19] relative to the rising and/or falling clock edge(s) of ADC_DCO_P[1], ADC_DCO_P[2].
Related violations: <none>

TIMING-18#36 Warning
Missing input or output delay  
An input delay is missing on ADC_D_P[1] relative to the rising and/or falling clock edge(s) of ADC_DCO_P[1], ADC_DCO_P[2].
Related violations: <none>

TIMING-18#37 Warning
Missing input or output delay  
An input delay is missing on ADC_D_P[20] relative to the rising and/or falling clock edge(s) of ADC_DCO_P[1], ADC_DCO_P[2].
Related violations: <none>

TIMING-18#38 Warning
Missing input or output delay  
An input delay is missing on ADC_D_P[21] relative to the rising and/or falling clock edge(s) of ADC_DCO_P[1], ADC_DCO_P[2].
Related violations: <none>

TIMING-18#39 Warning
Missing input or output delay  
An input delay is missing on ADC_D_P[22] relative to the rising and/or falling clock edge(s) of ADC_DCO_P[1], ADC_DCO_P[2].
Related violations: <none>

TIMING-18#40 Warning
Missing input or output delay  
An input delay is missing on ADC_D_P[23] relative to the rising and/or falling clock edge(s) of ADC_DCO_P[1], ADC_DCO_P[2].
Related violations: <none>

TIMING-18#41 Warning
Missing input or output delay  
An input delay is missing on ADC_D_P[2] relative to the rising and/or falling clock edge(s) of ADC_DCO_P[1], ADC_DCO_P[2].
Related violations: <none>

TIMING-18#42 Warning
Missing input or output delay  
An input delay is missing on ADC_D_P[3] relative to the rising and/or falling clock edge(s) of ADC_DCO_P[1], ADC_DCO_P[2].
Related violations: <none>

TIMING-18#43 Warning
Missing input or output delay  
An input delay is missing on ADC_D_P[4] relative to the rising and/or falling clock edge(s) of ADC_DCO_P[1], ADC_DCO_P[2].
Related violations: <none>

TIMING-18#44 Warning
Missing input or output delay  
An input delay is missing on ADC_D_P[5] relative to the rising and/or falling clock edge(s) of ADC_DCO_P[1], ADC_DCO_P[2].
Related violations: <none>

TIMING-18#45 Warning
Missing input or output delay  
An input delay is missing on ADC_D_P[6] relative to the rising and/or falling clock edge(s) of ADC_DCO_P[1], ADC_DCO_P[2].
Related violations: <none>

TIMING-18#46 Warning
Missing input or output delay  
An input delay is missing on ADC_D_P[7] relative to the rising and/or falling clock edge(s) of ADC_DCO_P[1], ADC_DCO_P[2].
Related violations: <none>

TIMING-18#47 Warning
Missing input or output delay  
An input delay is missing on ADC_D_P[8] relative to the rising and/or falling clock edge(s) of ADC_DCO_P[1], ADC_DCO_P[2].
Related violations: <none>

TIMING-18#48 Warning
Missing input or output delay  
An input delay is missing on ADC_D_P[9] relative to the rising and/or falling clock edge(s) of ADC_DCO_P[1], ADC_DCO_P[2].
Related violations: <none>

TIMING-18#49 Warning
Missing input or output delay  
An input delay is missing on ADC_FCO_P[1] relative to the rising and/or falling clock edge(s) of ADC_DCO_P[1], ADC_DCO_P[2], ADC_DCO_P[3].
Related violations: <none>

TIMING-18#50 Warning
Missing input or output delay  
An input delay is missing on ADC_FCO_P[2] relative to the rising and/or falling clock edge(s) of ADC_DCO_P[1], ADC_DCO_P[2], ADC_DCO_P[3].
Related violations: <none>

TIMING-18#51 Warning
Missing input or output delay  
An input delay is missing on ADC_FCO_P[3] relative to the rising and/or falling clock edge(s) of ADC_DCO_P[1], ADC_DCO_P[2], ADC_DCO_P[3].
Related violations: <none>

XDCB-5#1 Warning
Runtime inefficient way to find pin objects  
The option '-from : [get_pins -hier -filter {name =~ */GMII_RXBUF/cmpWrAddr_reg*/C}]' of constraint 'set_max_delay' uses inefficient query to find pin objects (see constraint position '26' in the Timing Constraint window in Vivado IDE). To reduce runtime, it is recommended to get the pins through the cell objects. Please refer to Using Constraints Guide (Constraints Efficiency). An example of optimal query is: get_pins -filter {REF_PIN_NAME=~yy*} -of_objects [get_cells -hierarchical xx*].
Current XDC: C:/Users/daq/Desktop/PAPILLON_asai/PAPILLON_v20251212/PAPILLON_v20251212.srcs/constrs_1/imports/papillon_24ch/constrs_1.xdc (Line: 703)
Related violations: <none>

XDCB-5#2 Warning
Runtime inefficient way to find pin objects  
The option '-from : [get_pins -hier -filter {name =~ */GMII_RXCNT/orMacPause_reg/C}]' of constraint 'set_max_delay' uses inefficient query to find pin objects (see constraint position '44' in the Timing Constraint window in Vivado IDE). To reduce runtime, it is recommended to get the pins through the cell objects. Please refer to Using Constraints Guide (Constraints Efficiency). An example of optimal query is: get_pins -filter {REF_PIN_NAME=~yy*} -of_objects [get_cells -hierarchical xx*].
Current XDC: C:/Users/daq/Desktop/PAPILLON_asai/PAPILLON_v20251212/PAPILLON_v20251212.srcs/constrs_1/imports/papillon_24ch/constrs_1.xdc (Line: 724)
Related violations: <none>

XDCB-5#3 Warning
Runtime inefficient way to find pin objects  
The option '-from : [get_pins -hier -filter {name =~ */GMII_RXCNT/orMacTim_reg*/C}]' of constraint 'set_max_delay' uses inefficient query to find pin objects (see constraint position '43' in the Timing Constraint window in Vivado IDE). To reduce runtime, it is recommended to get the pins through the cell objects. Please refer to Using Constraints Guide (Constraints Efficiency). An example of optimal query is: get_pins -filter {REF_PIN_NAME=~yy*} -of_objects [get_cells -hierarchical xx*].
Current XDC: C:/Users/daq/Desktop/PAPILLON_asai/PAPILLON_v20251212/PAPILLON_v20251212.srcs/constrs_1/imports/papillon_24ch/constrs_1.xdc (Line: 723)
Related violations: <none>

XDCB-5#4 Warning
Runtime inefficient way to find pin objects  
The option '-from : [get_pins -hier -filter {name =~ */GMII_TXBUF/dlyBank0LastWrAddr_reg*/C}]' of constraint 'set_max_delay' uses inefficient query to find pin objects (see constraint position '40' in the Timing Constraint window in Vivado IDE). To reduce runtime, it is recommended to get the pins through the cell objects. Please refer to Using Constraints Guide (Constraints Efficiency). An example of optimal query is: get_pins -filter {REF_PIN_NAME=~yy*} -of_objects [get_cells -hierarchical xx*].
Current XDC: C:/Users/daq/Desktop/PAPILLON_asai/PAPILLON_v20251212/PAPILLON_v20251212.srcs/constrs_1/imports/papillon_24ch/constrs_1.xdc (Line: 719)
Related violations: <none>

XDCB-5#5 Warning
Runtime inefficient way to find pin objects  
The option '-from : [get_pins -hier -filter {name =~ */GMII_TXBUF/dlyBank1LastWrAddr_reg*/C}]' of constraint 'set_max_delay' uses inefficient query to find pin objects (see constraint position '41' in the Timing Constraint window in Vivado IDE). To reduce runtime, it is recommended to get the pins through the cell objects. Please refer to Using Constraints Guide (Constraints Efficiency). An example of optimal query is: get_pins -filter {REF_PIN_NAME=~yy*} -of_objects [get_cells -hierarchical xx*].
Current XDC: C:/Users/daq/Desktop/PAPILLON_asai/PAPILLON_v20251212/PAPILLON_v20251212.srcs/constrs_1/imports/papillon_24ch/constrs_1.xdc (Line: 720)
Related violations: <none>

XDCB-5#6 Warning
Runtime inefficient way to find pin objects  
The option '-from : [get_pins -hier -filter {name =~ */GMII_TXBUF/memRdReq_reg*/C}]' of constraint 'set_max_delay' uses inefficient query to find pin objects (see constraint position '42' in the Timing Constraint window in Vivado IDE). To reduce runtime, it is recommended to get the pins through the cell objects. Please refer to Using Constraints Guide (Constraints Efficiency). An example of optimal query is: get_pins -filter {REF_PIN_NAME=~yy*} -of_objects [get_cells -hierarchical xx*].
Current XDC: C:/Users/daq/Desktop/PAPILLON_asai/PAPILLON_v20251212/PAPILLON_v20251212.srcs/constrs_1/imports/papillon_24ch/constrs_1.xdc (Line: 721)
Related violations: <none>

XDCB-5#7 Warning
Runtime inefficient way to find pin objects  
The option '-from : [get_pins -hier -filter {name =~ */GMII_TXBUF/muxEndTgl_reg/C}]' of constraint 'set_max_delay' uses inefficient query to find pin objects (see constraint position '28' in the Timing Constraint window in Vivado IDE). To reduce runtime, it is recommended to get the pins through the cell objects. Please refer to Using Constraints Guide (Constraints Efficiency). An example of optimal query is: get_pins -filter {REF_PIN_NAME=~yy*} -of_objects [get_cells -hierarchical xx*].
Current XDC: C:/Users/daq/Desktop/PAPILLON_asai/PAPILLON_v20251212/PAPILLON_v20251212.srcs/constrs_1/imports/papillon_24ch/constrs_1.xdc (Line: 705)
Related violations: <none>

XDCB-5#8 Warning
Runtime inefficient way to find pin objects  
The option '-from : [get_pins -hier -filter {name =~ */GMII_TXBUF/orRdAct_reg*/C}]' of constraint 'set_max_delay' uses inefficient query to find pin objects (see constraint position '27' in the Timing Constraint window in Vivado IDE). To reduce runtime, it is recommended to get the pins through the cell objects. Please refer to Using Constraints Guide (Constraints Efficiency). An example of optimal query is: get_pins -filter {REF_PIN_NAME=~yy*} -of_objects [get_cells -hierarchical xx*].
Current XDC: C:/Users/daq/Desktop/PAPILLON_asai/PAPILLON_v20251212/PAPILLON_v20251212.srcs/constrs_1/imports/papillon_24ch/constrs_1.xdc (Line: 704)
Related violations: <none>

XDCB-5#9 Warning
Runtime inefficient way to find pin objects  
The option '-from : [get_pins -hier -filter {name =~ */SiTCP_INT/SiTCP_RESET_OUT_reg*/C}]' of constraint 'set_false_path' uses inefficient query to find pin objects (see constraint position '45' in the Timing Constraint window in Vivado IDE). To reduce runtime, it is recommended to get the pins through the cell objects. Please refer to Using Constraints Guide (Constraints Efficiency). An example of optimal query is: get_pins -filter {REF_PIN_NAME=~yy*} -of_objects [get_cells -hierarchical xx*].
Current XDC: C:/Users/daq/Desktop/PAPILLON_asai/PAPILLON_v20251212/PAPILLON_v20251212.srcs/constrs_1/imports/papillon_24ch/constrs_1.xdc (Line: 726)
Related violations: <none>

XDCB-5#10 Warning
Runtime inefficient way to find pin objects  
The option '-from : [get_pins -hier -filter {name =~ */SiTCP_INT_REG/regX10Data_reg*/C}]' of constraint 'set_max_delay' uses inefficient query to find pin objects (see constraint position '29' in the Timing Constraint window in Vivado IDE). To reduce runtime, it is recommended to get the pins through the cell objects. Please refer to Using Constraints Guide (Constraints Efficiency). An example of optimal query is: get_pins -filter {REF_PIN_NAME=~yy*} -of_objects [get_cells -hierarchical xx*].
Current XDC: C:/Users/daq/Desktop/PAPILLON_asai/PAPILLON_v20251212/PAPILLON_v20251212.srcs/constrs_1/imports/papillon_24ch/constrs_1.xdc (Line: 707)
Related violations: <none>

XDCB-5#11 Warning
Runtime inefficient way to find pin objects  
The option '-from : [get_pins -hier -filter {name =~ */SiTCP_INT_REG/regX12Data_reg*/C}]' of constraint 'set_max_delay' uses inefficient query to find pin objects (see constraint position '30' in the Timing Constraint window in Vivado IDE). To reduce runtime, it is recommended to get the pins through the cell objects. Please refer to Using Constraints Guide (Constraints Efficiency). An example of optimal query is: get_pins -filter {REF_PIN_NAME=~yy*} -of_objects [get_cells -hierarchical xx*].
Current XDC: C:/Users/daq/Desktop/PAPILLON_asai/PAPILLON_v20251212/PAPILLON_v20251212.srcs/constrs_1/imports/papillon_24ch/constrs_1.xdc (Line: 708)
Related violations: <none>

XDCB-5#12 Warning
Runtime inefficient way to find pin objects  
The option '-from : [get_pins -hier -filter {name =~ */SiTCP_INT_REG/regX13Data_reg*/C}]' of constraint 'set_max_delay' uses inefficient query to find pin objects (see constraint position '31' in the Timing Constraint window in Vivado IDE). To reduce runtime, it is recommended to get the pins through the cell objects. Please refer to Using Constraints Guide (Constraints Efficiency). An example of optimal query is: get_pins -filter {REF_PIN_NAME=~yy*} -of_objects [get_cells -hierarchical xx*].
Current XDC: C:/Users/daq/Desktop/PAPILLON_asai/PAPILLON_v20251212/PAPILLON_v20251212.srcs/constrs_1/imports/papillon_24ch/constrs_1.xdc (Line: 709)
Related violations: <none>

XDCB-5#13 Warning
Runtime inefficient way to find pin objects  
The option '-from : [get_pins -hier -filter {name =~ */SiTCP_INT_REG/regX14Data_reg*/C}]' of constraint 'set_max_delay' uses inefficient query to find pin objects (see constraint position '32' in the Timing Constraint window in Vivado IDE). To reduce runtime, it is recommended to get the pins through the cell objects. Please refer to Using Constraints Guide (Constraints Efficiency). An example of optimal query is: get_pins -filter {REF_PIN_NAME=~yy*} -of_objects [get_cells -hierarchical xx*].
Current XDC: C:/Users/daq/Desktop/PAPILLON_asai/PAPILLON_v20251212/PAPILLON_v20251212.srcs/constrs_1/imports/papillon_24ch/constrs_1.xdc (Line: 710)
Related violations: <none>

XDCB-5#14 Warning
Runtime inefficient way to find pin objects  
The option '-from : [get_pins -hier -filter {name =~ */SiTCP_INT_REG/regX15Data_reg*/C}]' of constraint 'set_max_delay' uses inefficient query to find pin objects (see constraint position '33' in the Timing Constraint window in Vivado IDE). To reduce runtime, it is recommended to get the pins through the cell objects. Please refer to Using Constraints Guide (Constraints Efficiency). An example of optimal query is: get_pins -filter {REF_PIN_NAME=~yy*} -of_objects [get_cells -hierarchical xx*].
Current XDC: C:/Users/daq/Desktop/PAPILLON_asai/PAPILLON_v20251212/PAPILLON_v20251212.srcs/constrs_1/imports/papillon_24ch/constrs_1.xdc (Line: 711)
Related violations: <none>

XDCB-5#15 Warning
Runtime inefficient way to find pin objects  
The option '-from : [get_pins -hier -filter {name =~ */SiTCP_INT_REG/regX16Data_reg*/C}]' of constraint 'set_max_delay' uses inefficient query to find pin objects (see constraint position '34' in the Timing Constraint window in Vivado IDE). To reduce runtime, it is recommended to get the pins through the cell objects. Please refer to Using Constraints Guide (Constraints Efficiency). An example of optimal query is: get_pins -filter {REF_PIN_NAME=~yy*} -of_objects [get_cells -hierarchical xx*].
Current XDC: C:/Users/daq/Desktop/PAPILLON_asai/PAPILLON_v20251212/PAPILLON_v20251212.srcs/constrs_1/imports/papillon_24ch/constrs_1.xdc (Line: 712)
Related violations: <none>

XDCB-5#16 Warning
Runtime inefficient way to find pin objects  
The option '-from : [get_pins -hier -filter {name =~ */SiTCP_INT_REG/regX17Data_reg*/C}]' of constraint 'set_max_delay' uses inefficient query to find pin objects (see constraint position '35' in the Timing Constraint window in Vivado IDE). To reduce runtime, it is recommended to get the pins through the cell objects. Please refer to Using Constraints Guide (Constraints Efficiency). An example of optimal query is: get_pins -filter {REF_PIN_NAME=~yy*} -of_objects [get_cells -hierarchical xx*].
Current XDC: C:/Users/daq/Desktop/PAPILLON_asai/PAPILLON_v20251212/PAPILLON_v20251212.srcs/constrs_1/imports/papillon_24ch/constrs_1.xdc (Line: 713)
Related violations: <none>

XDCB-5#17 Warning
Runtime inefficient way to find pin objects  
The option '-from : [get_pins -hier -filter {name =~ */SiTCP_INT_REG/regX18Data_reg*/C}]' of constraint 'set_max_delay' uses inefficient query to find pin objects (see constraint position '36' in the Timing Constraint window in Vivado IDE). To reduce runtime, it is recommended to get the pins through the cell objects. Please refer to Using Constraints Guide (Constraints Efficiency). An example of optimal query is: get_pins -filter {REF_PIN_NAME=~yy*} -of_objects [get_cells -hierarchical xx*].
Current XDC: C:/Users/daq/Desktop/PAPILLON_asai/PAPILLON_v20251212/PAPILLON_v20251212.srcs/constrs_1/imports/papillon_24ch/constrs_1.xdc (Line: 714)
Related violations: <none>

XDCB-5#18 Warning
Runtime inefficient way to find pin objects  
The option '-from : [get_pins -hier -filter {name =~ */SiTCP_INT_REG/regX19Data_reg*/C}]' of constraint 'set_max_delay' uses inefficient query to find pin objects (see constraint position '37' in the Timing Constraint window in Vivado IDE). To reduce runtime, it is recommended to get the pins through the cell objects. Please refer to Using Constraints Guide (Constraints Efficiency). An example of optimal query is: get_pins -filter {REF_PIN_NAME=~yy*} -of_objects [get_cells -hierarchical xx*].
Current XDC: C:/Users/daq/Desktop/PAPILLON_asai/PAPILLON_v20251212/PAPILLON_v20251212.srcs/constrs_1/imports/papillon_24ch/constrs_1.xdc (Line: 715)
Related violations: <none>

XDCB-5#19 Warning
Runtime inefficient way to find pin objects  
The option '-from : [get_pins -hier -filter {name =~ */SiTCP_INT_REG/regX1AData_reg*/C}]' of constraint 'set_max_delay' uses inefficient query to find pin objects (see constraint position '38' in the Timing Constraint window in Vivado IDE). To reduce runtime, it is recommended to get the pins through the cell objects. Please refer to Using Constraints Guide (Constraints Efficiency). An example of optimal query is: get_pins -filter {REF_PIN_NAME=~yy*} -of_objects [get_cells -hierarchical xx*].
Current XDC: C:/Users/daq/Desktop/PAPILLON_asai/PAPILLON_v20251212/PAPILLON_v20251212.srcs/constrs_1/imports/papillon_24ch/constrs_1.xdc (Line: 716)
Related violations: <none>

XDCB-5#20 Warning
Runtime inefficient way to find pin objects  
The option '-from : [get_pins -hier -filter {name =~ */SiTCP_INT_REG/regX1BData_reg*/C}]' of constraint 'set_max_delay' uses inefficient query to find pin objects (see constraint position '39' in the Timing Constraint window in Vivado IDE). To reduce runtime, it is recommended to get the pins through the cell objects. Please refer to Using Constraints Guide (Constraints Efficiency). An example of optimal query is: get_pins -filter {REF_PIN_NAME=~yy*} -of_objects [get_cells -hierarchical xx*].
Current XDC: C:/Users/daq/Desktop/PAPILLON_asai/PAPILLON_v20251212/PAPILLON_v20251212.srcs/constrs_1/imports/papillon_24ch/constrs_1.xdc (Line: 717)
Related violations: <none>

XDCB-5#21 Warning
Runtime inefficient way to find pin objects  
The option '-from : [get_pins -hierarchical -filter {NAME =~ *ila_core_inst/u_trig/N_DDR_TC.N_DDR_TC_INST[*].U_TC/allx_typeA_match_detection.ltlib_v1_0_2_allx_typeA_inst/DUT/u_srl_drive/CLK}]' of constraint 'set_false_path' uses inefficient query to find pin objects (see constraint position '111' in the Timing Constraint window in Vivado IDE). To reduce runtime, it is recommended to get the pins through the cell objects. Please refer to Using Constraints Guide (Constraints Efficiency). An example of optimal query is: get_pins -filter {REF_PIN_NAME=~yy*} -of_objects [get_cells -hierarchical xx*].
Current XDC: c:/Users/daq/Desktop/PAPILLON_asai/PAPILLON_v20251212/PAPILLON_v20251212.runs/impl_1/.Xil/Vivado-3124-nudaq-win02/u_ila_0_CV.0/out/ila_early.xdc (Line: 72)
Related violations: <none>

XDCB-5#22 Warning
Runtime inefficient way to find pin objects  
The option '-to : [get_pins -hier -filter {name =~ */GMII_RXBUF/smpWrStatusAddr_reg*/D}]' of constraint 'set_max_delay' uses inefficient query to find pin objects (see constraint position '26' in the Timing Constraint window in Vivado IDE). To reduce runtime, it is recommended to get the pins through the cell objects. Please refer to Using Constraints Guide (Constraints Efficiency). An example of optimal query is: get_pins -filter {REF_PIN_NAME=~yy*} -of_objects [get_cells -hierarchical xx*].
Current XDC: C:/Users/daq/Desktop/PAPILLON_asai/PAPILLON_v20251212/PAPILLON_v20251212.srcs/constrs_1/imports/papillon_24ch/constrs_1.xdc (Line: 703)
Related violations: <none>

XDCB-5#23 Warning
Runtime inefficient way to find pin objects  
The option '-to : [get_pins -hier -filter {name =~ */GMII_RXCNT/irMacFlowEnb_reg/D}]' of constraint 'set_max_delay' uses inefficient query to find pin objects (see constraint position '29' in the Timing Constraint window in Vivado IDE). To reduce runtime, it is recommended to get the pins through the cell objects. Please refer to Using Constraints Guide (Constraints Efficiency). An example of optimal query is: get_pins -filter {REF_PIN_NAME=~yy*} -of_objects [get_cells -hierarchical xx*].
Current XDC: C:/Users/daq/Desktop/PAPILLON_asai/PAPILLON_v20251212/PAPILLON_v20251212.srcs/constrs_1/imports/papillon_24ch/constrs_1.xdc (Line: 707)
Related violations: <none>

XDCB-5#24 Warning
Runtime inefficient way to find pin objects  
The option '-to : [get_pins -hier -filter {name =~ */GMII_RXCNT/muxMyIp_reg*/D}]' of constraint 'set_max_delay' uses inefficient query to find pin objects (see constraint position '36' in the Timing Constraint window in Vivado IDE). To reduce runtime, it is recommended to get the pins through the cell objects. Please refer to Using Constraints Guide (Constraints Efficiency). An example of optimal query is: get_pins -filter {REF_PIN_NAME=~yy*} -of_objects [get_cells -hierarchical xx*].
Current XDC: C:/Users/daq/Desktop/PAPILLON_asai/PAPILLON_v20251212/PAPILLON_v20251212.srcs/constrs_1/imports/papillon_24ch/constrs_1.xdc (Line: 714)
Related violations: <none>

XDCB-5#25 Warning
Runtime inefficient way to find pin objects  
The option '-to : [get_pins -hier -filter {name =~ */GMII_RXCNT/muxMyIp_reg*/D}]' of constraint 'set_max_delay' uses inefficient query to find pin objects (see constraint position '37' in the Timing Constraint window in Vivado IDE). To reduce runtime, it is recommended to get the pins through the cell objects. Please refer to Using Constraints Guide (Constraints Efficiency). An example of optimal query is: get_pins -filter {REF_PIN_NAME=~yy*} -of_objects [get_cells -hierarchical xx*].
Current XDC: C:/Users/daq/Desktop/PAPILLON_asai/PAPILLON_v20251212/PAPILLON_v20251212.srcs/constrs_1/imports/papillon_24ch/constrs_1.xdc (Line: 715)
Related violations: <none>

XDCB-5#26 Warning
Runtime inefficient way to find pin objects  
The option '-to : [get_pins -hier -filter {name =~ */GMII_RXCNT/muxMyIp_reg*/D}]' of constraint 'set_max_delay' uses inefficient query to find pin objects (see constraint position '38' in the Timing Constraint window in Vivado IDE). To reduce runtime, it is recommended to get the pins through the cell objects. Please refer to Using Constraints Guide (Constraints Efficiency). An example of optimal query is: get_pins -filter {REF_PIN_NAME=~yy*} -of_objects [get_cells -hierarchical xx*].
Current XDC: C:/Users/daq/Desktop/PAPILLON_asai/PAPILLON_v20251212/PAPILLON_v20251212.srcs/constrs_1/imports/papillon_24ch/constrs_1.xdc (Line: 716)
Related violations: <none>

XDCB-5#27 Warning
Runtime inefficient way to find pin objects  
The option '-to : [get_pins -hier -filter {name =~ */GMII_RXCNT/muxMyIp_reg*/D}]' of constraint 'set_max_delay' uses inefficient query to find pin objects (see constraint position '39' in the Timing Constraint window in Vivado IDE). To reduce runtime, it is recommended to get the pins through the cell objects. Please refer to Using Constraints Guide (Constraints Efficiency). An example of optimal query is: get_pins -filter {REF_PIN_NAME=~yy*} -of_objects [get_cells -hierarchical xx*].
Current XDC: C:/Users/daq/Desktop/PAPILLON_asai/PAPILLON_v20251212/PAPILLON_v20251212.srcs/constrs_1/imports/papillon_24ch/constrs_1.xdc (Line: 717)
Related violations: <none>

XDCB-5#28 Warning
Runtime inefficient way to find pin objects  
The option '-to : [get_pins -hier -filter {name =~ */GMII_RXCNT/muxMyMac_reg*/D}]' of constraint 'set_max_delay' uses inefficient query to find pin objects (see constraint position '30' in the Timing Constraint window in Vivado IDE). To reduce runtime, it is recommended to get the pins through the cell objects. Please refer to Using Constraints Guide (Constraints Efficiency). An example of optimal query is: get_pins -filter {REF_PIN_NAME=~yy*} -of_objects [get_cells -hierarchical xx*].
Current XDC: C:/Users/daq/Desktop/PAPILLON_asai/PAPILLON_v20251212/PAPILLON_v20251212.srcs/constrs_1/imports/papillon_24ch/constrs_1.xdc (Line: 708)
Related violations: <none>

XDCB-5#29 Warning
Runtime inefficient way to find pin objects  
The option '-to : [get_pins -hier -filter {name =~ */GMII_RXCNT/muxMyMac_reg*/D}]' of constraint 'set_max_delay' uses inefficient query to find pin objects (see constraint position '31' in the Timing Constraint window in Vivado IDE). To reduce runtime, it is recommended to get the pins through the cell objects. Please refer to Using Constraints Guide (Constraints Efficiency). An example of optimal query is: get_pins -filter {REF_PIN_NAME=~yy*} -of_objects [get_cells -hierarchical xx*].
Current XDC: C:/Users/daq/Desktop/PAPILLON_asai/PAPILLON_v20251212/PAPILLON_v20251212.srcs/constrs_1/imports/papillon_24ch/constrs_1.xdc (Line: 709)
Related violations: <none>

XDCB-5#30 Warning
Runtime inefficient way to find pin objects  
The option '-to : [get_pins -hier -filter {name =~ */GMII_RXCNT/muxMyMac_reg*/D}]' of constraint 'set_max_delay' uses inefficient query to find pin objects (see constraint position '32' in the Timing Constraint window in Vivado IDE). To reduce runtime, it is recommended to get the pins through the cell objects. Please refer to Using Constraints Guide (Constraints Efficiency). An example of optimal query is: get_pins -filter {REF_PIN_NAME=~yy*} -of_objects [get_cells -hierarchical xx*].
Current XDC: C:/Users/daq/Desktop/PAPILLON_asai/PAPILLON_v20251212/PAPILLON_v20251212.srcs/constrs_1/imports/papillon_24ch/constrs_1.xdc (Line: 710)
Related violations: <none>

XDCB-5#31 Warning
Runtime inefficient way to find pin objects  
The option '-to : [get_pins -hier -filter {name =~ */GMII_RXCNT/muxMyMac_reg*/D}]' of constraint 'set_max_delay' uses inefficient query to find pin objects (see constraint position '33' in the Timing Constraint window in Vivado IDE). To reduce runtime, it is recommended to get the pins through the cell objects. Please refer to Using Constraints Guide (Constraints Efficiency). An example of optimal query is: get_pins -filter {REF_PIN_NAME=~yy*} -of_objects [get_cells -hierarchical xx*].
Current XDC: C:/Users/daq/Desktop/PAPILLON_asai/PAPILLON_v20251212/PAPILLON_v20251212.srcs/constrs_1/imports/papillon_24ch/constrs_1.xdc (Line: 711)
Related violations: <none>

XDCB-5#32 Warning
Runtime inefficient way to find pin objects  
The option '-to : [get_pins -hier -filter {name =~ */GMII_RXCNT/muxMyMac_reg*/D}]' of constraint 'set_max_delay' uses inefficient query to find pin objects (see constraint position '34' in the Timing Constraint window in Vivado IDE). To reduce runtime, it is recommended to get the pins through the cell objects. Please refer to Using Constraints Guide (Constraints Efficiency). An example of optimal query is: get_pins -filter {REF_PIN_NAME=~yy*} -of_objects [get_cells -hierarchical xx*].
Current XDC: C:/Users/daq/Desktop/PAPILLON_asai/PAPILLON_v20251212/PAPILLON_v20251212.srcs/constrs_1/imports/papillon_24ch/constrs_1.xdc (Line: 712)
Related violations: <none>

XDCB-5#33 Warning
Runtime inefficient way to find pin objects  
The option '-to : [get_pins -hier -filter {name =~ */GMII_RXCNT/muxMyMac_reg*/D}]' of constraint 'set_max_delay' uses inefficient query to find pin objects (see constraint position '35' in the Timing Constraint window in Vivado IDE). To reduce runtime, it is recommended to get the pins through the cell objects. Please refer to Using Constraints Guide (Constraints Efficiency). An example of optimal query is: get_pins -filter {REF_PIN_NAME=~yy*} -of_objects [get_cells -hierarchical xx*].
Current XDC: C:/Users/daq/Desktop/PAPILLON_asai/PAPILLON_v20251212/PAPILLON_v20251212.srcs/constrs_1/imports/papillon_24ch/constrs_1.xdc (Line: 713)
Related violations: <none>

XDCB-5#34 Warning
Runtime inefficient way to find pin objects  
The option '-to : [get_pins -hier -filter {name =~ */GMII_TXBUF/irMemRdReq_reg*/D}]' of constraint 'set_max_delay' uses inefficient query to find pin objects (see constraint position '42' in the Timing Constraint window in Vivado IDE). To reduce runtime, it is recommended to get the pins through the cell objects. Please refer to Using Constraints Guide (Constraints Efficiency). An example of optimal query is: get_pins -filter {REF_PIN_NAME=~yy*} -of_objects [get_cells -hierarchical xx*].
Current XDC: C:/Users/daq/Desktop/PAPILLON_asai/PAPILLON_v20251212/PAPILLON_v20251212.srcs/constrs_1/imports/papillon_24ch/constrs_1.xdc (Line: 721)
Related violations: <none>

XDCB-5#35 Warning
Runtime inefficient way to find pin objects  
The option '-to : [get_pins -hier -filter {name =~ */GMII_TXBUF/irRdAct_reg*/D}]' of constraint 'set_max_delay' uses inefficient query to find pin objects (see constraint position '27' in the Timing Constraint window in Vivado IDE). To reduce runtime, it is recommended to get the pins through the cell objects. Please refer to Using Constraints Guide (Constraints Efficiency). An example of optimal query is: get_pins -filter {REF_PIN_NAME=~yy*} -of_objects [get_cells -hierarchical xx*].
Current XDC: C:/Users/daq/Desktop/PAPILLON_asai/PAPILLON_v20251212/PAPILLON_v20251212.srcs/constrs_1/imports/papillon_24ch/constrs_1.xdc (Line: 704)
Related violations: <none>

XDCB-5#36 Warning
Runtime inefficient way to find pin objects  
The option '-to : [get_pins -hier -filter {name =~ */GMII_TXBUF/rsmpBank0LastWrAddr_reg*/D}]' of constraint 'set_max_delay' uses inefficient query to find pin objects (see constraint position '40' in the Timing Constraint window in Vivado IDE). To reduce runtime, it is recommended to get the pins through the cell objects. Please refer to Using Constraints Guide (Constraints Efficiency). An example of optimal query is: get_pins -filter {REF_PIN_NAME=~yy*} -of_objects [get_cells -hierarchical xx*].
Current XDC: C:/Users/daq/Desktop/PAPILLON_asai/PAPILLON_v20251212/PAPILLON_v20251212.srcs/constrs_1/imports/papillon_24ch/constrs_1.xdc (Line: 719)
Related violations: <none>

XDCB-5#37 Warning
Runtime inefficient way to find pin objects  
The option '-to : [get_pins -hier -filter {name =~ */GMII_TXBUF/rsmpBank1LastWrAddr_reg*/D}]' of constraint 'set_max_delay' uses inefficient query to find pin objects (see constraint position '41' in the Timing Constraint window in Vivado IDE). To reduce runtime, it is recommended to get the pins through the cell objects. Please refer to Using Constraints Guide (Constraints Efficiency). An example of optimal query is: get_pins -filter {REF_PIN_NAME=~yy*} -of_objects [get_cells -hierarchical xx*].
Current XDC: C:/Users/daq/Desktop/PAPILLON_asai/PAPILLON_v20251212/PAPILLON_v20251212.srcs/constrs_1/imports/papillon_24ch/constrs_1.xdc (Line: 720)
Related violations: <none>

XDCB-5#38 Warning
Runtime inefficient way to find pin objects  
The option '-to : [get_pins -hier -filter {name =~ */GMII_TXBUF/rsmpMuxTrnsEnd_reg*/D}]' of constraint 'set_max_delay' uses inefficient query to find pin objects (see constraint position '28' in the Timing Constraint window in Vivado IDE). To reduce runtime, it is recommended to get the pins through the cell objects. Please refer to Using Constraints Guide (Constraints Efficiency). An example of optimal query is: get_pins -filter {REF_PIN_NAME=~yy*} -of_objects [get_cells -hierarchical xx*].
Current XDC: C:/Users/daq/Desktop/PAPILLON_asai/PAPILLON_v20251212/PAPILLON_v20251212.srcs/constrs_1/imports/papillon_24ch/constrs_1.xdc (Line: 705)
Related violations: <none>

XDCB-5#39 Warning
Runtime inefficient way to find pin objects  
The option '-to : [get_pins -hier -filter {name =~ */GMII_TXCNT/irMacPauseExe_reg[0]/D}]' of constraint 'set_max_delay' uses inefficient query to find pin objects (see constraint position '44' in the Timing Constraint window in Vivado IDE). To reduce runtime, it is recommended to get the pins through the cell objects. Please refer to Using Constraints Guide (Constraints Efficiency). An example of optimal query is: get_pins -filter {REF_PIN_NAME=~yy*} -of_objects [get_cells -hierarchical xx*].
Current XDC: C:/Users/daq/Desktop/PAPILLON_asai/PAPILLON_v20251212/PAPILLON_v20251212.srcs/constrs_1/imports/papillon_24ch/constrs_1.xdc (Line: 724)
Related violations: <none>

XDCB-5#40 Warning
Runtime inefficient way to find pin objects  
The option '-to : [get_pins -hier -filter {name =~ */GMII_TXCNT/irMacPauseTime_reg*/D}]' of constraint 'set_max_delay' uses inefficient query to find pin objects (see constraint position '43' in the Timing Constraint window in Vivado IDE). To reduce runtime, it is recommended to get the pins through the cell objects. Please refer to Using Constraints Guide (Constraints Efficiency). An example of optimal query is: get_pins -filter {REF_PIN_NAME=~yy*} -of_objects [get_cells -hierarchical xx*].
Current XDC: C:/Users/daq/Desktop/PAPILLON_asai/PAPILLON_v20251212/PAPILLON_v20251212.srcs/constrs_1/imports/papillon_24ch/constrs_1.xdc (Line: 723)
Related violations: <none>

XDCB-5#41 Warning
Runtime inefficient way to find pin objects  
The option '-to : [get_pins -hierarchical -filter {NAME =~ *ila_core_inst/u_trig/N_DDR_TC.N_DDR_TC_INST[*].U_TC/yes_output_reg.dout_reg_reg/D}]' of constraint 'set_false_path' uses inefficient query to find pin objects (see constraint position '111' in the Timing Constraint window in Vivado IDE). To reduce runtime, it is recommended to get the pins through the cell objects. Please refer to Using Constraints Guide (Constraints Efficiency). An example of optimal query is: get_pins -filter {REF_PIN_NAME=~yy*} -of_objects [get_cells -hierarchical xx*].
Current XDC: c:/Users/daq/Desktop/PAPILLON_asai/PAPILLON_v20251212/PAPILLON_v20251212.runs/impl_1/.Xil/Vivado-3124-nudaq-win02/u_ila_0_CV.0/out/ila_early.xdc (Line: 72)
Related violations: <none>


