Copyright 1986-2022 Xilinx, Inc. All Rights Reserved. Copyright 2022-2024 Advanced Micro Devices, Inc. All Rights Reserved.
---------------------------------------------------------------------------------------------------------------------------------------------
| Tool Version : Vivado v.2024.2 (win64) Build 5239630 Fri Nov 08 22:35:27 MST 2024
| Date         : Tue Mar 10 13:44:21 2026
| Host         : nudaq-win02 running 64-bit major release  (build 9200)
| Command      : report_clock_utilization -file ADC_SiTCP_V20_clock_utilization_routed.rpt
| Design       : ADC_SiTCP_V20
| Device       : 7a100t-fgg484
| Speed File   : -1  PRODUCTION 1.23 2018-06-13
| Design State : Routed
---------------------------------------------------------------------------------------------------------------------------------------------

Clock Utilization Report

Table of Contents
-----------------
1. Clock Primitive Utilization
2. Global Clock Resources
3. Global Clock Source Details
4. Local Clock Details
5. Clock Regions: Key Resource Utilization
6. Clock Regions : Global Clock Summary
7. Device Cell Placement Summary for Global Clock g0
8. Device Cell Placement Summary for Global Clock g1
9. Device Cell Placement Summary for Global Clock g2
10. Device Cell Placement Summary for Global Clock g3
11. Device Cell Placement Summary for Global Clock g4
12. Device Cell Placement Summary for Global Clock g5
13. Device Cell Placement Summary for Global Clock g6
14. Device Cell Placement Summary for Global Clock g7
15. Device Cell Placement Summary for Global Clock g8
16. Device Cell Placement Summary for Global Clock g9
17. Device Cell Placement Summary for Global Clock g10
18. Device Cell Placement Summary for Global Clock g11
19. Device Cell Placement Summary for Global Clock g12
20. Device Cell Placement Summary for Global Clock g13
21. Device Cell Placement Summary for Global Clock g14
22. Device Cell Placement Summary for Global Clock g15
23. Clock Region Cell Placement per Global Clock: Region X0Y0
24. Clock Region Cell Placement per Global Clock: Region X1Y0
25. Clock Region Cell Placement per Global Clock: Region X0Y1
26. Clock Region Cell Placement per Global Clock: Region X1Y1
27. Clock Region Cell Placement per Global Clock: Region X0Y2
28. Clock Region Cell Placement per Global Clock: Region X1Y2
29. Clock Region Cell Placement per Global Clock: Region X0Y3
30. Clock Region Cell Placement per Global Clock: Region X1Y3

1. Clock Primitive Utilization
------------------------------

+----------+------+-----------+-----+--------------+--------+
| Type     | Used | Available | LOC | Clock Region | Pblock |
+----------+------+-----------+-----+--------------+--------+
| BUFGCTRL |   13 |        32 |   0 |            0 |      0 |
| BUFH     |    0 |        96 |   0 |            0 |      0 |
| BUFIO    |    3 |        24 |   3 |            0 |      0 |
| BUFMR    |    0 |        12 |   0 |            0 |      0 |
| BUFR     |    3 |        24 |   0 |            0 |      0 |
| MMCM     |    3 |         6 |   0 |            0 |      0 |
| PLL      |    0 |         6 |   0 |            0 |      0 |
+----------+------+-----------+-----+--------------+--------+


2. Global Clock Resources
-------------------------

+-----------+-----------+-----------------+------------+----------------+--------------+-------------------+-------------+-----------------+--------------+----------------------------------------------------------------------------------------------------------------------------+----------------------------------------------------------------------+-----------------------------------------------------------+
| Global Id | Source Id | Driver Type/Pin | Constraint | Site           | Clock Region | Load Clock Region | Clock Loads | Non-Clock Loads | Clock Period | Clock                                                                                                                      | Driver Pin                                                           | Net                                                       |
+-----------+-----------+-----------------+------------+----------------+--------------+-------------------+-------------+-----------------+--------------+----------------------------------------------------------------------------------------------------------------------------+----------------------------------------------------------------------+-----------------------------------------------------------+
| g0        | src0      | BUFG/O          | None       | BUFGCTRL_X0Y21 | n/a          |                 8 |       38789 |               0 |        6.250 | clk_out1_SYSCLK0                                                                                                           | SYSCLK0/inst/clkout1_buf/O                                           | SYSCLK0/inst/clk_out1                                     |
| g1        | src1      | BUFG/O          | None       | BUFGCTRL_X0Y19 | n/a          |                 3 |        1449 |               0 |        8.000 | clkout0                                                                                                                    | gig_ethernet_pcs_pma_0/inst/core_clocking_i/bufg_userclk2/O          | gig_ethernet_pcs_pma_0/inst/core_clocking_i/userclk2      |
| g2        | src1      | BUFGCTRL/O      | None       | BUFGCTRL_X0Y20 | n/a          |                 4 |        1234 |               0 |        8.000 | clkout0                                                                                                                    | BUF_SGMII1/O                                                         | GMII_CLK                                                  |
| g2        | src2      | BUFGCTRL/O      | None       | BUFGCTRL_X0Y20 | n/a          |                 4 |        1234 |               0 |        8.000 | clkout0                                                                                                                    | BUF_SGMII1/O                                                         | GMII_CLK                                                  |
| g3        | src3      | BUFG/O          | None       | BUFGCTRL_X0Y2  | n/a          |                 1 |         461 |               0 |       33.000 | dbg_hub/inst/BSCANID.u_xsdbm_id/SWITCH_N_EXT_BSCAN.bscan_inst/SERIES7_BSCAN.bscan_inst/TCK                                 | dbg_hub/inst/BSCANID.u_xsdbm_id/SWITCH_N_EXT_BSCAN.u_bufg_icon_tck/O | dbg_hub/inst/BSCANID.u_xsdbm_id/itck_i                    |
| g4        | src4      | BUFG/O          | None       | BUFGCTRL_X0Y16 | n/a          |                 2 |         374 |               0 |       16.000 | gig_ethernet_pcs_pma_0/inst/pcs_pma_block_i/transceiver_inst/gtwizard_inst/inst/gtwizard_i/gt0_GTWIZARD_i/gtpe2_i/RXOUTCLK | gig_ethernet_pcs_pma_0/inst/core_clocking_i/rxrecclkbufg/O           | gig_ethernet_pcs_pma_0/inst/core_clocking_i/rxuserclk2    |
| g5        | src5      | BUFG/O          | None       | BUFGCTRL_X0Y17 | n/a          |                 1 |         231 |               0 |              |                                                                                                                            | gig_ethernet_pcs_pma_0/inst/core_clocking_i/bufg_gtrefclk/O          | gig_ethernet_pcs_pma_0/inst/core_clocking_i/gtrefclk_bufg |
| g6        | src6      | BUFR/O          | None       | BUFR_X0Y1      | X0Y0         |                 1 |         185 |               0 |        6.249 | CLK_DIV_OUT                                                                                                                | ADC1_IF/adc/inst/clkout_buf_inst/O                                   | ADC1_IF/adc/inst/clkout_buf_inst_0                        |
| g7        | src7      | BUFR/O          | None       | BUFR_X1Y5      | X1Y1         |                 1 |         185 |               0 |        6.249 | CLK_DIV_OUT_1                                                                                                              | ADC2_IF/adc/inst/clkout_buf_inst/O                                   | ADC2_IF/adc/inst/clkout_buf_inst_0                        |
| g8        | src8      | BUFR/O          | None       | BUFR_X1Y9      | X1Y2         |                 1 |         185 |               0 |        6.249 | CLK_DIV_OUT_2                                                                                                              | ADC3_IF/adc/inst/clkout_buf_inst/O                                   | ADC3_IF/adc/inst/clkout_buf_inst_0                        |
| g9        | src9      | BUFG/O          | None       | BUFGCTRL_X0Y18 | n/a          |                 2 |         126 |               0 |       16.000 | clkout1                                                                                                                    | gig_ethernet_pcs_pma_0/inst/core_clocking_i/bufg_userclk/O           | gig_ethernet_pcs_pma_0/inst/core_clocking_i/userclk       |
| g10       | src10     | BUFG/O          | None       | BUFGCTRL_X0Y1  | n/a          |                 3 |           3 |               0 |        5.000 | clk_out1_SYSCLK2                                                                                                           | SYSCLK2/inst/clkout1_buf/O                                           | SYSCLK2/inst/clk_out1                                     |
| g11       | src11     | BUFG/O          | None       | BUFGCTRL_X0Y0  | n/a          |                 3 |           3 |               0 |       12.500 | clk_out2_SYSCLK2                                                                                                           | SYSCLK2/inst/clkout2_buf/O                                           | SYSCLK2/inst/clk_out2                                     |
| g12       | src12     | BUFG/O          | None       | BUFGCTRL_X0Y23 | n/a          |                 1 |           1 |               0 |       10.000 | clk_out3_SYSCLK0                                                                                                           | SYSCLK0/inst/clkout3_buf/O                                           | SYSCLK0/inst/clk_out3                                     |
| g13       | src13     | BUFG/O          | None       | BUFGCTRL_X0Y22 | n/a          |                 1 |           1 |               0 |       12.500 | clkfbout_SYSCLK0                                                                                                           | SYSCLK0/inst/clkf_buf/O                                              | SYSCLK0/inst/clkfbout_buf_SYSCLK0                         |
| g14       | src14     | BUFG/O          | None       | BUFGCTRL_X0Y3  | n/a          |                 1 |           1 |               0 |       10.000 | clkfbout_SYSCLK2                                                                                                           | SYSCLK2/inst/clkf_buf/O                                              | SYSCLK2/inst/clkfbout_buf_SYSCLK2                         |
| g15       | src15     | BUFG/O          | None       | BUFGCTRL_X0Y24 | n/a          |                 1 |           1 |               0 |       16.000 | gig_ethernet_pcs_pma_0/inst/pcs_pma_block_i/transceiver_inst/gtwizard_inst/inst/gtwizard_i/gt0_GTWIZARD_i/gtpe2_i/TXOUTCLK | gig_ethernet_pcs_pma_0/inst/core_clocking_i/bufg_txoutclk/O          | gig_ethernet_pcs_pma_0/inst/core_clocking_i/txoutclk_bufg |
+-----------+-----------+-----------------+------------+----------------+--------------+-------------------+-------------+-----------------+--------------+----------------------------------------------------------------------------------------------------------------------------+----------------------------------------------------------------------+-----------------------------------------------------------+
* Clock Loads column represents cell count of net connects that connect to a clock pin. Internal cell leaf pins are not considered
** Non-Clock Loads column represents cell count of non-clock pin loads


3. Global Clock Source Details
------------------------------

+-----------+-----------+------------------------+--------------------+--------------------+--------------+-------------+-----------------+---------------------+----------------------------------------------------------------------------------------------------------------------------+----------------------------------------------------------------------------------------------------------------------------+------------------------------------------------------------------------------------------------------------------------+
| Source Id | Global Id | Driver Type/Pin        | Constraint         | Site               | Clock Region | Clock Loads | Non-Clock Loads | Source Clock Period | Source Clock                                                                                                               | Driver Pin                                                                                                                 | Net                                                                                                                    |
+-----------+-----------+------------------------+--------------------+--------------------+--------------+-------------+-----------------+---------------------+----------------------------------------------------------------------------------------------------------------------------+----------------------------------------------------------------------------------------------------------------------------+------------------------------------------------------------------------------------------------------------------------+
| src0      | g0        | MMCME2_ADV/CLKOUT0     | None               | MMCME2_ADV_X1Y2    | X1Y2         |           1 |               0 |               6.250 | clk_out1_SYSCLK0                                                                                                           | SYSCLK0/inst/mmcm_adv_inst/CLKOUT0                                                                                         | SYSCLK0/inst/clk_out1_SYSCLK0                                                                                          |
| src1      | g1        | MMCME2_ADV/CLKOUT0     | None               | MMCME2_ADV_X0Y3    | X0Y3         |           1 |               0 |               8.000 | clkout0                                                                                                                    | gig_ethernet_pcs_pma_0/inst/core_clocking_i/mmcm_adv_inst/CLKOUT0                                                          | gig_ethernet_pcs_pma_0/inst/core_clocking_i/clkout0                                                                    |
| src1      | g2        | BUFG/O                 | None               | BUFGCTRL_X0Y19     | n/a          |        1449 |               0 |               8.000 | clkout0                                                                                                                    | gig_ethernet_pcs_pma_0/inst/core_clocking_i/bufg_userclk2/O                                                                | gig_ethernet_pcs_pma_0/inst/core_clocking_i/userclk2                                                                   |
| src2      | g2        | VCC/P                  | None               |                    | n/a          |           0 |               0 |                     |                                                                                                                            | VCC_1/P                                                                                                                    | VCC_2                                                                                                                  |
| src3      | g3        | BSCANE2/TCK            | None               | BSCAN_X0Y0         | X0Y1         |           1 |               0 |              33.000 | dbg_hub/inst/BSCANID.u_xsdbm_id/SWITCH_N_EXT_BSCAN.bscan_inst/SERIES7_BSCAN.bscan_inst/TCK                                 | dbg_hub/inst/BSCANID.u_xsdbm_id/SWITCH_N_EXT_BSCAN.bscan_inst/SERIES7_BSCAN.bscan_inst/TCK                                 | dbg_hub/inst/BSCANID.u_xsdbm_id/SWITCH_N_EXT_BSCAN.bscan_inst/TCK                                                      |
| src4      | g4        | GTPE2_CHANNEL/RXOUTCLK | GTPE2_CHANNEL_X0Y5 | GTPE2_CHANNEL_X0Y5 | X1Y3         |           1 |               0 |              16.000 | gig_ethernet_pcs_pma_0/inst/pcs_pma_block_i/transceiver_inst/gtwizard_inst/inst/gtwizard_i/gt0_GTWIZARD_i/gtpe2_i/RXOUTCLK | gig_ethernet_pcs_pma_0/inst/pcs_pma_block_i/transceiver_inst/gtwizard_inst/inst/gtwizard_i/gt0_GTWIZARD_i/gtpe2_i/RXOUTCLK | gig_ethernet_pcs_pma_0/inst/pcs_pma_block_i/transceiver_inst/gtwizard_inst/inst/gtwizard_i/gt0_GTWIZARD_i/rxoutclk_out |
| src5      | g5        | IBUFDS_GTE2/O          | IBUFDS_GTE2_X0Y2   | IBUFDS_GTE2_X0Y2   | X1Y3         |           2 |               0 |                     |                                                                                                                            | gig_ethernet_pcs_pma_0/inst/core_clocking_i/ibufds_gtrefclk/O                                                              | gig_ethernet_pcs_pma_0/inst/core_clocking_i/gtrefclk_out                                                               |
| src6      | g6        | IBUFDS/O               | IOB_X0Y24          | IOB_X0Y24          | X0Y0         |           2 |               0 |               2.083 | ADC_DCO_P[1]                                                                                                               | ADC1_IF/adc/inst/ibufds_clk_inst/O                                                                                         | ADC1_IF/adc/inst/clk_in_int                                                                                            |
| src7      | g7        | IBUFDS/O               | IOB_X1Y76          | IOB_X1Y76          | X1Y1         |           2 |               0 |               2.083 | ADC_DCO_P[2]                                                                                                               | ADC2_IF/adc/inst/ibufds_clk_inst/O                                                                                         | ADC2_IF/adc/inst/clk_in_int                                                                                            |
| src8      | g8        | IBUFDS/O               | IOB_X1Y126         | IOB_X1Y126         | X1Y2         |           2 |               0 |               2.083 | ADC_DCO_P[3]                                                                                                               | ADC3_IF/adc/inst/ibufds_clk_inst/O                                                                                         | ADC3_IF/adc/inst/clk_in_int                                                                                            |
| src9      | g9        | MMCME2_ADV/CLKOUT1     | None               | MMCME2_ADV_X0Y3    | X0Y3         |           1 |               0 |              16.000 | clkout1                                                                                                                    | gig_ethernet_pcs_pma_0/inst/core_clocking_i/mmcm_adv_inst/CLKOUT1                                                          | gig_ethernet_pcs_pma_0/inst/core_clocking_i/clkout1                                                                    |
| src10     | g10       | MMCME2_ADV/CLKOUT0     | None               | MMCME2_ADV_X0Y0    | X0Y0         |           1 |               0 |               5.000 | clk_out1_SYSCLK2                                                                                                           | SYSCLK2/inst/mmcm_adv_inst/CLKOUT0                                                                                         | SYSCLK2/inst/clk_out1_SYSCLK2                                                                                          |
| src11     | g11       | MMCME2_ADV/CLKOUT1     | None               | MMCME2_ADV_X0Y0    | X0Y0         |           1 |               0 |              12.500 | clk_out2_SYSCLK2                                                                                                           | SYSCLK2/inst/mmcm_adv_inst/CLKOUT1                                                                                         | SYSCLK2/inst/clk_out2_SYSCLK2                                                                                          |
| src12     | g12       | MMCME2_ADV/CLKOUT2     | None               | MMCME2_ADV_X1Y2    | X1Y2         |           1 |               0 |              10.000 | clk_out3_SYSCLK0                                                                                                           | SYSCLK0/inst/mmcm_adv_inst/CLKOUT2                                                                                         | SYSCLK0/inst/clk_out3_SYSCLK0                                                                                          |
| src13     | g13       | MMCME2_ADV/CLKFBOUT    | None               | MMCME2_ADV_X1Y2    | X1Y2         |           1 |               0 |              12.500 | clkfbout_SYSCLK0                                                                                                           | SYSCLK0/inst/mmcm_adv_inst/CLKFBOUT                                                                                        | SYSCLK0/inst/clkfbout_SYSCLK0                                                                                          |
| src14     | g14       | MMCME2_ADV/CLKFBOUT    | None               | MMCME2_ADV_X0Y0    | X0Y0         |           1 |               0 |              10.000 | clkfbout_SYSCLK2                                                                                                           | SYSCLK2/inst/mmcm_adv_inst/CLKFBOUT                                                                                        | SYSCLK2/inst/clkfbout_SYSCLK2                                                                                          |
| src15     | g15       | GTPE2_CHANNEL/TXOUTCLK | GTPE2_CHANNEL_X0Y5 | GTPE2_CHANNEL_X0Y5 | X1Y3         |           1 |               0 |              16.000 | gig_ethernet_pcs_pma_0/inst/pcs_pma_block_i/transceiver_inst/gtwizard_inst/inst/gtwizard_i/gt0_GTWIZARD_i/gtpe2_i/TXOUTCLK | gig_ethernet_pcs_pma_0/inst/pcs_pma_block_i/transceiver_inst/gtwizard_inst/inst/gtwizard_i/gt0_GTWIZARD_i/gtpe2_i/TXOUTCLK | gig_ethernet_pcs_pma_0/inst/pcs_pma_block_i/transceiver_inst/gtwizard_inst/inst/gtwizard_i/gt0_GTWIZARD_i/txoutclk_out |
+-----------+-----------+------------------------+--------------------+--------------------+--------------+-------------+-----------------+---------------------+----------------------------------------------------------------------------------------------------------------------------+----------------------------------------------------------------------------------------------------------------------------+------------------------------------------------------------------------------------------------------------------------+
* Clock Loads column represents cell count of net connects that connect to a clock pin. Internal cell leaf pins are not considered
** Non-Clock Loads column represents cell count of non-clock pin loads


4. Local Clock Details
----------------------

+----------+-------------------------+------------+--------------------------------+--------------+-------------+-----------------+--------------+-------+------------------------------------------------------------------------+-----------------------------------------------------------------+
| Local Id | Driver Type/Pin         | Constraint | Site/BEL                       | Clock Region | Clock Loads | Non-Clock Loads | Clock Period | Clock | Driver Pin                                                             | Net                                                             |
+----------+-------------------------+------------+--------------------------------+--------------+-------------+-----------------+--------------+-------+------------------------------------------------------------------------+-----------------------------------------------------------------+
| 0        | GTPE2_COMMON/PLL0OUTCLK | None       | GTPE2_COMMON_X0Y1/GTPE2_COMMON | X1Y3         |           2 |               0 |              |       | gig_ethernet_pcs_pma_0/inst/core_gt_common_i/gtpe2_common_i/PLL0OUTCLK | gig_ethernet_pcs_pma_0/inst/core_gt_common_i/gt0_pll0outclk_out |
| 1        | GTPE2_COMMON/PLL1OUTCLK | None       | GTPE2_COMMON_X0Y1/GTPE2_COMMON | X1Y3         |           2 |               0 |              |       | gig_ethernet_pcs_pma_0/inst/core_gt_common_i/gtpe2_common_i/PLL1OUTCLK | gig_ethernet_pcs_pma_0/inst/core_gt_common_i/gt0_pll1outclk_out |
+----------+-------------------------+------------+--------------------------------+--------------+-------------+-----------------+--------------+-------+------------------------------------------------------------------------+-----------------------------------------------------------------+
* Local Clocks in this context represents only clocks driven by non-global buffers
** Clock Loads column represents cell count of net connects that connect to a clock pin. Internal cell leaf pins are not considered
*** Non-Clock Loads column represents cell count of non-clock pin loads


5. Clock Regions: Key Resource Utilization
------------------------------------------

+-------------------+--------------+--------------+--------------+--------------+--------------+--------------+--------------+--------------+--------------+--------------+---------------+--------------+--------------+--------------+--------------+
|                   | Global Clock |     BUFRs    |    BUFMRs    |    BUFIOs    |     MMCM     |      PLL     |      GT      |      PCI     |    ILOGIC    |    OLOGIC    |       FF      |     LUTM     |    RAMB18    |    RAMB36    |    DSP48E2   |
+-------------------+------+-------+------+-------+------+-------+------+-------+------+-------+------+-------+------+-------+------+-------+------+-------+------+-------+-------+-------+------+-------+------+-------+------+-------+------+-------+
| Clock Region Name | Used | Avail | Used | Avail | Used | Avail | Used | Avail | Used | Avail | Used | Avail | Used | Avail | Used | Avail | Used | Avail | Used | Avail | Used  | Avail | Used | Avail | Used | Avail | Used | Avail | Used | Avail |
+-------------------+------+-------+------+-------+------+-------+------+-------+------+-------+------+-------+------+-------+------+-------+------+-------+------+-------+-------+-------+------+-------+------+-------+------+-------+------+-------+
| X0Y0              |    7 |    12 |    1 |     4 |    0 |     2 |    1 |     4 |    1 |     1 |    0 |     1 |    0 |     0 |    0 |     0 |    9 |    50 |    1 |    50 |   813 |  2600 |  263 |   600 |    0 |    20 |    8 |    10 |    0 |    20 |
| X1Y0              |    1 |    12 |    0 |     0 |    0 |     0 |    0 |     0 |    0 |     0 |    0 |     0 |    0 |     4 |    0 |     0 |    0 |     0 |    0 |     0 |    36 |  1500 |   20 |   550 |    0 |    40 |   12 |    20 |    0 |    40 |
| X0Y1              |    1 |    12 |    0 |     4 |    0 |     2 |    0 |     4 |    0 |     1 |    0 |     1 |    0 |     0 |    0 |     0 |    0 |    50 |    0 |    50 | 10680 |  2000 | 3361 |   600 |    0 |    20 |    7 |    10 |    1 |    20 |
| X1Y1              |    5 |    12 |    1 |     4 |    0 |     2 |    1 |     4 |    0 |     1 |    0 |     1 |    0 |     0 |    0 |     0 |    9 |    50 |    1 |    50 |  9488 |  1900 | 3274 |   650 |    0 |    60 |   29 |    30 |    4 |    40 |
| X0Y2              |    3 |    12 |    0 |     4 |    0 |     2 |    0 |     4 |    0 |     1 |    0 |     1 |    0 |     0 |    0 |     0 |    0 |    50 |    0 |    50 |  6787 |  2000 | 2065 |   600 |    0 |    20 |    5 |    10 |    0 |    20 |
| X1Y2              |   10 |    12 |    1 |     4 |    0 |     2 |    1 |     4 |    1 |     1 |    0 |     1 |    0 |     0 |    0 |     0 |    9 |    50 |    1 |    50 |  7748 |  1900 | 2796 |   650 |    1 |    60 |   24 |    30 |    3 |    40 |
| X0Y3              |    3 |    12 |    0 |     4 |    0 |     2 |    0 |     4 |    1 |     1 |    0 |     1 |    0 |     0 |    0 |     0 |    0 |    50 |    0 |    50 |  3083 |  2600 |  702 |   600 |    0 |    20 |    5 |    10 |    0 |    20 |
| X1Y3              |    6 |    12 |    0 |     0 |    0 |     0 |    0 |     0 |    0 |     0 |    0 |     0 |    2 |     4 |    0 |     1 |    0 |     0 |    0 |     0 |  3899 |  1350 | 1498 |   500 |    3 |    30 |    4 |    15 |    0 |    40 |
+-------------------+------+-------+------+-------+------+-------+------+-------+------+-------+------+-------+------+-------+------+-------+------+-------+------+-------+-------+-------+------+-------+------+-------+------+-------+------+-------+
* Global Clock column represents track count; while other columns represents cell counts


6. Clock Regions : Global Clock Summary
---------------------------------------

All Modules
+----+----+----+
|    | X0 | X1 |
+----+----+----+
| Y3 |  0 |  0 |
| Y2 |  0 |  0 |
| Y1 |  0 |  0 |
| Y0 |  0 |  0 |
+----+----+----+


7. Device Cell Placement Summary for Global Clock g0
----------------------------------------------------

+-----------+-----------------+-------------------+------------------+-------------+---------------+-------------+----------+----------------+----------+-----------------------+
| Global Id | Driver Type/Pin | Driver Region (D) | Clock            | Period (ns) | Waveform (ns) | Slice Loads | IO Loads | Clocking Loads | GT Loads | Net                   |
+-----------+-----------------+-------------------+------------------+-------------+---------------+-------------+----------+----------------+----------+-----------------------+
| g0        | BUFG/O          | n/a               | clk_out1_SYSCLK0 |       6.250 | {0.000 3.125} |       38689 |        0 |              0 |        1 | SYSCLK0/inst/clk_out1 |
+-----------+-----------------+-------------------+------------------+-------------+---------------+-------------+----------+----------------+----------+-----------------------+
* Slice Loads column represents load cell count of all cell types other than IO, GT and clock resources
** IO Loads column represents load cell count of IO types
*** Clocking Loads column represents load cell count that are clock resources (global clock buffer, MMCM, PLL, etc)
**** GT Loads column represents load cell count of GT types


+----+--------+-------+-----------------------+
|    | X0     | X1    | HORIZONTAL PROG DELAY |
+----+--------+-------+-----------------------+
| Y3 |   2907 |  1557 |                     0 |
| Y2 |   6272 |  7144 |                     0 |
| Y1 |  10707 |  9397 |                     0 |
| Y0 |    658 |    48 |                     0 |
+----+--------+-------+-----------------------+


8. Device Cell Placement Summary for Global Clock g1
----------------------------------------------------

+-----------+-----------------+-------------------+---------+-------------+---------------+-------------+----------+----------------+----------+------------------------------------------------------+
| Global Id | Driver Type/Pin | Driver Region (D) | Clock   | Period (ns) | Waveform (ns) | Slice Loads | IO Loads | Clocking Loads | GT Loads | Net                                                  |
+-----------+-----------------+-------------------+---------+-------------+---------------+-------------+----------+----------------+----------+------------------------------------------------------+
| g1        | BUFG/O          | n/a               | clkout0 |       8.000 | {0.000 4.000} |        1448 |        0 |              1 |        0 | gig_ethernet_pcs_pma_0/inst/core_clocking_i/userclk2 |
+-----------+-----------------+-------------------+---------+-------------+---------------+-------------+----------+----------------+----------+------------------------------------------------------+
* Slice Loads column represents load cell count of all cell types other than IO, GT and clock resources
** IO Loads column represents load cell count of IO types
*** Clocking Loads column represents load cell count that are clock resources (global clock buffer, MMCM, PLL, etc)
**** GT Loads column represents load cell count of GT types


+----+----+-------+-----------------------+
|    | X0 | X1    | HORIZONTAL PROG DELAY |
+----+----+-------+-----------------------+
| Y3 |  0 |  1180 |                     0 |
| Y2 |  0 |   268 |                     0 |
| Y1 |  0 |     0 |                     - |
| Y0 |  0 |     0 |                     - |
+----+----+-------+-----------------------+


9. Device Cell Placement Summary for Global Clock g2
----------------------------------------------------

+-----------+-----------------+-------------------+---------+-------------+---------------+-------------+----------+----------------+----------+----------+
| Global Id | Driver Type/Pin | Driver Region (D) | Clock   | Period (ns) | Waveform (ns) | Slice Loads | IO Loads | Clocking Loads | GT Loads | Net      |
+-----------+-----------------+-------------------+---------+-------------+---------------+-------------+----------+----------------+----------+----------+
| g2        | BUFGCTRL/O      | n/a               | clkout0 |       8.000 | {0.000 4.000} |        1234 |        0 |              0 |        0 | GMII_CLK |
+-----------+-----------------+-------------------+---------+-------------+---------------+-------------+----------+----------------+----------+----------+
* Slice Loads column represents load cell count of all cell types other than IO, GT and clock resources
** IO Loads column represents load cell count of IO types
*** Clocking Loads column represents load cell count that are clock resources (global clock buffer, MMCM, PLL, etc)
**** GT Loads column represents load cell count of GT types


+----+------+------+-----------------------+
|    | X0   | X1   | HORIZONTAL PROG DELAY |
+----+------+------+-----------------------+
| Y3 |  198 |  522 |                     0 |
| Y2 |  190 |  324 |                     0 |
| Y1 |    0 |    0 |                     - |
| Y0 |    0 |    0 |                     - |
+----+------+------+-----------------------+


10. Device Cell Placement Summary for Global Clock g3
-----------------------------------------------------

+-----------+-----------------+-------------------+--------------------------------------------------------------------------------------------+-------------+----------------+-------------+----------+----------------+----------+----------------------------------------+
| Global Id | Driver Type/Pin | Driver Region (D) | Clock                                                                                      | Period (ns) | Waveform (ns)  | Slice Loads | IO Loads | Clocking Loads | GT Loads | Net                                    |
+-----------+-----------------+-------------------+--------------------------------------------------------------------------------------------+-------------+----------------+-------------+----------+----------------+----------+----------------------------------------+
| g3        | BUFG/O          | n/a               | dbg_hub/inst/BSCANID.u_xsdbm_id/SWITCH_N_EXT_BSCAN.bscan_inst/SERIES7_BSCAN.bscan_inst/TCK |      33.000 | {0.000 16.500} |         458 |        0 |              0 |        0 | dbg_hub/inst/BSCANID.u_xsdbm_id/itck_i |
+-----------+-----------------+-------------------+--------------------------------------------------------------------------------------------+-------------+----------------+-------------+----------+----------------+----------+----------------------------------------+
* Slice Loads column represents load cell count of all cell types other than IO, GT and clock resources
** IO Loads column represents load cell count of IO types
*** Clocking Loads column represents load cell count that are clock resources (global clock buffer, MMCM, PLL, etc)
**** GT Loads column represents load cell count of GT types


+----+------+----+-----------------------+
|    | X0   | X1 | HORIZONTAL PROG DELAY |
+----+------+----+-----------------------+
| Y3 |    0 |  0 |                     - |
| Y2 |  458 |  0 |                     0 |
| Y1 |    0 |  0 |                     - |
| Y0 |    0 |  0 |                     - |
+----+------+----+-----------------------+


11. Device Cell Placement Summary for Global Clock g4
-----------------------------------------------------

+-----------+-----------------+-------------------+----------------------------------------------------------------------------------------------------------------------------+-------------+---------------+-------------+----------+----------------+----------+--------------------------------------------------------+
| Global Id | Driver Type/Pin | Driver Region (D) | Clock                                                                                                                      | Period (ns) | Waveform (ns) | Slice Loads | IO Loads | Clocking Loads | GT Loads | Net                                                    |
+-----------+-----------------+-------------------+----------------------------------------------------------------------------------------------------------------------------+-------------+---------------+-------------+----------+----------------+----------+--------------------------------------------------------+
| g4        | BUFG/O          | n/a               | gig_ethernet_pcs_pma_0/inst/pcs_pma_block_i/transceiver_inst/gtwizard_inst/inst/gtwizard_i/gt0_GTWIZARD_i/gtpe2_i/RXOUTCLK |      16.000 | {0.000 8.000} |         352 |        0 |              0 |        2 | gig_ethernet_pcs_pma_0/inst/core_clocking_i/rxuserclk2 |
+-----------+-----------------+-------------------+----------------------------------------------------------------------------------------------------------------------------+-------------+---------------+-------------+----------+----------------+----------+--------------------------------------------------------+
* Slice Loads column represents load cell count of all cell types other than IO, GT and clock resources
** IO Loads column represents load cell count of IO types
*** Clocking Loads column represents load cell count that are clock resources (global clock buffer, MMCM, PLL, etc)
**** GT Loads column represents load cell count of GT types


+----+----+------+-----------------------+
|    | X0 | X1   | HORIZONTAL PROG DELAY |
+----+----+------+-----------------------+
| Y3 |  0 |  349 |                     0 |
| Y2 |  0 |    5 |                     0 |
| Y1 |  0 |    0 |                     - |
| Y0 |  0 |    0 |                     - |
+----+----+------+-----------------------+


12. Device Cell Placement Summary for Global Clock g5
-----------------------------------------------------

+-----------+-----------------+-------------------+-------+-------------+---------------+-------------+----------+----------------+----------+-----------------------------------------------------------+
| Global Id | Driver Type/Pin | Driver Region (D) | Clock | Period (ns) | Waveform (ns) | Slice Loads | IO Loads | Clocking Loads | GT Loads | Net                                                       |
+-----------+-----------------+-------------------+-------+-------------+---------------+-------------+----------+----------------+----------+-----------------------------------------------------------+
| g5        | BUFG/O          | n/a               |       |             |               |         229 |        0 |              0 |        2 | gig_ethernet_pcs_pma_0/inst/core_clocking_i/gtrefclk_bufg |
+-----------+-----------------+-------------------+-------+-------------+---------------+-------------+----------+----------------+----------+-----------------------------------------------------------+
* Slice Loads column represents load cell count of all cell types other than IO, GT and clock resources
** IO Loads column represents load cell count of IO types
*** Clocking Loads column represents load cell count that are clock resources (global clock buffer, MMCM, PLL, etc)
**** GT Loads column represents load cell count of GT types


+----+----+------+-----------------------+
|    | X0 | X1   | HORIZONTAL PROG DELAY |
+----+----+------+-----------------------+
| Y3 |  0 |  231 |                     0 |
| Y2 |  0 |    0 |                     - |
| Y1 |  0 |    0 |                     - |
| Y0 |  0 |    0 |                     - |
+----+----+------+-----------------------+


13. Device Cell Placement Summary for Global Clock g6
-----------------------------------------------------

+-----------+-----------------+-------------------+-------------+-------------+---------------+-------------+----------+----------------+----------+------------------------------------+
| Global Id | Driver Type/Pin | Driver Region (D) | Clock       | Period (ns) | Waveform (ns) | Slice Loads | IO Loads | Clocking Loads | GT Loads | Net                                |
+-----------+-----------------+-------------------+-------------+-------------+---------------+-------------+----------+----------------+----------+------------------------------------+
| g6        | BUFR/O          | X0Y0              | CLK_DIV_OUT |       6.249 | {0.000 2.083} |         176 |        9 |              0 |        0 | ADC1_IF/adc/inst/clkout_buf_inst_0 |
+-----------+-----------------+-------------------+-------------+-------------+---------------+-------------+----------+----------------+----------+------------------------------------+
* Slice Loads column represents load cell count of all cell types other than IO, GT and clock resources
** IO Loads column represents load cell count of IO types
*** Clocking Loads column represents load cell count that are clock resources (global clock buffer, MMCM, PLL, etc)
**** GT Loads column represents load cell count of GT types


+----+----------+----+-----------------------+
|    | X0       | X1 | HORIZONTAL PROG DELAY |
+----+----------+----+-----------------------+
| Y3 |        0 |  0 |                     - |
| Y2 |        0 |  0 |                     - |
| Y1 |        0 |  0 |                     - |
| Y0 |  (D) 185 |  0 |                     0 |
+----+----------+----+-----------------------+


14. Device Cell Placement Summary for Global Clock g7
-----------------------------------------------------

+-----------+-----------------+-------------------+---------------+-------------+---------------+-------------+----------+----------------+----------+------------------------------------+
| Global Id | Driver Type/Pin | Driver Region (D) | Clock         | Period (ns) | Waveform (ns) | Slice Loads | IO Loads | Clocking Loads | GT Loads | Net                                |
+-----------+-----------------+-------------------+---------------+-------------+---------------+-------------+----------+----------------+----------+------------------------------------+
| g7        | BUFR/O          | X1Y1              | CLK_DIV_OUT_1 |       6.249 | {0.000 2.083} |         176 |        9 |              0 |        0 | ADC2_IF/adc/inst/clkout_buf_inst_0 |
+-----------+-----------------+-------------------+---------------+-------------+---------------+-------------+----------+----------------+----------+------------------------------------+
* Slice Loads column represents load cell count of all cell types other than IO, GT and clock resources
** IO Loads column represents load cell count of IO types
*** Clocking Loads column represents load cell count that are clock resources (global clock buffer, MMCM, PLL, etc)
**** GT Loads column represents load cell count of GT types


+----+----+----------+-----------------------+
|    | X0 | X1       | HORIZONTAL PROG DELAY |
+----+----+----------+-----------------------+
| Y3 |  0 |        0 |                     - |
| Y2 |  0 |        0 |                     - |
| Y1 |  0 |  (D) 185 |                     0 |
| Y0 |  0 |        0 |                     - |
+----+----+----------+-----------------------+


15. Device Cell Placement Summary for Global Clock g8
-----------------------------------------------------

+-----------+-----------------+-------------------+---------------+-------------+---------------+-------------+----------+----------------+----------+------------------------------------+
| Global Id | Driver Type/Pin | Driver Region (D) | Clock         | Period (ns) | Waveform (ns) | Slice Loads | IO Loads | Clocking Loads | GT Loads | Net                                |
+-----------+-----------------+-------------------+---------------+-------------+---------------+-------------+----------+----------------+----------+------------------------------------+
| g8        | BUFR/O          | X1Y2              | CLK_DIV_OUT_2 |       6.249 | {0.000 2.083} |         176 |        9 |              0 |        0 | ADC3_IF/adc/inst/clkout_buf_inst_0 |
+-----------+-----------------+-------------------+---------------+-------------+---------------+-------------+----------+----------------+----------+------------------------------------+
* Slice Loads column represents load cell count of all cell types other than IO, GT and clock resources
** IO Loads column represents load cell count of IO types
*** Clocking Loads column represents load cell count that are clock resources (global clock buffer, MMCM, PLL, etc)
**** GT Loads column represents load cell count of GT types


+----+----+----------+-----------------------+
|    | X0 | X1       | HORIZONTAL PROG DELAY |
+----+----+----------+-----------------------+
| Y3 |  0 |        0 |                     - |
| Y2 |  0 |  (D) 185 |                     0 |
| Y1 |  0 |        0 |                     - |
| Y0 |  0 |        0 |                     - |
+----+----+----------+-----------------------+


16. Device Cell Placement Summary for Global Clock g9
-----------------------------------------------------

+-----------+-----------------+-------------------+---------+-------------+---------------+-------------+----------+----------------+----------+-----------------------------------------------------+
| Global Id | Driver Type/Pin | Driver Region (D) | Clock   | Period (ns) | Waveform (ns) | Slice Loads | IO Loads | Clocking Loads | GT Loads | Net                                                 |
+-----------+-----------------+-------------------+---------+-------------+---------------+-------------+----------+----------------+----------+-----------------------------------------------------+
| g9        | BUFG/O          | n/a               | clkout1 |      16.000 | {0.000 8.000} |         124 |        0 |              0 |        2 | gig_ethernet_pcs_pma_0/inst/core_clocking_i/userclk |
+-----------+-----------------+-------------------+---------+-------------+---------------+-------------+----------+----------------+----------+-----------------------------------------------------+
* Slice Loads column represents load cell count of all cell types other than IO, GT and clock resources
** IO Loads column represents load cell count of IO types
*** Clocking Loads column represents load cell count that are clock resources (global clock buffer, MMCM, PLL, etc)
**** GT Loads column represents load cell count of GT types


+----+----+------+-----------------------+
|    | X0 | X1   | HORIZONTAL PROG DELAY |
+----+----+------+-----------------------+
| Y3 |  0 |  125 |                     0 |
| Y2 |  0 |    1 |                     0 |
| Y1 |  0 |    0 |                     - |
| Y0 |  0 |    0 |                     - |
+----+----+------+-----------------------+


17. Device Cell Placement Summary for Global Clock g10
------------------------------------------------------

+-----------+-----------------+-------------------+------------------+-------------+---------------+-------------+----------+----------------+----------+-----------------------+
| Global Id | Driver Type/Pin | Driver Region (D) | Clock            | Period (ns) | Waveform (ns) | Slice Loads | IO Loads | Clocking Loads | GT Loads | Net                   |
+-----------+-----------------+-------------------+------------------+-------------+---------------+-------------+----------+----------------+----------+-----------------------+
| g10       | BUFG/O          | n/a               | clk_out1_SYSCLK2 |       5.000 | {0.000 2.500} |           3 |        0 |              0 |        0 | SYSCLK2/inst/clk_out1 |
+-----------+-----------------+-------------------+------------------+-------------+---------------+-------------+----------+----------------+----------+-----------------------+
* Slice Loads column represents load cell count of all cell types other than IO, GT and clock resources
** IO Loads column represents load cell count of IO types
*** Clocking Loads column represents load cell count that are clock resources (global clock buffer, MMCM, PLL, etc)
**** GT Loads column represents load cell count of GT types


+----+----+----+-----------------------+
|    | X0 | X1 | HORIZONTAL PROG DELAY |
+----+----+----+-----------------------+
| Y3 |  0 |  0 |                     - |
| Y2 |  0 |  1 |                     0 |
| Y1 |  0 |  1 |                     0 |
| Y0 |  1 |  0 |                     0 |
+----+----+----+-----------------------+


18. Device Cell Placement Summary for Global Clock g11
------------------------------------------------------

+-----------+-----------------+-------------------+------------------+-------------+---------------+-------------+----------+----------------+----------+-----------------------+
| Global Id | Driver Type/Pin | Driver Region (D) | Clock            | Period (ns) | Waveform (ns) | Slice Loads | IO Loads | Clocking Loads | GT Loads | Net                   |
+-----------+-----------------+-------------------+------------------+-------------+---------------+-------------+----------+----------------+----------+-----------------------+
| g11       | BUFG/O          | n/a               | clk_out2_SYSCLK2 |      12.500 | {0.000 6.250} |           3 |        0 |              0 |        0 | SYSCLK2/inst/clk_out2 |
+-----------+-----------------+-------------------+------------------+-------------+---------------+-------------+----------+----------------+----------+-----------------------+
* Slice Loads column represents load cell count of all cell types other than IO, GT and clock resources
** IO Loads column represents load cell count of IO types
*** Clocking Loads column represents load cell count that are clock resources (global clock buffer, MMCM, PLL, etc)
**** GT Loads column represents load cell count of GT types


+----+----+----+-----------------------+
|    | X0 | X1 | HORIZONTAL PROG DELAY |
+----+----+----+-----------------------+
| Y3 |  0 |  0 |                     - |
| Y2 |  0 |  1 |                     0 |
| Y1 |  0 |  1 |                     0 |
| Y0 |  1 |  0 |                     0 |
+----+----+----+-----------------------+


19. Device Cell Placement Summary for Global Clock g12
------------------------------------------------------

+-----------+-----------------+-------------------+------------------+-------------+---------------+-------------+----------+----------------+----------+-----------------------+
| Global Id | Driver Type/Pin | Driver Region (D) | Clock            | Period (ns) | Waveform (ns) | Slice Loads | IO Loads | Clocking Loads | GT Loads | Net                   |
+-----------+-----------------+-------------------+------------------+-------------+---------------+-------------+----------+----------------+----------+-----------------------+
| g12       | BUFG/O          | n/a               | clk_out3_SYSCLK0 |      10.000 | {0.000 5.000} |           0 |        0 |              1 |        0 | SYSCLK0/inst/clk_out3 |
+-----------+-----------------+-------------------+------------------+-------------+---------------+-------------+----------+----------------+----------+-----------------------+
* Slice Loads column represents load cell count of all cell types other than IO, GT and clock resources
** IO Loads column represents load cell count of IO types
*** Clocking Loads column represents load cell count that are clock resources (global clock buffer, MMCM, PLL, etc)
**** GT Loads column represents load cell count of GT types


+----+----+----+-----------------------+
|    | X0 | X1 | HORIZONTAL PROG DELAY |
+----+----+----+-----------------------+
| Y3 |  0 |  0 |                     - |
| Y2 |  0 |  0 |                     - |
| Y1 |  0 |  0 |                     - |
| Y0 |  1 |  0 |                     0 |
+----+----+----+-----------------------+


20. Device Cell Placement Summary for Global Clock g13
------------------------------------------------------

+-----------+-----------------+-------------------+------------------+-------------+---------------+-------------+----------+----------------+----------+-----------------------------------+
| Global Id | Driver Type/Pin | Driver Region (D) | Clock            | Period (ns) | Waveform (ns) | Slice Loads | IO Loads | Clocking Loads | GT Loads | Net                               |
+-----------+-----------------+-------------------+------------------+-------------+---------------+-------------+----------+----------------+----------+-----------------------------------+
| g13       | BUFG/O          | n/a               | clkfbout_SYSCLK0 |      12.500 | {0.000 6.250} |           0 |        0 |              1 |        0 | SYSCLK0/inst/clkfbout_buf_SYSCLK0 |
+-----------+-----------------+-------------------+------------------+-------------+---------------+-------------+----------+----------------+----------+-----------------------------------+
* Slice Loads column represents load cell count of all cell types other than IO, GT and clock resources
** IO Loads column represents load cell count of IO types
*** Clocking Loads column represents load cell count that are clock resources (global clock buffer, MMCM, PLL, etc)
**** GT Loads column represents load cell count of GT types


+----+----+----+-----------------------+
|    | X0 | X1 | HORIZONTAL PROG DELAY |
+----+----+----+-----------------------+
| Y3 |  0 |  0 |                     - |
| Y2 |  0 |  1 |                     0 |
| Y1 |  0 |  0 |                     - |
| Y0 |  0 |  0 |                     - |
+----+----+----+-----------------------+


21. Device Cell Placement Summary for Global Clock g14
------------------------------------------------------

+-----------+-----------------+-------------------+------------------+-------------+---------------+-------------+----------+----------------+----------+-----------------------------------+
| Global Id | Driver Type/Pin | Driver Region (D) | Clock            | Period (ns) | Waveform (ns) | Slice Loads | IO Loads | Clocking Loads | GT Loads | Net                               |
+-----------+-----------------+-------------------+------------------+-------------+---------------+-------------+----------+----------------+----------+-----------------------------------+
| g14       | BUFG/O          | n/a               | clkfbout_SYSCLK2 |      10.000 | {0.000 5.000} |           0 |        0 |              1 |        0 | SYSCLK2/inst/clkfbout_buf_SYSCLK2 |
+-----------+-----------------+-------------------+------------------+-------------+---------------+-------------+----------+----------------+----------+-----------------------------------+
* Slice Loads column represents load cell count of all cell types other than IO, GT and clock resources
** IO Loads column represents load cell count of IO types
*** Clocking Loads column represents load cell count that are clock resources (global clock buffer, MMCM, PLL, etc)
**** GT Loads column represents load cell count of GT types


+----+----+----+-----------------------+
|    | X0 | X1 | HORIZONTAL PROG DELAY |
+----+----+----+-----------------------+
| Y3 |  0 |  0 |                     - |
| Y2 |  0 |  0 |                     - |
| Y1 |  0 |  0 |                     - |
| Y0 |  1 |  0 |                     0 |
+----+----+----+-----------------------+


22. Device Cell Placement Summary for Global Clock g15
------------------------------------------------------

+-----------+-----------------+-------------------+----------------------------------------------------------------------------------------------------------------------------+-------------+---------------+-------------+----------+----------------+----------+-----------------------------------------------------------+
| Global Id | Driver Type/Pin | Driver Region (D) | Clock                                                                                                                      | Period (ns) | Waveform (ns) | Slice Loads | IO Loads | Clocking Loads | GT Loads | Net                                                       |
+-----------+-----------------+-------------------+----------------------------------------------------------------------------------------------------------------------------+-------------+---------------+-------------+----------+----------------+----------+-----------------------------------------------------------+
| g15       | BUFG/O          | n/a               | gig_ethernet_pcs_pma_0/inst/pcs_pma_block_i/transceiver_inst/gtwizard_inst/inst/gtwizard_i/gt0_GTWIZARD_i/gtpe2_i/TXOUTCLK |      16.000 | {0.000 8.000} |           0 |        0 |              1 |        0 | gig_ethernet_pcs_pma_0/inst/core_clocking_i/txoutclk_bufg |
+-----------+-----------------+-------------------+----------------------------------------------------------------------------------------------------------------------------+-------------+---------------+-------------+----------+----------------+----------+-----------------------------------------------------------+
* Slice Loads column represents load cell count of all cell types other than IO, GT and clock resources
** IO Loads column represents load cell count of IO types
*** Clocking Loads column represents load cell count that are clock resources (global clock buffer, MMCM, PLL, etc)
**** GT Loads column represents load cell count of GT types


+----+----+----+-----------------------+
|    | X0 | X1 | HORIZONTAL PROG DELAY |
+----+----+----+-----------------------+
| Y3 |  1 |  0 |                     0 |
| Y2 |  0 |  0 |                     - |
| Y1 |  0 |  0 |                     - |
| Y0 |  0 |  0 |                     - |
+----+----+----+-----------------------+


23. Clock Region Cell Placement per Global Clock: Region X0Y0
-------------------------------------------------------------

+-----------+-------+-----------------+------------+-------------+-----------------+-----+-------------+------+-----+----+------+-----+---------+------------------------------------+
| Global Id | Track | Driver Type/Pin | Constraint | Clock Loads | Non-Clock Loads | FF  | Memory LUTs | RAMB | DSP | GT | MMCM | PLL | Hard IP | Net                                |
+-----------+-------+-----------------+------------+-------------+-----------------+-----+-------------+------+-----+----+------+-----+---------+------------------------------------+
| g0        | n/a   | BUFG/O          | None       |         658 |               0 | 648 |           1 |    8 |   0 |  0 |    0 |   0 |       0 | SYSCLK0/inst/clk_out1              |
| g6        | n/a   | BUFR/O          | None       |         185 |               0 | 165 |           0 |    1 |   0 |  0 |    0 |   0 |       0 | ADC1_IF/adc/inst/clkout_buf_inst_0 |
| g10       | n/a   | BUFG/O          | None       |           1 |               0 |   0 |           0 |    0 |   0 |  0 |    0 |   0 |       0 | SYSCLK2/inst/clk_out1              |
| g11       | n/a   | BUFG/O          | None       |           1 |               0 |   0 |           0 |    0 |   0 |  0 |    0 |   0 |       0 | SYSCLK2/inst/clk_out2              |
| g12       | n/a   | BUFG/O          | None       |           1 |               0 |   0 |           0 |    0 |   0 |  0 |    1 |   0 |       0 | SYSCLK0/inst/clk_out3              |
| g14       | n/a   | BUFG/O          | None       |           1 |               0 |   0 |           0 |    0 |   0 |  0 |    1 |   0 |       0 | SYSCLK2/inst/clkfbout_buf_SYSCLK2  |
+-----------+-------+-----------------+------------+-------------+-----------------+-----+-------------+------+-----+----+------+-----+---------+------------------------------------+
* Clock Loads column represents cell count of net connects that connect to a clock pin. Internal cell leaf pins are not considered
** Non-Clock Loads column represents cell count of non-clock pin loads
*** Columns FF, LUTRAM, RAMB through 'Hard IP' represents load cell counts


24. Clock Region Cell Placement per Global Clock: Region X1Y0
-------------------------------------------------------------

+-----------+-------+-----------------+------------+-------------+-----------------+----+-------------+------+-----+----+------+-----+---------+-----------------------+
| Global Id | Track | Driver Type/Pin | Constraint | Clock Loads | Non-Clock Loads | FF | Memory LUTs | RAMB | DSP | GT | MMCM | PLL | Hard IP | Net                   |
+-----------+-------+-----------------+------------+-------------+-----------------+----+-------------+------+-----+----+------+-----+---------+-----------------------+
| g0        | n/a   | BUFG/O          | None       |          48 |               0 | 36 |           0 |   12 |   0 |  0 |    0 |   0 |       0 | SYSCLK0/inst/clk_out1 |
+-----------+-------+-----------------+------------+-------------+-----------------+----+-------------+------+-----+----+------+-----+---------+-----------------------+
* Clock Loads column represents cell count of net connects that connect to a clock pin. Internal cell leaf pins are not considered
** Non-Clock Loads column represents cell count of non-clock pin loads
*** Columns FF, LUTRAM, RAMB through 'Hard IP' represents load cell counts


25. Clock Region Cell Placement per Global Clock: Region X0Y1
-------------------------------------------------------------

+-----------+-------+-----------------+------------+-------------+-----------------+-------+-------------+------+-----+----+------+-----+---------+-----------------------+
| Global Id | Track | Driver Type/Pin | Constraint | Clock Loads | Non-Clock Loads | FF    | Memory LUTs | RAMB | DSP | GT | MMCM | PLL | Hard IP | Net                   |
+-----------+-------+-----------------+------------+-------------+-----------------+-------+-------------+------+-----+----+------+-----+---------+-----------------------+
| g0        | n/a   | BUFG/O          | None       |       10707 |               0 | 10680 |          19 |    7 |   1 |  0 |    0 |   0 |       0 | SYSCLK0/inst/clk_out1 |
+-----------+-------+-----------------+------------+-------------+-----------------+-------+-------------+------+-----+----+------+-----+---------+-----------------------+
* Clock Loads column represents cell count of net connects that connect to a clock pin. Internal cell leaf pins are not considered
** Non-Clock Loads column represents cell count of non-clock pin loads
*** Columns FF, LUTRAM, RAMB through 'Hard IP' represents load cell counts


26. Clock Region Cell Placement per Global Clock: Region X1Y1
-------------------------------------------------------------

+-----------+-------+-----------------+------------+-------------+-----------------+------+-------------+------+-----+----+------+-----+---------+------------------------------------+
| Global Id | Track | Driver Type/Pin | Constraint | Clock Loads | Non-Clock Loads | FF   | Memory LUTs | RAMB | DSP | GT | MMCM | PLL | Hard IP | Net                                |
+-----------+-------+-----------------+------------+-------------+-----------------+------+-------------+------+-----+----+------+-----+---------+------------------------------------+
| g0        | n/a   | BUFG/O          | None       |        9397 |               0 | 9323 |          40 |   29 |   4 |  0 |    0 |   0 |       0 | SYSCLK0/inst/clk_out1              |
| g7        | n/a   | BUFR/O          | None       |         185 |               0 |  165 |           0 |    1 |   0 |  0 |    0 |   0 |       0 | ADC2_IF/adc/inst/clkout_buf_inst_0 |
| g10       | n/a   | BUFG/O          | None       |           1 |               0 |    0 |           0 |    0 |   0 |  0 |    0 |   0 |       0 | SYSCLK2/inst/clk_out1              |
| g11       | n/a   | BUFG/O          | None       |           1 |               0 |    0 |           0 |    0 |   0 |  0 |    0 |   0 |       0 | SYSCLK2/inst/clk_out2              |
+-----------+-------+-----------------+------------+-------------+-----------------+------+-------------+------+-----+----+------+-----+---------+------------------------------------+
* Clock Loads column represents cell count of net connects that connect to a clock pin. Internal cell leaf pins are not considered
** Non-Clock Loads column represents cell count of non-clock pin loads
*** Columns FF, LUTRAM, RAMB through 'Hard IP' represents load cell counts


27. Clock Region Cell Placement per Global Clock: Region X0Y2
-------------------------------------------------------------

+-----------+-------+-----------------+------------+-------------+-----------------+------+-------------+------+-----+----+------+-----+---------+----------------------------------------+
| Global Id | Track | Driver Type/Pin | Constraint | Clock Loads | Non-Clock Loads | FF   | Memory LUTs | RAMB | DSP | GT | MMCM | PLL | Hard IP | Net                                    |
+-----------+-------+-----------------+------------+-------------+-----------------+------+-------------+------+-----+----+------+-----+---------+----------------------------------------+
| g0        | n/a   | BUFG/O          | None       |        6272 |               0 | 6139 |         127 |    5 |   0 |  0 |    0 |   0 |       0 | SYSCLK0/inst/clk_out1                  |
| g2        | n/a   | BUFGCTRL/O      | None       |         190 |               0 |  190 |           0 |    0 |   0 |  0 |    0 |   0 |       0 | GMII_CLK                               |
| g3        | n/a   | BUFG/O          | None       |         458 |               0 |  458 |           0 |    0 |   0 |  0 |    0 |   0 |       0 | dbg_hub/inst/BSCANID.u_xsdbm_id/itck_i |
+-----------+-------+-----------------+------------+-------------+-----------------+------+-------------+------+-----+----+------+-----+---------+----------------------------------------+
* Clock Loads column represents cell count of net connects that connect to a clock pin. Internal cell leaf pins are not considered
** Non-Clock Loads column represents cell count of non-clock pin loads
*** Columns FF, LUTRAM, RAMB through 'Hard IP' represents load cell counts


28. Clock Region Cell Placement per Global Clock: Region X1Y2
-------------------------------------------------------------

+-----------+-------+-----------------+------------+-------------+-----------------+------+-------------+------+-----+----+------+-----+---------+--------------------------------------------------------+
| Global Id | Track | Driver Type/Pin | Constraint | Clock Loads | Non-Clock Loads | FF   | Memory LUTs | RAMB | DSP | GT | MMCM | PLL | Hard IP | Net                                                    |
+-----------+-------+-----------------+------------+-------------+-----------------+------+-------------+------+-----+----+------+-----+---------+--------------------------------------------------------+
| g0        | n/a   | BUFG/O          | None       |        7144 |               0 | 6988 |         124 |   25 |   3 |  0 |    0 |   0 |       0 | SYSCLK0/inst/clk_out1                                  |
| g1        | n/a   | BUFG/O          | None       |         268 |               0 |  268 |           0 |    0 |   0 |  0 |    0 |   0 |       0 | gig_ethernet_pcs_pma_0/inst/core_clocking_i/userclk2   |
| g2        | n/a   | BUFGCTRL/O      | None       |         324 |               0 |  321 |           0 |    2 |   0 |  0 |    0 |   0 |       0 | GMII_CLK                                               |
| g4        | n/a   | BUFG/O          | None       |           5 |               0 |    5 |           0 |    0 |   0 |  0 |    0 |   0 |       0 | gig_ethernet_pcs_pma_0/inst/core_clocking_i/rxuserclk2 |
| g8        | n/a   | BUFR/O          | None       |         185 |               0 |  165 |           0 |    1 |   0 |  0 |    0 |   0 |       0 | ADC3_IF/adc/inst/clkout_buf_inst_0                     |
| g9        | n/a   | BUFG/O          | None       |           1 |               0 |    1 |           0 |    0 |   0 |  0 |    0 |   0 |       0 | gig_ethernet_pcs_pma_0/inst/core_clocking_i/userclk    |
| g10       | n/a   | BUFG/O          | None       |           1 |               0 |    0 |           0 |    0 |   0 |  0 |    0 |   0 |       0 | SYSCLK2/inst/clk_out1                                  |
| g11       | n/a   | BUFG/O          | None       |           1 |               0 |    0 |           0 |    0 |   0 |  0 |    0 |   0 |       0 | SYSCLK2/inst/clk_out2                                  |
| g13       | n/a   | BUFG/O          | None       |           1 |               0 |    0 |           0 |    0 |   0 |  0 |    1 |   0 |       0 | SYSCLK0/inst/clkfbout_buf_SYSCLK0                      |
+-----------+-------+-----------------+------------+-------------+-----------------+------+-------------+------+-----+----+------+-----+---------+--------------------------------------------------------+
* Clock Loads column represents cell count of net connects that connect to a clock pin. Internal cell leaf pins are not considered
** Non-Clock Loads column represents cell count of non-clock pin loads
*** Columns FF, LUTRAM, RAMB through 'Hard IP' represents load cell counts


29. Clock Region Cell Placement per Global Clock: Region X0Y3
-------------------------------------------------------------

+-----------+-------+-----------------+------------+-------------+-----------------+------+-------------+------+-----+----+------+-----+---------+-----------------------------------------------------------+
| Global Id | Track | Driver Type/Pin | Constraint | Clock Loads | Non-Clock Loads | FF   | Memory LUTs | RAMB | DSP | GT | MMCM | PLL | Hard IP | Net                                                       |
+-----------+-------+-----------------+------------+-------------+-----------------+------+-------------+------+-----+----+------+-----+---------+-----------------------------------------------------------+
| g0        | n/a   | BUFG/O          | None       |        2907 |               0 | 2885 |          17 |    5 |   0 |  0 |    0 |   0 |       0 | SYSCLK0/inst/clk_out1                                     |
| g2        | n/a   | BUFGCTRL/O      | None       |         198 |               0 |  198 |           0 |    0 |   0 |  0 |    0 |   0 |       0 | GMII_CLK                                                  |
| g15       | n/a   | BUFG/O          | None       |           1 |               0 |    0 |           0 |    0 |   0 |  0 |    1 |   0 |       0 | gig_ethernet_pcs_pma_0/inst/core_clocking_i/txoutclk_bufg |
+-----------+-------+-----------------+------------+-------------+-----------------+------+-------------+------+-----+----+------+-----+---------+-----------------------------------------------------------+
* Clock Loads column represents cell count of net connects that connect to a clock pin. Internal cell leaf pins are not considered
** Non-Clock Loads column represents cell count of non-clock pin loads
*** Columns FF, LUTRAM, RAMB through 'Hard IP' represents load cell counts


30. Clock Region Cell Placement per Global Clock: Region X1Y3
-------------------------------------------------------------

+-----------+-------+-----------------+------------+-------------+-----------------+------+-------------+------+-----+----+------+-----+---------+-----------------------------------------------------------+
| Global Id | Track | Driver Type/Pin | Constraint | Clock Loads | Non-Clock Loads | FF   | Memory LUTs | RAMB | DSP | GT | MMCM | PLL | Hard IP | Net                                                       |
+-----------+-------+-----------------+------------+-------------+-----------------+------+-------------+------+-----+----+------+-----+---------+-----------------------------------------------------------+
| g0        | n/a   | BUFG/O          | None       |        1557 |               0 | 1533 |          15 |    6 |   0 |  0 |    0 |   0 |       0 | SYSCLK0/inst/clk_out1                                     |
| g1        | n/a   | BUFG/O          | None       |        1180 |               0 | 1164 |          16 |    0 |   0 |  0 |    0 |   0 |       0 | gig_ethernet_pcs_pma_0/inst/core_clocking_i/userclk2      |
| g2        | n/a   | BUFGCTRL/O      | None       |         522 |               0 |  517 |           0 |    3 |   0 |  0 |    0 |   0 |       0 | GMII_CLK                                                  |
| g4        | n/a   | BUFG/O          | None       |         349 |               0 |  347 |           0 |    0 |   0 |  2 |    0 |   0 |       0 | gig_ethernet_pcs_pma_0/inst/core_clocking_i/rxuserclk2    |
| g5        | n/a   | BUFG/O          | None       |         231 |               0 |  215 |          14 |    0 |   0 |  2 |    0 |   0 |       0 | gig_ethernet_pcs_pma_0/inst/core_clocking_i/gtrefclk_bufg |
| g9        | n/a   | BUFG/O          | None       |         125 |               0 |  123 |           0 |    0 |   0 |  2 |    0 |   0 |       0 | gig_ethernet_pcs_pma_0/inst/core_clocking_i/userclk       |
+-----------+-------+-----------------+------------+-------------+-----------------+------+-------------+------+-----+----+------+-----+---------+-----------------------------------------------------------+
* Clock Loads column represents cell count of net connects that connect to a clock pin. Internal cell leaf pins are not considered
** Non-Clock Loads column represents cell count of non-clock pin loads
*** Columns FF, LUTRAM, RAMB through 'Hard IP' represents load cell counts



# Location of BUFG Primitives 
set_property LOC BUFGCTRL_X0Y19 [get_cells gig_ethernet_pcs_pma_0/inst/core_clocking_i/bufg_userclk2]
set_property LOC BUFGCTRL_X0Y18 [get_cells gig_ethernet_pcs_pma_0/inst/core_clocking_i/bufg_userclk]
set_property LOC BUFGCTRL_X0Y24 [get_cells gig_ethernet_pcs_pma_0/inst/core_clocking_i/bufg_txoutclk]
set_property LOC BUFGCTRL_X0Y16 [get_cells gig_ethernet_pcs_pma_0/inst/core_clocking_i/rxrecclkbufg]
set_property LOC BUFGCTRL_X0Y17 [get_cells gig_ethernet_pcs_pma_0/inst/core_clocking_i/bufg_gtrefclk]
set_property LOC BUFGCTRL_X0Y2 [get_cells dbg_hub/inst/BSCANID.u_xsdbm_id/SWITCH_N_EXT_BSCAN.u_bufg_icon_tck]
set_property LOC BUFGCTRL_X0Y3 [get_cells SYSCLK2/inst/clkf_buf]
set_property LOC BUFGCTRL_X0Y0 [get_cells SYSCLK2/inst/clkout2_buf]
set_property LOC BUFGCTRL_X0Y1 [get_cells SYSCLK2/inst/clkout1_buf]
set_property LOC BUFGCTRL_X0Y22 [get_cells SYSCLK0/inst/clkf_buf]
set_property LOC BUFGCTRL_X0Y23 [get_cells SYSCLK0/inst/clkout3_buf]
set_property LOC BUFGCTRL_X0Y21 [get_cells SYSCLK0/inst/clkout1_buf]
set_property LOC BUFGCTRL_X0Y20 [get_cells BUF_SGMII1]

# Location of BUFIO Primitives 
set_property LOC BUFIO_X1Y10 [get_cells ADC3_IF/adc/inst/bufio_inst]
set_property LOC BUFIO_X1Y6 [get_cells ADC2_IF/adc/inst/bufio_inst]
set_property LOC BUFIO_X0Y1 [get_cells ADC1_IF/adc/inst/bufio_inst]

# Location of BUFR Primitives 
set_property LOC BUFR_X1Y9 [get_cells ADC3_IF/adc/inst/clkout_buf_inst]
set_property LOC BUFR_X1Y5 [get_cells ADC2_IF/adc/inst/clkout_buf_inst]
set_property LOC BUFR_X0Y1 [get_cells ADC1_IF/adc/inst/clkout_buf_inst]

# Location of IO Primitives which is load of clock spine

# Location of clock ports
set_property LOC IOB_X0Y23 [get_ports ADC_DCO_N[1]]
set_property LOC IOB_X1Y75 [get_ports ADC_DCO_N[2]]
set_property LOC IOB_X1Y125 [get_ports ADC_DCO_N[3]]
set_property LOC IOB_X0Y24 [get_ports ADC_DCO_P[1]]
set_property LOC IOB_X1Y76 [get_ports ADC_DCO_P[2]]
set_property LOC IOB_X1Y126 [get_ports ADC_DCO_P[3]]
set_property LOC IOB_X1Y123 [get_ports CLK75mn]
set_property LOC IOB_X1Y124 [get_ports CLK75mp]
set_property LOC IPAD_X1Y45 [get_ports GMII_REF_CLK_N]
set_property LOC IPAD_X1Y44 [get_ports GMII_REF_CLK_P]

# Clock net "gig_ethernet_pcs_pma_0/inst/core_clocking_i/userclk2" driven by instance "gig_ethernet_pcs_pma_0/inst/core_clocking_i/bufg_userclk2" located at site "BUFGCTRL_X0Y19"
#startgroup
create_pblock {CLKAG_gig_ethernet_pcs_pma_0/inst/core_clocking_i/userclk2}
add_cells_to_pblock [get_pblocks  {CLKAG_gig_ethernet_pcs_pma_0/inst/core_clocking_i/userclk2}] [get_cells -filter { PRIMITIVE_GROUP != I/O && IS_PRIMITIVE==1 && PRIMITIVE_LEVEL !=INTERNAL && NAME!=BUF_SGMII1} -of_object [get_pins -filter {DIRECTION==IN} -of_objects [get_nets -hierarchical -filter {PARENT=="gig_ethernet_pcs_pma_0/inst/core_clocking_i/userclk2"}]]]
resize_pblock [get_pblocks {CLKAG_gig_ethernet_pcs_pma_0/inst/core_clocking_i/userclk2}] -add {CLOCKREGION_X1Y2:CLOCKREGION_X1Y2 CLOCKREGION_X1Y3:CLOCKREGION_X1Y3}
#endgroup

# Clock net "gig_ethernet_pcs_pma_0/inst/core_clocking_i/userclk" driven by instance "gig_ethernet_pcs_pma_0/inst/core_clocking_i/bufg_userclk" located at site "BUFGCTRL_X0Y18"
#startgroup
create_pblock {CLKAG_gig_ethernet_pcs_pma_0/inst/core_clocking_i/userclk}
add_cells_to_pblock [get_pblocks  {CLKAG_gig_ethernet_pcs_pma_0/inst/core_clocking_i/userclk}] [get_cells -filter { PRIMITIVE_GROUP != I/O && IS_PRIMITIVE==1 && PRIMITIVE_LEVEL !=INTERNAL } -of_object [get_pins -filter {DIRECTION==IN} -of_objects [get_nets -hierarchical -filter {PARENT=="gig_ethernet_pcs_pma_0/inst/core_clocking_i/userclk"}]]]
resize_pblock [get_pblocks {CLKAG_gig_ethernet_pcs_pma_0/inst/core_clocking_i/userclk}] -add {CLOCKREGION_X1Y2:CLOCKREGION_X1Y2 CLOCKREGION_X1Y3:CLOCKREGION_X1Y3}
#endgroup

# Clock net "gig_ethernet_pcs_pma_0/inst/core_clocking_i/rxuserclk2" driven by instance "gig_ethernet_pcs_pma_0/inst/core_clocking_i/rxrecclkbufg" located at site "BUFGCTRL_X0Y16"
#startgroup
create_pblock {CLKAG_gig_ethernet_pcs_pma_0/inst/core_clocking_i/rxuserclk2}
add_cells_to_pblock [get_pblocks  {CLKAG_gig_ethernet_pcs_pma_0/inst/core_clocking_i/rxuserclk2}] [get_cells -filter { PRIMITIVE_GROUP != I/O && IS_PRIMITIVE==1 && PRIMITIVE_LEVEL !=INTERNAL } -of_object [get_pins -filter {DIRECTION==IN} -of_objects [get_nets -hierarchical -filter {PARENT=="gig_ethernet_pcs_pma_0/inst/core_clocking_i/rxuserclk2"}]]]
resize_pblock [get_pblocks {CLKAG_gig_ethernet_pcs_pma_0/inst/core_clocking_i/rxuserclk2}] -add {CLOCKREGION_X1Y2:CLOCKREGION_X1Y2 CLOCKREGION_X1Y3:CLOCKREGION_X1Y3}
#endgroup

# Clock net "gig_ethernet_pcs_pma_0/inst/core_clocking_i/gtrefclk_bufg" driven by instance "gig_ethernet_pcs_pma_0/inst/core_clocking_i/bufg_gtrefclk" located at site "BUFGCTRL_X0Y17"
#startgroup
create_pblock {CLKAG_gig_ethernet_pcs_pma_0/inst/core_clocking_i/gtrefclk_bufg}
add_cells_to_pblock [get_pblocks  {CLKAG_gig_ethernet_pcs_pma_0/inst/core_clocking_i/gtrefclk_bufg}] [get_cells -filter { PRIMITIVE_GROUP != I/O && IS_PRIMITIVE==1 && PRIMITIVE_LEVEL !=INTERNAL } -of_object [get_pins -filter {DIRECTION==IN} -of_objects [get_nets -hierarchical -filter {PARENT=="gig_ethernet_pcs_pma_0/inst/core_clocking_i/gtrefclk_bufg"}]]]
resize_pblock [get_pblocks {CLKAG_gig_ethernet_pcs_pma_0/inst/core_clocking_i/gtrefclk_bufg}] -add {CLOCKREGION_X1Y3:CLOCKREGION_X1Y3}
#endgroup

# Clock net "dbg_hub/inst/BSCANID.u_xsdbm_id/itck_i" driven by instance "dbg_hub/inst/BSCANID.u_xsdbm_id/SWITCH_N_EXT_BSCAN.u_bufg_icon_tck" located at site "BUFGCTRL_X0Y2"
#startgroup
create_pblock {CLKAG_dbg_hub/inst/BSCANID.u_xsdbm_id/itck_i}
add_cells_to_pblock [get_pblocks  {CLKAG_dbg_hub/inst/BSCANID.u_xsdbm_id/itck_i}] [get_cells -filter { PRIMITIVE_GROUP != I/O && IS_PRIMITIVE==1 && PRIMITIVE_LEVEL !=INTERNAL } -of_object [get_pins -filter {DIRECTION==IN} -of_objects [get_nets -hierarchical -filter {PARENT=="dbg_hub/inst/BSCANID.u_xsdbm_id/itck_i"}]]]
resize_pblock [get_pblocks {CLKAG_dbg_hub/inst/BSCANID.u_xsdbm_id/itck_i}] -add {CLOCKREGION_X0Y2:CLOCKREGION_X0Y2}
#endgroup

# Clock net "SYSCLK2/inst/clk_out2" driven by instance "SYSCLK2/inst/clkout2_buf" located at site "BUFGCTRL_X0Y0"
#startgroup
create_pblock {CLKAG_SYSCLK2/inst/clk_out2}
add_cells_to_pblock [get_pblocks  {CLKAG_SYSCLK2/inst/clk_out2}] [get_cells -filter { PRIMITIVE_GROUP != I/O && IS_PRIMITIVE==1 && PRIMITIVE_LEVEL !=INTERNAL } -of_object [get_pins -filter {DIRECTION==IN} -of_objects [get_nets -hierarchical -filter {PARENT=="SYSCLK2/inst/clk_out2"}]]]
resize_pblock [get_pblocks {CLKAG_SYSCLK2/inst/clk_out2}] -add {CLOCKREGION_X0Y0:CLOCKREGION_X0Y0 CLOCKREGION_X1Y1:CLOCKREGION_X1Y1 CLOCKREGION_X1Y2:CLOCKREGION_X1Y2}
#endgroup

# Clock net "SYSCLK2/inst/clk_out1" driven by instance "SYSCLK2/inst/clkout1_buf" located at site "BUFGCTRL_X0Y1"
#startgroup
create_pblock {CLKAG_SYSCLK2/inst/clk_out1}
add_cells_to_pblock [get_pblocks  {CLKAG_SYSCLK2/inst/clk_out1}] [get_cells -filter { PRIMITIVE_GROUP != I/O && IS_PRIMITIVE==1 && PRIMITIVE_LEVEL !=INTERNAL } -of_object [get_pins -filter {DIRECTION==IN} -of_objects [get_nets -hierarchical -filter {PARENT=="SYSCLK2/inst/clk_out1"}]]]
resize_pblock [get_pblocks {CLKAG_SYSCLK2/inst/clk_out1}] -add {CLOCKREGION_X0Y0:CLOCKREGION_X0Y0 CLOCKREGION_X1Y1:CLOCKREGION_X1Y1 CLOCKREGION_X1Y2:CLOCKREGION_X1Y2}
#endgroup

# Clock net "SYSCLK0/inst/clk_out1" driven by instance "SYSCLK0/inst/clkout1_buf" located at site "BUFGCTRL_X0Y21"
#startgroup
create_pblock {CLKAG_SYSCLK0/inst/clk_out1}
add_cells_to_pblock [get_pblocks  {CLKAG_SYSCLK0/inst/clk_out1}] [get_cells -filter { PRIMITIVE_GROUP != I/O && IS_PRIMITIVE==1 && PRIMITIVE_LEVEL !=INTERNAL } -of_object [get_pins -filter {DIRECTION==IN} -of_objects [get_nets -hierarchical -filter {PARENT=="SYSCLK0/inst/clk_out1"}]]]
resize_pblock [get_pblocks {CLKAG_SYSCLK0/inst/clk_out1}] -add {CLOCKREGION_X0Y0:CLOCKREGION_X0Y0 CLOCKREGION_X0Y1:CLOCKREGION_X0Y1 CLOCKREGION_X0Y2:CLOCKREGION_X0Y2 CLOCKREGION_X0Y3:CLOCKREGION_X0Y3 CLOCKREGION_X1Y0:CLOCKREGION_X1Y0 CLOCKREGION_X1Y1:CLOCKREGION_X1Y1 CLOCKREGION_X1Y2:CLOCKREGION_X1Y2 CLOCKREGION_X1Y3:CLOCKREGION_X1Y3}
#endgroup

# Clock net "GMII_CLK" driven by instance "BUF_SGMII1" located at site "BUFGCTRL_X0Y20"
#startgroup
create_pblock {CLKAG_GMII_CLK}
add_cells_to_pblock [get_pblocks  {CLKAG_GMII_CLK}] [get_cells -filter { PRIMITIVE_GROUP != I/O && IS_PRIMITIVE==1 && PRIMITIVE_LEVEL !=INTERNAL } -of_object [get_pins -filter {DIRECTION==IN} -of_objects [get_nets -hierarchical -filter {PARENT=="GMII_CLK"}]]]
resize_pblock [get_pblocks {CLKAG_GMII_CLK}] -add {CLOCKREGION_X0Y2:CLOCKREGION_X0Y2 CLOCKREGION_X0Y3:CLOCKREGION_X0Y3 CLOCKREGION_X1Y2:CLOCKREGION_X1Y2 CLOCKREGION_X1Y3:CLOCKREGION_X1Y3}
#endgroup

# Clock net "ADC3_IF/adc/inst/clkout_buf_inst_0" driven by instance "ADC3_IF/adc/inst/clkout_buf_inst" located at site "BUFR_X1Y9"
#startgroup
create_pblock {CLKAG_ADC3_IF/adc/inst/clkout_buf_inst_0}
add_cells_to_pblock [get_pblocks  {CLKAG_ADC3_IF/adc/inst/clkout_buf_inst_0}] [get_cells -filter { PRIMITIVE_GROUP != I/O && IS_PRIMITIVE==1 && PRIMITIVE_LEVEL !=INTERNAL } -of_object [get_pins -filter {DIRECTION==IN} -of_objects [get_nets -hierarchical -filter {PARENT=="ADC3_IF/adc/inst/clkout_buf_inst_0"}]]]
resize_pblock [get_pblocks {CLKAG_ADC3_IF/adc/inst/clkout_buf_inst_0}] -add {CLOCKREGION_X1Y2:CLOCKREGION_X1Y2}
#endgroup

# Clock net "ADC2_IF/adc/inst/clkout_buf_inst_0" driven by instance "ADC2_IF/adc/inst/clkout_buf_inst" located at site "BUFR_X1Y5"
#startgroup
create_pblock {CLKAG_ADC2_IF/adc/inst/clkout_buf_inst_0}
add_cells_to_pblock [get_pblocks  {CLKAG_ADC2_IF/adc/inst/clkout_buf_inst_0}] [get_cells -filter { PRIMITIVE_GROUP != I/O && IS_PRIMITIVE==1 && PRIMITIVE_LEVEL !=INTERNAL } -of_object [get_pins -filter {DIRECTION==IN} -of_objects [get_nets -hierarchical -filter {PARENT=="ADC2_IF/adc/inst/clkout_buf_inst_0"}]]]
resize_pblock [get_pblocks {CLKAG_ADC2_IF/adc/inst/clkout_buf_inst_0}] -add {CLOCKREGION_X1Y1:CLOCKREGION_X1Y1}
#endgroup

# Clock net "ADC1_IF/adc/inst/clkout_buf_inst_0" driven by instance "ADC1_IF/adc/inst/clkout_buf_inst" located at site "BUFR_X0Y1"
#startgroup
create_pblock {CLKAG_ADC1_IF/adc/inst/clkout_buf_inst_0}
add_cells_to_pblock [get_pblocks  {CLKAG_ADC1_IF/adc/inst/clkout_buf_inst_0}] [get_cells -filter { PRIMITIVE_GROUP != I/O && IS_PRIMITIVE==1 && PRIMITIVE_LEVEL !=INTERNAL } -of_object [get_pins -filter {DIRECTION==IN} -of_objects [get_nets -hierarchical -filter {PARENT=="ADC1_IF/adc/inst/clkout_buf_inst_0"}]]]
resize_pblock [get_pblocks {CLKAG_ADC1_IF/adc/inst/clkout_buf_inst_0}] -add {CLOCKREGION_X0Y0:CLOCKREGION_X0Y0}
#endgroup
