Copyright 1986-2022 Xilinx, Inc. All Rights Reserved. Copyright 2022-2024 Advanced Micro Devices, Inc. All Rights Reserved.
-------------------------------------------------------------------------------------------------------------------------------------------------------------
| Tool Version     : Vivado v.2024.2 (win64) Build 5239630 Fri Nov 08 22:35:27 MST 2024
| Date             : Tue Mar 10 13:44:20 2026
| Host             : nudaq-win02 running 64-bit major release  (build 9200)
| Command          : report_power -file ADC_SiTCP_V20_power_routed.rpt -pb ADC_SiTCP_V20_power_summary_routed.pb -rpx ADC_SiTCP_V20_power_routed.rpx
| Design           : ADC_SiTCP_V20
| Device           : xc7a100tfgg484-1
| Design State     : routed
| Grade            : commercial
| Process          : typical
| Characterization : Production
-------------------------------------------------------------------------------------------------------------------------------------------------------------

Power Report

Table of Contents
-----------------
1. Summary
1.1 On-Chip Components
1.2 Power Supply Summary
1.3 Confidence Level
2. Settings
2.1 Environment
2.2 Clock Constraints
3. Detailed Reports
3.1 By Hierarchy

1. Summary
----------

+--------------------------+--------------+
| Total On-Chip Power (W)  | 1.698        |
| Design Power Budget (W)  | Unspecified* |
| Power Budget Margin (W)  | NA           |
| Dynamic (W)              | 1.578        |
| Device Static (W)        | 0.120        |
| Effective TJA (C/W)      | 2.7          |
| Max Ambient (C)          | 80.5         |
| Junction Temperature (C) | 29.5         |
| Confidence Level         | Low          |
| Setting File             | ---          |
| Simulation Activity File | ---          |
| Design Nets Matched      | NA           |
+--------------------------+--------------+
* Specify Design Power Budget using, set_operating_conditions -design_power_budget <value in Watts>


1.1 On-Chip Components
----------------------

+--------------------------+-----------+----------+-----------+-----------------+
| On-Chip                  | Power (W) | Used     | Available | Utilization (%) |
+--------------------------+-----------+----------+-----------+-----------------+
| Clocks                   |     0.211 |       26 |       --- |             --- |
| Slice Logic              |     0.221 |    75500 |       --- |             --- |
|   LUT as Logic           |     0.163 |    21240 |     63400 |           33.50 |
|   CARRY4                 |     0.035 |     3616 |     15850 |           22.81 |
|   Register               |     0.021 |    42534 |    126800 |           33.54 |
|   LUT as Shift Register  |    <0.001 |      338 |     19000 |            1.78 |
|   LUT as Distributed RAM |    <0.001 |      120 |     19000 |            0.63 |
|   F7/F8 Muxes            |    <0.001 |      570 |     63400 |            0.90 |
|   BUFG                   |    <0.001 |        1 |        32 |            3.13 |
|   Others                 |     0.000 |     4265 |       --- |             --- |
|   BUFR                   |     0.000 |        1 |       120 |            0.83 |
| Signals                  |     0.180 |    52669 |       --- |             --- |
| Block RAM                |     0.036 |      101 |       135 |           74.81 |
| MMCM                     |     0.324 |        3 |         6 |           50.00 |
| DSPs                     |     0.005 |        8 |       240 |            3.33 |
| I/O                      |     0.457 |      150 |       285 |           52.63 |
| GTP                      |     0.217 |        2 |       --- |             --- |
| Static Power             |     0.120 |          |           |                 |
| Total                    |     1.770 |          |           |                 |
+--------------------------+-----------+----------+-----------+-----------------+


1.2 Power Supply Summary
------------------------

+-----------+-------------+-----------+-------------+------------+-------------+-------------+------------+
| Source    | Voltage (V) | Total (A) | Dynamic (A) | Static (A) | Powerup (A) | Budget (A)  | Margin (A) |
+-----------+-------------+-----------+-------------+------------+-------------+-------------+------------+
| Vccint    |       1.000 |     0.711 |       0.691 |      0.020 |       NA    | Unspecified | NA         |
| Vccaux    |       1.800 |     0.261 |       0.243 |      0.018 |       NA    | Unspecified | NA         |
| Vcco33    |       3.300 |     0.005 |       0.001 |      0.004 |       NA    | Unspecified | NA         |
| Vcco25    |       2.500 |     0.101 |       0.097 |      0.004 |       NA    | Unspecified | NA         |
| Vcco18    |       1.800 |     0.000 |       0.000 |      0.000 |       NA    | Unspecified | NA         |
| Vcco15    |       1.500 |     0.000 |       0.000 |      0.000 |       NA    | Unspecified | NA         |
| Vcco135   |       1.350 |     0.000 |       0.000 |      0.000 |       NA    | Unspecified | NA         |
| Vcco12    |       1.200 |     0.000 |       0.000 |      0.000 |       NA    | Unspecified | NA         |
| Vccaux_io |       1.800 |     0.000 |       0.000 |      0.000 |       NA    | Unspecified | NA         |
| Vccbram   |       1.000 |     0.005 |       0.002 |      0.003 |       NA    | Unspecified | NA         |
| MGTAVcc   |       1.000 |     0.104 |       0.103 |      0.002 |       NA    | Unspecified | NA         |
| MGTAVtt   |       1.200 |     0.087 |       0.085 |      0.003 |       NA    | Unspecified | NA         |
| Vccadc    |       1.800 |     0.020 |       0.000 |      0.020 |       NA    | Unspecified | NA         |
+-----------+-------------+-----------+-------------+------------+-------------+-------------+------------+


1.3 Confidence Level
--------------------

+-----------------------------+------------+--------------------------------------------------------+------------------------------------------------------------------------------------------------------------+
| User Input Data             | Confidence | Details                                                | Action                                                                                                     |
+-----------------------------+------------+--------------------------------------------------------+------------------------------------------------------------------------------------------------------------+
| Design implementation state | High       | Design is routed                                       |                                                                                                            |
| Clock nodes activity        | High       | User specified more than 95% of clocks                 |                                                                                                            |
| I/O nodes activity          | Low        | More than 75% of inputs are missing user specification | Provide missing input activity with simulation results or by editing the "By Resource Type -> I/Os" view   |
| Internal nodes activity     | Medium     | User specified less than 25% of internal nodes         | Provide missing internal nodes activity with simulation results or by editing the "By Resource Type" views |
| Device models               | High       | Device models are Production                           |                                                                                                            |
|                             |            |                                                        |                                                                                                            |
| Overall confidence level    | Low        |                                                        |                                                                                                            |
+-----------------------------+------------+--------------------------------------------------------+------------------------------------------------------------------------------------------------------------+


2. Settings
-----------

2.1 Environment
---------------

+-----------------------+--------------------------+
| Ambient Temp (C)      | 25.0                     |
| ThetaJA (C/W)         | 2.7                      |
| Airflow (LFM)         | 250                      |
| Heat Sink             | medium (Medium Profile)  |
| ThetaSA (C/W)         | 4.6                      |
| Board Selection       | medium (10"x10")         |
| # of Board Layers     | 12to15 (12 to 15 Layers) |
| Board Temperature (C) | 25.0                     |
+-----------------------+--------------------------+


2.2 Clock Constraints
---------------------

+----------------------------------------------------------------------------------------------------------------------------+------------------------------------------------------------------------------------------------------------------------+-----------------+
| Clock                                                                                                                      | Domain                                                                                                                 | Constraint (ns) |
+----------------------------------------------------------------------------------------------------------------------------+------------------------------------------------------------------------------------------------------------------------+-----------------+
| ADC_DCO_P[1]                                                                                                               | ADC_DCO_P[1]                                                                                                           |             2.1 |
| ADC_DCO_P[2]                                                                                                               | ADC_DCO_P[2]                                                                                                           |             2.1 |
| ADC_DCO_P[3]                                                                                                               | ADC_DCO_P[3]                                                                                                           |             2.1 |
| CLK75mp                                                                                                                    | CLK75mp                                                                                                                |            12.5 |
| CLK_DIV_OUT                                                                                                                | ADC1_IF/adc/inst/clkout_buf_inst_0                                                                                     |             6.2 |
| CLK_DIV_OUT_1                                                                                                              | ADC2_IF/adc/inst/clkout_buf_inst_0                                                                                     |             6.2 |
| CLK_DIV_OUT_2                                                                                                              | ADC3_IF/adc/inst/clkout_buf_inst_0                                                                                     |             6.2 |
| clk_out1_SYSCLK0                                                                                                           | SYSCLK0/inst/clk_out1_SYSCLK0                                                                                          |             6.2 |
| clk_out1_SYSCLK2                                                                                                           | SYSCLK2/inst/clk_out1_SYSCLK2                                                                                          |             5.0 |
| clk_out2_SYSCLK2                                                                                                           | SYSCLK2/inst/clk_out2_SYSCLK2                                                                                          |            12.5 |
| clk_out3_SYSCLK0                                                                                                           | SYSCLK0/inst/clk_out3_SYSCLK0                                                                                          |            10.0 |
| clkfbout                                                                                                                   | gig_ethernet_pcs_pma_0/inst/core_clocking_i/clkfbout                                                                   |            16.0 |
| clkfbout_SYSCLK0                                                                                                           | SYSCLK0/inst/clkfbout_SYSCLK0                                                                                          |            12.5 |
| clkfbout_SYSCLK2                                                                                                           | SYSCLK2/inst/clkfbout_SYSCLK2                                                                                          |            10.0 |
| clkout0                                                                                                                    | gig_ethernet_pcs_pma_0/inst/core_clocking_i/clkout0                                                                    |             8.0 |
| clkout1                                                                                                                    | gig_ethernet_pcs_pma_0/inst/core_clocking_i/clkout1                                                                    |            16.0 |
| dbg_hub/inst/BSCANID.u_xsdbm_id/SWITCH_N_EXT_BSCAN.bscan_inst/SERIES7_BSCAN.bscan_inst/TCK                                 | dbg_hub/inst/BSCANID.u_xsdbm_id/SWITCH_N_EXT_BSCAN.bscan_inst/TCK                                                      |            33.0 |
| gig_ethernet_pcs_pma_0/inst/pcs_pma_block_i/transceiver_inst/gtwizard_inst/inst/gtwizard_i/gt0_GTWIZARD_i/gtpe2_i/RXOUTCLK | gig_ethernet_pcs_pma_0/inst/pcs_pma_block_i/transceiver_inst/gtwizard_inst/inst/gtwizard_i/gt0_GTWIZARD_i/rxoutclk_out |            16.0 |
| gig_ethernet_pcs_pma_0/inst/pcs_pma_block_i/transceiver_inst/gtwizard_inst/inst/gtwizard_i/gt0_GTWIZARD_i/gtpe2_i/TXOUTCLK | gig_ethernet_pcs_pma_0/inst/pcs_pma_block_i/transceiver_inst/gtwizard_inst/inst/gtwizard_i/gt0_GTWIZARD_i/txoutclk_out |            16.0 |
+----------------------------------------------------------------------------------------------------------------------------+------------------------------------------------------------------------------------------------------------------------+-----------------+


3. Detailed Reports
-------------------

3.1 By Hierarchy
----------------

+-----------------------------------+-----------+
| Name                              | Power (W) |
+-----------------------------------+-----------+
| ADC_SiTCP_V20                     |     1.650 |
|   ADC1_IF                         |     0.087 |
|     adc                           |     0.078 |
|       inst                        |     0.078 |
|     eras_fifo                     |     0.006 |
|       U0                          |     0.006 |
|   ADC2_IF                         |     0.086 |
|     adc                           |     0.078 |
|       inst                        |     0.078 |
|     eras_fifo                     |     0.006 |
|       U0                          |     0.006 |
|   ADC3_IF                         |     0.087 |
|     adc                           |     0.078 |
|       inst                        |     0.078 |
|     eras_fifo                     |     0.006 |
|       U0                          |     0.006 |
|   ADC_SiTCP_RAW                   |     0.463 |
|     ADC_INT                       |     0.458 |
|       CalBeamPosition             |     0.183 |
|       CalBeamWidth                |     0.030 |
|       CalPartBeamWidth            |     0.211 |
|       multiplier_0                |     0.003 |
|       multiplier_1                |     0.003 |
|   ADC_SiTCP_RING                  |     0.002 |
|   LOC_REG                         |     0.007 |
|   SYSCLK0                         |     0.128 |
|     inst                          |     0.128 |
|   SYSCLK2                         |     0.097 |
|     inst                          |     0.097 |
|   SiTCP1                          |     0.052 |
|     SiTCP                         |     0.052 |
|       GMII                        |     0.012 |
|       SiTCP                       |     0.031 |
|       SiTCP_INT                   |     0.009 |
|   SiTCP2                          |     0.047 |
|     SiTCP                         |     0.047 |
|       GMII                        |     0.012 |
|       SiTCP                       |     0.028 |
|       SiTCP_INT                   |     0.006 |
|   dbg_hub                         |     0.003 |
|     inst                          |     0.003 |
|       BSCANID.u_xsdbm_id          |     0.003 |
|   gig_ethernet_pcs_pma_0          |     0.228 |
|     inst                          |     0.228 |
|       core_clocking_i             |     0.107 |
|       pcs_pma_block_i             |     0.121 |
|   gig_ethernet_pcs_pma_2          |     0.122 |
|     inst                          |     0.122 |
|       gig_ethernet_pcs_pma_2_core |     0.004 |
|       transceiver_inst            |     0.117 |
|   u_ila_0                         |     0.012 |
|     inst                          |     0.012 |
|       ila_core_inst               |     0.012 |
+-----------------------------------+-----------+


