#-----------------------------------------------------------
# Vivado v2024.2 (64-bit)
# SW Build 5239630 on Fri Nov 08 22:35:27 MST 2024
# IP Build 5239520 on Sun Nov 10 16:12:51 MST 2024
# SharedData Build 5239561 on Fri Nov 08 14:39:27 MST 2024
# Start of session at: Thu Oct  9 17:53:02 2025
# Process ID         : 13708
# Current directory  : C:/Users/daq/Desktop/PAPILLON_asai/PAPILLON_v20251009
# Command line       : vivado.exe -gui_launcher_event rodinguilauncherevent12224 C:\Users\daq\Desktop\PAPILLON_asai\PAPILLON_v20251009\PAPILLON_v20251009.xpr
# Log file           : C:/Users/daq/Desktop/PAPILLON_asai/PAPILLON_v20251009/vivado.log
# Journal file       : C:/Users/daq/Desktop/PAPILLON_asai/PAPILLON_v20251009\vivado.jou
# Running On         : DESKTOP-NG52DIC
# Platform           : Windows Server 2016 or Windows 10
# Operating System   : 26100
# Processor Detail   : 11th Gen Intel(R) Core(TM) i5-11400 @ 2.60GHz
# CPU Frequency      : 2592 MHz
# CPU Physical cores : 6
# CPU Logical cores  : 12
# Host memory        : 33959 MB
# Swap memory        : 2147 MB
# Total Virtual      : 36106 MB
# Available Virtual  : 27255 MB
#-----------------------------------------------------------
start_gui
open_project C:/Users/daq/Desktop/PAPILLON_asai/PAPILLON_v20251009/PAPILLON_v20251009.xpr
Scanning sources...
Finished scanning sources
INFO: [IP_Flow 19-234] Refreshing IP repositories
INFO: [IP_Flow 19-1704] No user IP repositories specified
INFO: [IP_Flow 19-2313] Loaded Vivado IP repository 'C:/Xilinx/Vivado/2024.2/data/ip'.
open_project: Time (s): cpu = 00:00:11 ; elapsed = 00:00:08 . Memory (MB): peak = 1267.555 ; gain = 174.094
update_compile_order -fileset sources_1
import_files -norecurse {C:/Users/daq/Downloads/SiTCP_Netlist_for_Artix7/SiTCP_Netlist_for_Artix7-master/WRAP_SiTCP_GMII_XC7A_32K.V C:/Users/daq/Downloads/SiTCP_Netlist_for_Artix7/SiTCP_Netlist_for_Artix7-master/SiTCP_XC7A_32K_BBT_V110.V}
update_compile_order -fileset sources_1
import_files -norecurse C:/Users/daq/Downloads/SiTCP_Netlist_for_Artix7/SiTCP_Netlist_for_Artix7-master/SiTCP_XC7A_32K_BBT_V110.edf
update_compile_order -fileset sources_1
export_ip_user_files -of_objects  [get_files C:/Users/daq/Desktop/PAPILLON_asai/PAPILLON_v20251009/PAPILLON_v20251009.srcs/sources_1/imports/SiTCP_Netlist_for_Artix7-master/WRAP_SiTCP_GMII_XC7A_32K.V] -no_script -reset -force -quiet
remove_files  C:/Users/daq/Desktop/PAPILLON_asai/PAPILLON_v20251009/PAPILLON_v20251009.srcs/sources_1/imports/SiTCP_Netlist_for_Artix7-master/WRAP_SiTCP_GMII_XC7A_32K.V
export_ip_user_files -of_objects  [get_files C:/Users/daq/Desktop/PAPILLON_asai/PAPILLON_v20251009/PAPILLON_v20251009.srcs/sources_1/imports/imports/src/WRAP_SiTCP_GMII_XC7A_32K.V] -no_script -reset -force -quiet
remove_files  C:/Users/daq/Desktop/PAPILLON_asai/PAPILLON_v20251009/PAPILLON_v20251009.srcs/sources_1/imports/imports/src/WRAP_SiTCP_GMII_XC7A_32K.V
update_compile_order -fileset sources_1
export_ip_user_files -of_objects  [get_files C:/Users/daq/Desktop/PAPILLON_asai/PAPILLON_v20251009/PAPILLON_v20251009.srcs/sources_1/imports/SiTCP_Netlist_for_Artix7-master/SiTCP_XC7A_32K_BBT_V110.V] -no_script -reset -force -quiet
export_ip_user_files -of_objects  [get_files C:/Users/daq/Desktop/PAPILLON_asai/PAPILLON_v20251009/PAPILLON_v20251009.srcs/sources_1/imports/SiTCP_Netlist_for_Artix7-master/SiTCP_XC7A_32K_BBT_V110.edf] -no_script -reset -force -quiet
export_ip_user_files -of_objects  [get_files C:/Users/daq/Desktop/PAPILLON_asai/PAPILLON_v20251009/PAPILLON_v20251009.srcs/sources_1/imports/imports/src/SiTCP_XC7A_32K_BBT_V80.V] -no_script -reset -force -quiet
export_ip_user_files -of_objects  [get_files C:/Users/daq/Desktop/PAPILLON_asai/PAPILLON_v20251009/PAPILLON_v20251009.srcs/sources_1/imports/imports/src/SiTCP_XC7A_32K_BBT_V80.ngc] -no_script -reset -force -quiet
remove_files  {C:/Users/daq/Desktop/PAPILLON_asai/PAPILLON_v20251009/PAPILLON_v20251009.srcs/sources_1/imports/SiTCP_Netlist_for_Artix7-master/SiTCP_XC7A_32K_BBT_V110.V C:/Users/daq/Desktop/PAPILLON_asai/PAPILLON_v20251009/PAPILLON_v20251009.srcs/sources_1/imports/SiTCP_Netlist_for_Artix7-master/SiTCP_XC7A_32K_BBT_V110.edf C:/Users/daq/Desktop/PAPILLON_asai/PAPILLON_v20251009/PAPILLON_v20251009.srcs/sources_1/imports/imports/src/SiTCP_XC7A_32K_BBT_V80.V C:/Users/daq/Desktop/PAPILLON_asai/PAPILLON_v20251009/PAPILLON_v20251009.srcs/sources_1/imports/imports/src/SiTCP_XC7A_32K_BBT_V80.ngc}
export_ip_user_files -of_objects  [get_files C:/Users/daq/Desktop/PAPILLON_asai/PAPILLON_v20251009/PAPILLON_v20251009.srcs/sources_1/imports/imports/src/TIMER.v] -no_script -reset -force -quiet
remove_files  C:/Users/daq/Desktop/PAPILLON_asai/PAPILLON_v20251009/PAPILLON_v20251009.srcs/sources_1/imports/imports/src/TIMER.v
import_files -force -norecurse C:/Users/daq/Downloads/SiTCP_Netlist_for_Artix7/SiTCP_Netlist_for_Artix7-master/SiTCP_XC7A_32K_BBT_V110.edf
import_files -force -norecurse {C:/Users/daq/Downloads/SiTCP_Netlist_for_Artix7/SiTCP_Netlist_for_Artix7-master/WRAP_SiTCP_GMII_XC7A_32K.V C:/Users/daq/Downloads/SiTCP_Netlist_for_Artix7/SiTCP_Netlist_for_Artix7-master/TIMER.v C:/Users/daq/Downloads/SiTCP_Netlist_for_Artix7/SiTCP_Netlist_for_Artix7-master/SiTCP_XC7A_32K_BBT_V110.V}
update_compile_order -fileset sources_1
launch_runs synth_1 -jobs 6
WARNING: [Vivado 12-7122] Auto Incremental Compile:: No reference checkpoint was found in run synth_1. Auto-incremental flow will not be run, the standard flow will be run instead.
[Thu Oct  9 17:58:53 2025] Launched synth_1...
Run output will be captured here: C:/Users/daq/Desktop/PAPILLON_asai/PAPILLON_v20251009/PAPILLON_v20251009.runs/synth_1/runme.log
WARNING: [filemgmt 56-199] Attempt to get parsing info during refresh. "On-the-fly" syntax checking information may be incorrect. [C:\Users\daq\Desktop\PAPILLON_asai\PAPILLON_v20251009\PAPILLON_v20251009.srcs\sources_1\imports\SiTCP_Netlist_for_Artix7-master\WRAP_SiTCP_GMII_XC7A_32K.V:]
WARNING: [filemgmt 56-199] Attempt to get parsing info during refresh. "On-the-fly" syntax checking information may be incorrect. [C:\Users\daq\Desktop\PAPILLON_asai\PAPILLON_v20251009\PAPILLON_v20251009.srcs\sources_1\imports\imports\src\ADC_SiTCP_V20.v:]
WARNING: [filemgmt 56-199] Attempt to get parsing info during refresh. "On-the-fly" syntax checking information may be incorrect. [C:\Users\daq\Desktop\PAPILLON_asai\PAPILLON_v20251009\PAPILLON_v20251009.srcs\sources_1\imports\SiTCP_Netlist_for_Artix7-master\WRAP_SiTCP_GMII_XC7A_32K.V:]
WARNING: [filemgmt 56-199] Attempt to get parsing info during refresh. "On-the-fly" syntax checking information may be incorrect. [C:\Users\daq\Desktop\PAPILLON_asai\PAPILLON_v20251009\PAPILLON_v20251009.srcs\sources_1\imports\SiTCP_Netlist_for_Artix7-master\WRAP_SiTCP_GMII_XC7A_32K.V:]
ERROR: [Common 17-180] Spawn failed: No error
reset_run synth_1
launch_runs synth_1 -jobs 6
WARNING: [Vivado 12-7122] Auto Incremental Compile:: No reference checkpoint was found in run synth_1. Auto-incremental flow will not be run, the standard flow will be run instead.
[Thu Oct  9 18:02:55 2025] Launched synth_1...
Run output will be captured here: C:/Users/daq/Desktop/PAPILLON_asai/PAPILLON_v20251009/PAPILLON_v20251009.runs/synth_1/runme.log
launch_runs impl_1 -jobs 6
[Thu Oct  9 18:04:24 2025] Launched impl_1...
Run output will be captured here: C:/Users/daq/Desktop/PAPILLON_asai/PAPILLON_v20251009/PAPILLON_v20251009.runs/impl_1/runme.log
WARNING: [filemgmt 56-199] Attempt to get parsing info during refresh. "On-the-fly" syntax checking information may be incorrect. [C:\Users\daq\Desktop\PAPILLON_asai\PAPILLON_v20251009\PAPILLON_v20251009.srcs\sources_1\imports\SiTCP_Netlist_for_Artix7-master\WRAP_SiTCP_GMII_XC7A_32K.V:]
WARNING: [filemgmt 56-199] Attempt to get parsing info during refresh. "On-the-fly" syntax checking information may be incorrect. [C:\Users\daq\Desktop\PAPILLON_asai\PAPILLON_v20251009\PAPILLON_v20251009.srcs\sources_1\imports\imports\src\ADC_SiTCP_V20.v:]
WARNING: [filemgmt 56-199] Attempt to get parsing info during refresh. "On-the-fly" syntax checking information may be incorrect. [C:\Users\daq\Desktop\PAPILLON_asai\PAPILLON_v20251009\PAPILLON_v20251009.srcs\sources_1\imports\SiTCP_Netlist_for_Artix7-master\WRAP_SiTCP_GMII_XC7A_32K.V:]
WARNING: [filemgmt 56-199] Attempt to get parsing info during refresh. "On-the-fly" syntax checking information may be incorrect. [C:\Users\daq\Desktop\PAPILLON_asai\PAPILLON_v20251009\PAPILLON_v20251009.srcs\sources_1\imports\SiTCP_Netlist_for_Artix7-master\WRAP_SiTCP_GMII_XC7A_32K.V:]
ERROR: [Common 17-180] Spawn failed: No error
reset_run synth_1
INFO: [Project 1-1160] Copying file C:/Users/daq/Desktop/PAPILLON_asai/PAPILLON_v20251009/PAPILLON_v20251009.runs/synth_1/ADC_SiTCP_V20.dcp to C:/Users/daq/Desktop/PAPILLON_asai/PAPILLON_v20251009/PAPILLON_v20251009.srcs/utils_1/imports/synth_1 and adding it to utils fileset
WARNING: [filemgmt 56-199] Attempt to get parsing info during refresh. "On-the-fly" syntax checking information may be incorrect. [C:\Users\daq\Desktop\PAPILLON_asai\PAPILLON_v20251009\PAPILLON_v20251009.srcs\sources_1\imports\SiTCP_Netlist_for_Artix7-master\WRAP_SiTCP_GMII_XC7A_32K.V:]
WARNING: [filemgmt 56-199] Attempt to get parsing info during refresh. "On-the-fly" syntax checking information may be incorrect. [C:\Users\daq\Desktop\PAPILLON_asai\PAPILLON_v20251009\PAPILLON_v20251009.srcs\sources_1\imports\imports\src\ADC_SiTCP_V20.v:]
WARNING: [filemgmt 56-199] Attempt to get parsing info during refresh. "On-the-fly" syntax checking information may be incorrect. [C:\Users\daq\Desktop\PAPILLON_asai\PAPILLON_v20251009\PAPILLON_v20251009.srcs\sources_1\imports\SiTCP_Netlist_for_Artix7-master\WRAP_SiTCP_GMII_XC7A_32K.V:]
WARNING: [filemgmt 56-199] Attempt to get parsing info during refresh. "On-the-fly" syntax checking information may be incorrect. [C:\Users\daq\Desktop\PAPILLON_asai\PAPILLON_v20251009\PAPILLON_v20251009.srcs\sources_1\imports\SiTCP_Netlist_for_Artix7-master\WRAP_SiTCP_GMII_XC7A_32K.V:]
ERROR: [Common 17-180] Spawn failed: No error
launch_runs impl_1 -jobs 6
[Thu Oct  9 18:12:39 2025] Launched synth_1...
Run output will be captured here: C:/Users/daq/Desktop/PAPILLON_asai/PAPILLON_v20251009/PAPILLON_v20251009.runs/synth_1/runme.log
[Thu Oct  9 18:12:39 2025] Launched impl_1...
Run output will be captured here: C:/Users/daq/Desktop/PAPILLON_asai/PAPILLON_v20251009/PAPILLON_v20251009.runs/impl_1/runme.log
exit
INFO: [Common 17-206] Exiting Vivado at Thu Oct  9 19:36:35 2025...
