#-----------------------------------------------------------
# Vivado v2024.2 (64-bit)
# SW Build 5239630 on Fri Nov 08 22:35:27 MST 2024
# IP Build 5239520 on Sun Nov 10 16:12:51 MST 2024
# SharedData Build 5239561 on Fri Nov 08 14:39:27 MST 2024
# Start of session at: Fri Oct 10 12:12:10 2025
# Process ID         : 8588
# Current directory  : C:/Users/daq/Desktop/PAPILLON_asai/PAPILLON_v20251009
# Command line       : vivado.exe -gui_launcher_event rodinguilauncherevent5016 C:\Users\daq\Desktop\PAPILLON_asai\PAPILLON_v20251009\PAPILLON_v20251009.xpr
# Log file           : C:/Users/daq/Desktop/PAPILLON_asai/PAPILLON_v20251009/vivado.log
# Journal file       : C:/Users/daq/Desktop/PAPILLON_asai/PAPILLON_v20251009\vivado.jou
# Running On         : DESKTOP-NG52DIC
# Platform           : Windows Server 2016 or Windows 10
# Operating System   : 26100
# Processor Detail   : 11th Gen Intel(R) Core(TM) i5-11400 @ 2.60GHz
# CPU Frequency      : 2592 MHz
# CPU Physical cores : 6
# CPU Logical cores  : 12
# Host memory        : 33959 MB
# Swap memory        : 2147 MB
# Total Virtual      : 36106 MB
# Available Virtual  : 26510 MB
#-----------------------------------------------------------
start_gui
open_project C:/Users/daq/Desktop/PAPILLON_asai/PAPILLON_v20251009/PAPILLON_v20251009.xpr
Scanning sources...
Finished scanning sources
INFO: [IP_Flow 19-234] Refreshing IP repositories
INFO: [IP_Flow 19-1704] No user IP repositories specified
INFO: [IP_Flow 19-2313] Loaded Vivado IP repository 'C:/Xilinx/Vivado/2024.2/data/ip'.
open_project: Time (s): cpu = 00:00:12 ; elapsed = 00:00:08 . Memory (MB): peak = 1282.812 ; gain = 191.441
update_compile_order -fileset sources_1
launch_runs impl_1 -to_step write_bitstream -jobs 6
[Fri Oct 10 14:53:25 2025] Launched impl_1...
Run output will be captured here: C:/Users/daq/Desktop/PAPILLON_asai/PAPILLON_v20251009/PAPILLON_v20251009.runs/impl_1/runme.log
WARNING: [filemgmt 56-199] Attempt to get parsing info during refresh. "On-the-fly" syntax checking information may be incorrect. [C:\Users\daq\Desktop\PAPILLON_asai\PAPILLON_v20251009\PAPILLON_v20251009.srcs\sources_1\imports\SiTCP_Netlist_for_Artix7-master\WRAP_SiTCP_GMII_XC7A_32K.V:]
WARNING: [filemgmt 56-199] Attempt to get parsing info during refresh. "On-the-fly" syntax checking information may be incorrect. [C:\Users\daq\Desktop\PAPILLON_asai\PAPILLON_v20251009\PAPILLON_v20251009.srcs\sources_1\imports\imports\src\ADC_SiTCP_V20.v:]
WARNING: [filemgmt 56-199] Attempt to get parsing info during refresh. "On-the-fly" syntax checking information may be incorrect. [C:\Users\daq\Desktop\PAPILLON_asai\PAPILLON_v20251009\PAPILLON_v20251009.srcs\sources_1\imports\SiTCP_Netlist_for_Artix7-master\WRAP_SiTCP_GMII_XC7A_32K.V:]
WARNING: [filemgmt 56-199] Attempt to get parsing info during refresh. "On-the-fly" syntax checking information may be incorrect. [C:\Users\daq\Desktop\PAPILLON_asai\PAPILLON_v20251009\PAPILLON_v20251009.srcs\sources_1\imports\SiTCP_Netlist_for_Artix7-master\WRAP_SiTCP_GMII_XC7A_32K.V:]
ERROR: [Common 17-180] Spawn failed: No error
WARNING: [filemgmt 56-199] Attempt to get parsing info during refresh. "On-the-fly" syntax checking information may be incorrect. [C:\Users\daq\Desktop\PAPILLON_asai\PAPILLON_v20251009\PAPILLON_v20251009.srcs\sources_1\imports\SiTCP_Netlist_for_Artix7-master\WRAP_SiTCP_GMII_XC7A_32K.V:]
WARNING: [filemgmt 56-199] Attempt to get parsing info during refresh. "On-the-fly" syntax checking information may be incorrect. [C:\Users\daq\Desktop\PAPILLON_asai\PAPILLON_v20251009\PAPILLON_v20251009.srcs\sources_1\imports\imports\src\ADC_SiTCP_V20.v:]
WARNING: [filemgmt 56-199] Attempt to get parsing info during refresh. "On-the-fly" syntax checking information may be incorrect. [C:\Users\daq\Desktop\PAPILLON_asai\PAPILLON_v20251009\PAPILLON_v20251009.srcs\sources_1\imports\SiTCP_Netlist_for_Artix7-master\WRAP_SiTCP_GMII_XC7A_32K.V:]
WARNING: [filemgmt 56-199] Attempt to get parsing info during refresh. "On-the-fly" syntax checking information may be incorrect. [C:\Users\daq\Desktop\PAPILLON_asai\PAPILLON_v20251009\PAPILLON_v20251009.srcs\sources_1\imports\SiTCP_Netlist_for_Artix7-master\WRAP_SiTCP_GMII_XC7A_32K.V:]
ERROR: [Common 17-180] Spawn failed: No error
reset_run synth_1
INFO: [Project 1-1161] Replacing file C:/Users/daq/Desktop/PAPILLON_asai/PAPILLON_v20251009/PAPILLON_v20251009.srcs/utils_1/imports/synth_1/ADC_SiTCP_V20.dcp with file C:/Users/daq/Desktop/PAPILLON_asai/PAPILLON_v20251009/PAPILLON_v20251009.runs/synth_1/ADC_SiTCP_V20.dcp
launch_runs impl_1 -jobs 6
[Fri Oct 10 15:06:41 2025] Launched synth_1...
Run output will be captured here: C:/Users/daq/Desktop/PAPILLON_asai/PAPILLON_v20251009/PAPILLON_v20251009.runs/synth_1/runme.log
[Fri Oct 10 15:06:41 2025] Launched impl_1...
Run output will be captured here: C:/Users/daq/Desktop/PAPILLON_asai/PAPILLON_v20251009/PAPILLON_v20251009.runs/impl_1/runme.log
WARNING: [filemgmt 56-199] Attempt to get parsing info during refresh. "On-the-fly" syntax checking information may be incorrect. [C:\Users\daq\Desktop\PAPILLON_asai\PAPILLON_v20251009\PAPILLON_v20251009.srcs\sources_1\imports\SiTCP_Netlist_for_Artix7-master\WRAP_SiTCP_GMII_XC7A_32K.V:]
WARNING: [filemgmt 56-199] Attempt to get parsing info during refresh. "On-the-fly" syntax checking information may be incorrect. [C:\Users\daq\Desktop\PAPILLON_asai\PAPILLON_v20251009\PAPILLON_v20251009.srcs\sources_1\imports\imports\src\ADC_SiTCP_V20.v:]
WARNING: [filemgmt 56-199] Attempt to get parsing info during refresh. "On-the-fly" syntax checking information may be incorrect. [C:\Users\daq\Desktop\PAPILLON_asai\PAPILLON_v20251009\PAPILLON_v20251009.srcs\sources_1\imports\SiTCP_Netlist_for_Artix7-master\WRAP_SiTCP_GMII_XC7A_32K.V:]
WARNING: [filemgmt 56-199] Attempt to get parsing info during refresh. "On-the-fly" syntax checking information may be incorrect. [C:\Users\daq\Desktop\PAPILLON_asai\PAPILLON_v20251009\PAPILLON_v20251009.srcs\sources_1\imports\SiTCP_Netlist_for_Artix7-master\WRAP_SiTCP_GMII_XC7A_32K.V:]
ERROR: [Common 17-180] Spawn failed: No error
launch_runs impl_1 -to_step write_bitstream -jobs 6
[Fri Oct 10 15:13:58 2025] Launched impl_1...
Run output will be captured here: C:/Users/daq/Desktop/PAPILLON_asai/PAPILLON_v20251009/PAPILLON_v20251009.runs/impl_1/runme.log
WARNING: [filemgmt 56-199] Attempt to get parsing info during refresh. "On-the-fly" syntax checking information may be incorrect. [C:\Users\daq\Desktop\PAPILLON_asai\PAPILLON_v20251009\PAPILLON_v20251009.srcs\sources_1\imports\imports\src\LOC_REG.v:]
WARNING: [filemgmt 56-199] Attempt to get parsing info during refresh. "On-the-fly" syntax checking information may be incorrect. [C:\Users\daq\Desktop\PAPILLON_asai\PAPILLON_v20251009\PAPILLON_v20251009.srcs\sources_1\imports\SiTCP_Netlist_for_Artix7-master\WRAP_SiTCP_GMII_XC7A_32K.V:]
WARNING: [filemgmt 56-199] Attempt to get parsing info during refresh. "On-the-fly" syntax checking information may be incorrect. [C:\Users\daq\Desktop\PAPILLON_asai\PAPILLON_v20251009\PAPILLON_v20251009.srcs\sources_1\imports\imports\src\ADC_SiTCP_V20.v:]
WARNING: [filemgmt 56-199] Attempt to get parsing info during refresh. "On-the-fly" syntax checking information may be incorrect. [C:\Users\daq\Desktop\PAPILLON_asai\PAPILLON_v20251009\PAPILLON_v20251009.srcs\sources_1\imports\SiTCP_Netlist_for_Artix7-master\WRAP_SiTCP_GMII_XC7A_32K.V:]
WARNING: [filemgmt 56-199] Attempt to get parsing info during refresh. "On-the-fly" syntax checking information may be incorrect. [C:\Users\daq\Desktop\PAPILLON_asai\PAPILLON_v20251009\PAPILLON_v20251009.srcs\sources_1\imports\SiTCP_Netlist_for_Artix7-master\WRAP_SiTCP_GMII_XC7A_32K.V:]
WARNING: [filemgmt 56-199] Attempt to get parsing info during refresh. "On-the-fly" syntax checking information may be incorrect. [C:\Users\daq\Desktop\PAPILLON_asai\PAPILLON_v20251009\PAPILLON_v20251009.srcs\sources_1\imports\imports\src\LOC_REG.v:]
WARNING: [filemgmt 56-199] Attempt to get parsing info during refresh. "On-the-fly" syntax checking information may be incorrect. [C:\Users\daq\Desktop\PAPILLON_asai\PAPILLON_v20251009\PAPILLON_v20251009.srcs\sources_1\imports\SiTCP_Netlist_for_Artix7-master\WRAP_SiTCP_GMII_XC7A_32K.V:]
WARNING: [filemgmt 56-199] Attempt to get parsing info during refresh. "On-the-fly" syntax checking information may be incorrect. [C:\Users\daq\Desktop\PAPILLON_asai\PAPILLON_v20251009\PAPILLON_v20251009.srcs\sources_1\imports\imports\src\ADC_SiTCP_V20.v:]
WARNING: [filemgmt 56-199] Attempt to get parsing info during refresh. "On-the-fly" syntax checking information may be incorrect. [C:\Users\daq\Desktop\PAPILLON_asai\PAPILLON_v20251009\PAPILLON_v20251009.srcs\sources_1\imports\imports\src\ADC_SiTCP_V20.v:]
WARNING: [filemgmt 56-199] Attempt to get parsing info during refresh. "On-the-fly" syntax checking information may be incorrect. [C:\Users\daq\Desktop\PAPILLON_asai\PAPILLON_v20251009\PAPILLON_v20251009.srcs\sources_1\imports\imports\src\ADC_SiTCP_V20.v:]
reset_run synth_1
INFO: [Project 1-1161] Replacing file C:/Users/daq/Desktop/PAPILLON_asai/PAPILLON_v20251009/PAPILLON_v20251009.srcs/utils_1/imports/synth_1/ADC_SiTCP_V20.dcp with file C:/Users/daq/Desktop/PAPILLON_asai/PAPILLON_v20251009/PAPILLON_v20251009.runs/synth_1/ADC_SiTCP_V20.dcp
reset_run impl_1
launch_runs impl_1 -jobs 6
WARNING: [filemgmt 56-199] Attempt to get parsing info during refresh. "On-the-fly" syntax checking information may be incorrect. [C:\Users\daq\Desktop\PAPILLON_asai\PAPILLON_v20251009\PAPILLON_v20251009.srcs\sources_1\imports\imports\src\LOC_REG.v:]
WARNING: [filemgmt 56-199] Attempt to get parsing info during refresh. "On-the-fly" syntax checking information may be incorrect. [C:\Users\daq\Desktop\PAPILLON_asai\PAPILLON_v20251009\PAPILLON_v20251009.srcs\sources_1\imports\SiTCP_Netlist_for_Artix7-master\WRAP_SiTCP_GMII_XC7A_32K.V:]
WARNING: [filemgmt 56-199] Attempt to get parsing info during refresh. "On-the-fly" syntax checking information may be incorrect. [C:\Users\daq\Desktop\PAPILLON_asai\PAPILLON_v20251009\PAPILLON_v20251009.srcs\sources_1\imports\imports\src\ADC_SiTCP_V20.v:]
WARNING: [filemgmt 56-199] Attempt to get parsing info during refresh. "On-the-fly" syntax checking information may be incorrect. [C:\Users\daq\Desktop\PAPILLON_asai\PAPILLON_v20251009\PAPILLON_v20251009.srcs\sources_1\imports\SiTCP_Netlist_for_Artix7-master\WRAP_SiTCP_GMII_XC7A_32K.V:]
WARNING: [filemgmt 56-199] Attempt to get parsing info during refresh. "On-the-fly" syntax checking information may be incorrect. [C:\Users\daq\Desktop\PAPILLON_asai\PAPILLON_v20251009\PAPILLON_v20251009.srcs\sources_1\imports\SiTCP_Netlist_for_Artix7-master\WRAP_SiTCP_GMII_XC7A_32K.V:]
[Fri Oct 10 15:46:56 2025] Launched synth_1...
Run output will be captured here: C:/Users/daq/Desktop/PAPILLON_asai/PAPILLON_v20251009/PAPILLON_v20251009.runs/synth_1/runme.log
[Fri Oct 10 15:46:56 2025] Launched impl_1...
Run output will be captured here: C:/Users/daq/Desktop/PAPILLON_asai/PAPILLON_v20251009/PAPILLON_v20251009.runs/impl_1/runme.log
WARNING: [filemgmt 56-199] Attempt to get parsing info during refresh. "On-the-fly" syntax checking information may be incorrect. [C:\Users\daq\Desktop\PAPILLON_asai\PAPILLON_v20251009\PAPILLON_v20251009.srcs\sources_1\imports\imports\src\LOC_REG.v:]
WARNING: [filemgmt 56-199] Attempt to get parsing info during refresh. "On-the-fly" syntax checking information may be incorrect. [C:\Users\daq\Desktop\PAPILLON_asai\PAPILLON_v20251009\PAPILLON_v20251009.srcs\sources_1\imports\SiTCP_Netlist_for_Artix7-master\WRAP_SiTCP_GMII_XC7A_32K.V:]
WARNING: [filemgmt 56-199] Attempt to get parsing info during refresh. "On-the-fly" syntax checking information may be incorrect. [C:\Users\daq\Desktop\PAPILLON_asai\PAPILLON_v20251009\PAPILLON_v20251009.srcs\sources_1\imports\imports\src\ADC_SiTCP_V20.v:]
WARNING: [filemgmt 56-199] Attempt to get parsing info during refresh. "On-the-fly" syntax checking information may be incorrect. [C:\Users\daq\Desktop\PAPILLON_asai\PAPILLON_v20251009\PAPILLON_v20251009.srcs\sources_1\imports\imports\src\LOC_REG.v:]
WARNING: [filemgmt 56-199] Attempt to get parsing info during refresh. "On-the-fly" syntax checking information may be incorrect. [C:\Users\daq\Desktop\PAPILLON_asai\PAPILLON_v20251009\PAPILLON_v20251009.srcs\sources_1\imports\imports\src\LOC_REG.v:]
launch_runs impl_1 -to_step write_bitstream -jobs 6
[Fri Oct 10 15:53:23 2025] Launched impl_1...
Run output will be captured here: C:/Users/daq/Desktop/PAPILLON_asai/PAPILLON_v20251009/PAPILLON_v20251009.runs/impl_1/runme.log
exit
INFO: [Common 17-206] Exiting Vivado at Fri Oct 10 19:33:50 2025...
