#-----------------------------------------------------------
# Vivado v2024.2 (64-bit)
# SW Build 5239630 on Fri Nov 08 22:35:27 MST 2024
# IP Build 5239520 on Sun Nov 10 16:12:51 MST 2024
# SharedData Build 5239561 on Fri Nov 08 14:39:27 MST 2024
# Start of session at: Fri Jan 30 14:53:14 2026
# Process ID         : 34684
# Current directory  : C:/Users/daq/Desktop/PAPILLON_asai/PAPILLON_v20260115
# Command line       : vivado.exe -gui_launcher_event rodinguilauncherevent1708 C:\Users\daq\Desktop\PAPILLON_asai\PAPILLON_v20260115\PAPILLON_v20260115.xpr
# Log file           : C:/Users/daq/Desktop/PAPILLON_asai/PAPILLON_v20260115/vivado.log
# Journal file       : C:/Users/daq/Desktop/PAPILLON_asai/PAPILLON_v20260115\vivado.jou
# Running On         : nudaq-win02
# Platform           : Windows Server 2016 or Windows 10
# Operating System   : 26200
# Processor Detail   : 11th Gen Intel(R) Core(TM) i5-11400 @ 2.60GHz
# CPU Frequency      : 2592 MHz
# CPU Physical cores : 6
# CPU Logical cores  : 12
# Host memory        : 33959 MB
# Swap memory        : 2147 MB
# Total Virtual      : 36106 MB
# Available Virtual  : 18570 MB
#-----------------------------------------------------------
start_gui
open_project C:/Users/daq/Desktop/PAPILLON_asai/PAPILLON_v20260115/PAPILLON_v20260115.xpr
Scanning sources...
Finished scanning sources
INFO: [IP_Flow 19-234] Refreshing IP repositories
INFO: [IP_Flow 19-1704] No user IP repositories specified
INFO: [IP_Flow 19-2313] Loaded Vivado IP repository 'C:/Xilinx/Vivado/2024.2/data/ip'.
open_project: Time (s): cpu = 00:00:14 ; elapsed = 00:00:07 . Memory (MB): peak = 1245.633 ; gain = 110.887
update_compile_order -fileset sources_1
set_property is_enabled false [get_files  C:/Users/daq/Desktop/PAPILLON_asai/PAPILLON_v20260115/PAPILLON_v20260115.srcs/sources_1/ip/gig_ethernet_pcs_pma_1/gig_ethernet_pcs_pma_1.xci]
INFO: [Device 21-403] Loading part xc7a100tfgg484-1
INFO: [xilinx.com:ip:gig_ethernet_pcs_pma:16.2-98989] gig_ethernet_pcs_pma_2: ARCHITECTURE : artix7
INFO: [xilinx.com:ip:gig_ethernet_pcs_pma:16.2-98989] gig_ethernet_pcs_pma_2: PART : xc7a100tfgg484-1
INFO: [xilinx.com:ip:gig_ethernet_pcs_pma:16.2-98989] gig_ethernet_pcs_pma_2: SPEEDGRADE : -1
INFO: [xilinx.com:ip:gig_ethernet_pcs_pma:16.2-98989] gig_ethernet_pcs_pma_2: Standard : 1000BASEX
INFO: [xilinx.com:ip:gig_ethernet_pcs_pma:16.2-98989] gig_ethernet_pcs_pma_2: ARCHITECTURE : artix7
INFO: [xilinx.com:ip:gig_ethernet_pcs_pma:16.2-98989] gig_ethernet_pcs_pma_2: PART : xc7a100tfgg484-1
INFO: [xilinx.com:ip:gig_ethernet_pcs_pma:16.2-98989] gig_ethernet_pcs_pma_2: SPEEDGRADE : -1
INFO: [xilinx.com:ip:gig_ethernet_pcs_pma:16.2-98989] gig_ethernet_pcs_pma_2: Standard : 1000BASEX
INFO: [xilinx.com:ip:gig_ethernet_pcs_pma:16.2-98989] gig_ethernet_pcs_pma_2: ARCHITECTURE : artix7
INFO: [xilinx.com:ip:gig_ethernet_pcs_pma:16.2-98989] gig_ethernet_pcs_pma_2: PART : xc7a100tfgg484-1
INFO: [xilinx.com:ip:gig_ethernet_pcs_pma:16.2-98989] gig_ethernet_pcs_pma_2: SPEEDGRADE : -1
INFO: [xilinx.com:ip:gig_ethernet_pcs_pma:16.2-98989] gig_ethernet_pcs_pma_2: Standard : 1000BASEX
INFO: [xilinx.com:ip:gig_ethernet_pcs_pma:16.2-98989] gig_ethernet_pcs_pma_2: ARCHITECTURE : artix7
INFO: [xilinx.com:ip:gig_ethernet_pcs_pma:16.2-98989] gig_ethernet_pcs_pma_2: PART : xc7a100tfgg484-1
INFO: [xilinx.com:ip:gig_ethernet_pcs_pma:16.2-98989] gig_ethernet_pcs_pma_2: SPEEDGRADE : -1
INFO: [xilinx.com:ip:gig_ethernet_pcs_pma:16.2-98989] gig_ethernet_pcs_pma_2: Standard : 1000BASEX
INFO: [xilinx.com:ip:gig_ethernet_pcs_pma:16.2-98989] gig_ethernet_pcs_pma_2: ARCHITECTURE : artix7
INFO: [xilinx.com:ip:gig_ethernet_pcs_pma:16.2-98989] gig_ethernet_pcs_pma_2: PART : xc7a100tfgg484-1
INFO: [xilinx.com:ip:gig_ethernet_pcs_pma:16.2-98989] gig_ethernet_pcs_pma_2: SPEEDGRADE : -1
INFO: [xilinx.com:ip:gig_ethernet_pcs_pma:16.2-98989] gig_ethernet_pcs_pma_2: Standard : SGMII
INFO: [xilinx.com:ip:gig_ethernet_pcs_pma:16.2-98989] gig_ethernet_pcs_pma_2: ARCHITECTURE : artix7
INFO: [xilinx.com:ip:gig_ethernet_pcs_pma:16.2-98989] gig_ethernet_pcs_pma_2: PART : xc7a100tfgg484-1
INFO: [xilinx.com:ip:gig_ethernet_pcs_pma:16.2-98989] gig_ethernet_pcs_pma_2: SPEEDGRADE : -1
INFO: [xilinx.com:ip:gig_ethernet_pcs_pma:16.2-98989] gig_ethernet_pcs_pma_2: Standard : SGMII
INFO: [xilinx.com:ip:gig_ethernet_pcs_pma:16.2-98989] gig_ethernet_pcs_pma_2: ARCHITECTURE : artix7
INFO: [xilinx.com:ip:gig_ethernet_pcs_pma:16.2-98989] gig_ethernet_pcs_pma_2: PART : xc7a100tfgg484-1
INFO: [xilinx.com:ip:gig_ethernet_pcs_pma:16.2-98989] gig_ethernet_pcs_pma_2: SPEEDGRADE : -1
INFO: [xilinx.com:ip:gig_ethernet_pcs_pma:16.2-98989] gig_ethernet_pcs_pma_2: Standard : 1000BASEX
INFO: [xilinx.com:ip:gig_ethernet_pcs_pma:16.2-98989] gig_ethernet_pcs_pma_2: ARCHITECTURE : artix7
INFO: [xilinx.com:ip:gig_ethernet_pcs_pma:16.2-98989] gig_ethernet_pcs_pma_2: PART : xc7a100tfgg484-1
INFO: [xilinx.com:ip:gig_ethernet_pcs_pma:16.2-98989] gig_ethernet_pcs_pma_2: SPEEDGRADE : -1
INFO: [xilinx.com:ip:gig_ethernet_pcs_pma:16.2-98989] gig_ethernet_pcs_pma_2: Standard : 1000BASEX
INFO: [xilinx.com:ip:gig_ethernet_pcs_pma:16.2-98989] gig_ethernet_pcs_pma_2: ARCHITECTURE : artix7
INFO: [xilinx.com:ip:gig_ethernet_pcs_pma:16.2-98989] gig_ethernet_pcs_pma_2: PART : xc7a100tfgg484-1
INFO: [xilinx.com:ip:gig_ethernet_pcs_pma:16.2-98989] gig_ethernet_pcs_pma_2: SPEEDGRADE : -1
INFO: [xilinx.com:ip:gig_ethernet_pcs_pma:16.2-98989] gig_ethernet_pcs_pma_2: Standard : 1000BASEX
INFO: [xilinx.com:ip:gig_ethernet_pcs_pma:16.2-98989] gig_ethernet_pcs_pma_2: ARCHITECTURE : artix7
INFO: [xilinx.com:ip:gig_ethernet_pcs_pma:16.2-98989] gig_ethernet_pcs_pma_2: PART : xc7a100tfgg484-1
INFO: [xilinx.com:ip:gig_ethernet_pcs_pma:16.2-98989] gig_ethernet_pcs_pma_2: SPEEDGRADE : -1
INFO: [xilinx.com:ip:gig_ethernet_pcs_pma:16.2-98989] gig_ethernet_pcs_pma_2: Standard : 1000BASEX
INFO: [xilinx.com:ip:gig_ethernet_pcs_pma:16.2-98989] gig_ethernet_pcs_pma_2: ARCHITECTURE : artix7
INFO: [xilinx.com:ip:gig_ethernet_pcs_pma:16.2-98989] gig_ethernet_pcs_pma_2: PART : xc7a100tfgg484-1
INFO: [xilinx.com:ip:gig_ethernet_pcs_pma:16.2-98989] gig_ethernet_pcs_pma_2: SPEEDGRADE : -1
INFO: [xilinx.com:ip:gig_ethernet_pcs_pma:16.2-98989] gig_ethernet_pcs_pma_2: Standard : SGMII
INFO: [xilinx.com:ip:gig_ethernet_pcs_pma:16.2-98989] gig_ethernet_pcs_pma_2: ARCHITECTURE : artix7
INFO: [xilinx.com:ip:gig_ethernet_pcs_pma:16.2-98989] gig_ethernet_pcs_pma_2: PART : xc7a100tfgg484-1
INFO: [xilinx.com:ip:gig_ethernet_pcs_pma:16.2-98989] gig_ethernet_pcs_pma_2: SPEEDGRADE : -1
INFO: [xilinx.com:ip:gig_ethernet_pcs_pma:16.2-98989] gig_ethernet_pcs_pma_2: Standard : SGMII
INFO: [xilinx.com:ip:gig_ethernet_pcs_pma:16.2-98989] gig_ethernet_pcs_pma_2: ARCHITECTURE : artix7
INFO: [xilinx.com:ip:gig_ethernet_pcs_pma:16.2-98989] gig_ethernet_pcs_pma_2: PART : xc7a100tfgg484-1
INFO: [xilinx.com:ip:gig_ethernet_pcs_pma:16.2-98989] gig_ethernet_pcs_pma_2: SPEEDGRADE : -1
INFO: [xilinx.com:ip:gig_ethernet_pcs_pma:16.2-98989] gig_ethernet_pcs_pma_2: Standard : 1000BASEX
INFO: [xilinx.com:ip:gig_ethernet_pcs_pma:16.2-98989] gig_ethernet_pcs_pma_2: ARCHITECTURE : artix7
INFO: [xilinx.com:ip:gig_ethernet_pcs_pma:16.2-98989] gig_ethernet_pcs_pma_2: PART : xc7a100tfgg484-1
INFO: [xilinx.com:ip:gig_ethernet_pcs_pma:16.2-98989] gig_ethernet_pcs_pma_2: SPEEDGRADE : -1
INFO: [xilinx.com:ip:gig_ethernet_pcs_pma:16.2-98989] gig_ethernet_pcs_pma_2: Standard : 1000BASEX
INFO: [xilinx.com:ip:gig_ethernet_pcs_pma:16.2-98989] gig_ethernet_pcs_pma_2: ARCHITECTURE : artix7
INFO: [xilinx.com:ip:gig_ethernet_pcs_pma:16.2-98989] gig_ethernet_pcs_pma_2: PART : xc7a100tfgg484-1
INFO: [xilinx.com:ip:gig_ethernet_pcs_pma:16.2-98989] gig_ethernet_pcs_pma_2: SPEEDGRADE : -1
INFO: [xilinx.com:ip:gig_ethernet_pcs_pma:16.2-98989] gig_ethernet_pcs_pma_2: Standard : 1000BASEX
INFO: [xilinx.com:ip:gig_ethernet_pcs_pma:16.2-98989] gig_ethernet_pcs_pma_2: ARCHITECTURE : artix7
INFO: [xilinx.com:ip:gig_ethernet_pcs_pma:16.2-98989] gig_ethernet_pcs_pma_2: PART : xc7a100tfgg484-1
INFO: [xilinx.com:ip:gig_ethernet_pcs_pma:16.2-98989] gig_ethernet_pcs_pma_2: SPEEDGRADE : -1
INFO: [xilinx.com:ip:gig_ethernet_pcs_pma:16.2-98989] gig_ethernet_pcs_pma_2: Standard : 1000BASEX
INFO: [xilinx.com:ip:gig_ethernet_pcs_pma:16.2-98989] gig_ethernet_pcs_pma_2: ARCHITECTURE : artix7
INFO: [xilinx.com:ip:gig_ethernet_pcs_pma:16.2-98989] gig_ethernet_pcs_pma_2: PART : xc7a100tfgg484-1
INFO: [xilinx.com:ip:gig_ethernet_pcs_pma:16.2-98989] gig_ethernet_pcs_pma_2: SPEEDGRADE : -1
INFO: [xilinx.com:ip:gig_ethernet_pcs_pma:16.2-98989] gig_ethernet_pcs_pma_2: Standard : SGMII
INFO: [xilinx.com:ip:gig_ethernet_pcs_pma:16.2-98989] gig_ethernet_pcs_pma_2: ARCHITECTURE : artix7
INFO: [xilinx.com:ip:gig_ethernet_pcs_pma:16.2-98989] gig_ethernet_pcs_pma_2: PART : xc7a100tfgg484-1
INFO: [xilinx.com:ip:gig_ethernet_pcs_pma:16.2-98989] gig_ethernet_pcs_pma_2: SPEEDGRADE : -1
INFO: [xilinx.com:ip:gig_ethernet_pcs_pma:16.2-98989] gig_ethernet_pcs_pma_2: Standard : SGMII
create_ip -name gig_ethernet_pcs_pma -vendor xilinx.com -library ip -version 16.2 -module_name gig_ethernet_pcs_pma_2
INFO: [xilinx.com:ip:gig_ethernet_pcs_pma:16.2-98989] gig_ethernet_pcs_pma_2: ARCHITECTURE : artix7
INFO: [xilinx.com:ip:gig_ethernet_pcs_pma:16.2-98989] gig_ethernet_pcs_pma_2: PART : xc7a100tfgg484-1
INFO: [xilinx.com:ip:gig_ethernet_pcs_pma:16.2-98989] gig_ethernet_pcs_pma_2: SPEEDGRADE : -1
INFO: [xilinx.com:ip:gig_ethernet_pcs_pma:16.2-98989] gig_ethernet_pcs_pma_2: Standard : 1000BASEX
INFO: [xilinx.com:ip:gig_ethernet_pcs_pma:16.2-98989] gig_ethernet_pcs_pma_2: ARCHITECTURE : artix7
INFO: [xilinx.com:ip:gig_ethernet_pcs_pma:16.2-98989] gig_ethernet_pcs_pma_2: PART : xc7a100tfgg484-1
INFO: [xilinx.com:ip:gig_ethernet_pcs_pma:16.2-98989] gig_ethernet_pcs_pma_2: SPEEDGRADE : -1
INFO: [xilinx.com:ip:gig_ethernet_pcs_pma:16.2-98989] gig_ethernet_pcs_pma_2: Standard : 1000BASEX
INFO: [xilinx.com:ip:gig_ethernet_pcs_pma:16.2-98989] gig_ethernet_pcs_pma_2: ARCHITECTURE : artix7
INFO: [xilinx.com:ip:gig_ethernet_pcs_pma:16.2-98989] gig_ethernet_pcs_pma_2: PART : xc7a100tfgg484-1
INFO: [xilinx.com:ip:gig_ethernet_pcs_pma:16.2-98989] gig_ethernet_pcs_pma_2: SPEEDGRADE : -1
INFO: [xilinx.com:ip:gig_ethernet_pcs_pma:16.2-98989] gig_ethernet_pcs_pma_2: Standard : 1000BASEX
set_property CONFIG.Standard {SGMII} [get_ips gig_ethernet_pcs_pma_2]
INFO: [xilinx.com:ip:gig_ethernet_pcs_pma:16.2-98989] gig_ethernet_pcs_pma_2: ARCHITECTURE : artix7
INFO: [xilinx.com:ip:gig_ethernet_pcs_pma:16.2-98989] gig_ethernet_pcs_pma_2: PART : xc7a100tfgg484-1
INFO: [xilinx.com:ip:gig_ethernet_pcs_pma:16.2-98989] gig_ethernet_pcs_pma_2: SPEEDGRADE : -1
INFO: [xilinx.com:ip:gig_ethernet_pcs_pma:16.2-98989] gig_ethernet_pcs_pma_2: Standard : SGMII
generate_target {instantiation_template} [get_files c:/Users/daq/Desktop/PAPILLON_asai/PAPILLON_v20260115/PAPILLON_v20260115.srcs/sources_1/ip/gig_ethernet_pcs_pma_2/gig_ethernet_pcs_pma_2.xci]
INFO: [IP_Flow 19-1686] Generating 'Instantiation Template' target for IP 'gig_ethernet_pcs_pma_2'...
update_compile_order -fileset sources_1
generate_target all [get_files  c:/Users/daq/Desktop/PAPILLON_asai/PAPILLON_v20260115/PAPILLON_v20260115.srcs/sources_1/ip/gig_ethernet_pcs_pma_2/gig_ethernet_pcs_pma_2.xci]
INFO: [IP_Flow 19-1686] Generating 'Synthesis' target for IP 'gig_ethernet_pcs_pma_2'...
INFO: [IP_Flow 19-1686] Generating 'Simulation' target for IP 'gig_ethernet_pcs_pma_2'...
INFO: [IP_Flow 19-1686] Generating 'Implementation' target for IP 'gig_ethernet_pcs_pma_2'...
INFO: [IP_Flow 19-1686] Generating 'Change Log' target for IP 'gig_ethernet_pcs_pma_2'...
catch { config_ip_cache -export [get_ips -all gig_ethernet_pcs_pma_2] }
INFO: [IP_Flow 19-6924] IPCACHE: Running cache check for IP inst: gig_ethernet_pcs_pma_2
export_ip_user_files -of_objects [get_files c:/Users/daq/Desktop/PAPILLON_asai/PAPILLON_v20260115/PAPILLON_v20260115.srcs/sources_1/ip/gig_ethernet_pcs_pma_2/gig_ethernet_pcs_pma_2.xci] -no_script -sync -force -quiet
create_ip_run [get_files -of_objects [get_fileset sources_1] c:/Users/daq/Desktop/PAPILLON_asai/PAPILLON_v20260115/PAPILLON_v20260115.srcs/sources_1/ip/gig_ethernet_pcs_pma_2/gig_ethernet_pcs_pma_2.xci]
launch_runs gig_ethernet_pcs_pma_2_synth_1 -jobs 6
INFO: [IP_Flow 19-6924] IPCACHE: Running cache check for IP inst: gig_ethernet_pcs_pma_2
[Fri Jan 30 15:05:48 2026] Launched gig_ethernet_pcs_pma_2_synth_1...
Run output will be captured here: C:/Users/daq/Desktop/PAPILLON_asai/PAPILLON_v20260115/PAPILLON_v20260115.runs/gig_ethernet_pcs_pma_2_synth_1/runme.log
export_simulation -lib_map_path [list {modelsim=C:/Users/daq/Desktop/PAPILLON_asai/PAPILLON_v20260115/PAPILLON_v20260115.cache/compile_simlib/modelsim} {questa=C:/Users/daq/Desktop/PAPILLON_asai/PAPILLON_v20260115/PAPILLON_v20260115.cache/compile_simlib/questa} {riviera=C:/Users/daq/Desktop/PAPILLON_asai/PAPILLON_v20260115/PAPILLON_v20260115.cache/compile_simlib/riviera} {activehdl=C:/Users/daq/Desktop/PAPILLON_asai/PAPILLON_v20260115/PAPILLON_v20260115.cache/compile_simlib/activehdl}] -of_objects [get_files c:/Users/daq/Desktop/PAPILLON_asai/PAPILLON_v20260115/PAPILLON_v20260115.srcs/sources_1/ip/gig_ethernet_pcs_pma_2/gig_ethernet_pcs_pma_2.xci] -directory C:/Users/daq/Desktop/PAPILLON_asai/PAPILLON_v20260115/PAPILLON_v20260115.ip_user_files/sim_scripts -ip_user_files_dir C:/Users/daq/Desktop/PAPILLON_asai/PAPILLON_v20260115/PAPILLON_v20260115.ip_user_files -ipstatic_source_dir C:/Users/daq/Desktop/PAPILLON_asai/PAPILLON_v20260115/PAPILLON_v20260115.ip_user_files/ipstatic -use_ip_compiled_libs -force -quiet
reset_run synth_1
INFO: [Project 1-1161] Replacing file C:/Users/daq/Desktop/PAPILLON_asai/PAPILLON_v20260115/PAPILLON_v20260115.srcs/utils_1/imports/synth_1/ADC_SiTCP_V20.dcp with file C:/Users/daq/Desktop/PAPILLON_asai/PAPILLON_v20260115/PAPILLON_v20260115.runs/synth_1/ADC_SiTCP_V20.dcp
launch_runs synth_1 -jobs 6
[Fri Jan 30 16:49:13 2026] Launched synth_1...
Run output will be captured here: C:/Users/daq/Desktop/PAPILLON_asai/PAPILLON_v20260115/PAPILLON_v20260115.runs/synth_1/runme.log
launch_runs impl_1 -jobs 6
[Fri Jan 30 16:50:50 2026] Launched impl_1...
Run output will be captured here: C:/Users/daq/Desktop/PAPILLON_asai/PAPILLON_v20260115/PAPILLON_v20260115.runs/impl_1/runme.log
launch_runs impl_1 -to_step write_bitstream -jobs 6
[Fri Jan 30 16:57:48 2026] Launched impl_1...
Run output will be captured here: C:/Users/daq/Desktop/PAPILLON_asai/PAPILLON_v20260115/PAPILLON_v20260115.runs/impl_1/runme.log
