#-----------------------------------------------------------
# Vivado v2024.2 (64-bit)
# SW Build 5239630 on Fri Nov 08 22:35:27 MST 2024
# IP Build 5239520 on Sun Nov 10 16:12:51 MST 2024
# SharedData Build 5239561 on Fri Nov 08 14:39:27 MST 2024
# Start of session at: Tue Feb  3 15:04:05 2026
# Process ID         : 37412
# Current directory  : C:/Users/daq/Desktop/PAPILLON_asai/PAPILLON_v20260115
# Command line       : vivado.exe -gui_launcher_event rodinguilauncherevent33344 C:\Users\daq\Desktop\PAPILLON_asai\PAPILLON_v20260115\PAPILLON_v20260115.xpr
# Log file           : C:/Users/daq/Desktop/PAPILLON_asai/PAPILLON_v20260115/vivado.log
# Journal file       : C:/Users/daq/Desktop/PAPILLON_asai/PAPILLON_v20260115\vivado.jou
# Running On         : nudaq-win02
# Platform           : Windows Server 2016 or Windows 10
# Operating System   : 26200
# Processor Detail   : 11th Gen Intel(R) Core(TM) i5-11400 @ 2.60GHz
# CPU Frequency      : 2592 MHz
# CPU Physical cores : 6
# CPU Logical cores  : 12
# Host memory        : 33959 MB
# Swap memory        : 2147 MB
# Total Virtual      : 36106 MB
# Available Virtual  : 11039 MB
#-----------------------------------------------------------
start_gui
open_project C:/Users/daq/Desktop/PAPILLON_asai/PAPILLON_v20260115/PAPILLON_v20260115.xpr
Scanning sources...
Finished scanning sources
INFO: [IP_Flow 19-234] Refreshing IP repositories
INFO: [IP_Flow 19-1704] No user IP repositories specified
INFO: [IP_Flow 19-2313] Loaded Vivado IP repository 'C:/Xilinx/Vivado/2024.2/data/ip'.
update_compile_order -fileset sources_1
open_run impl_1
INFO: [Device 21-403] Loading part xc7a100tfgg484-1
Netlist sorting complete. Time (s): cpu = 00:00:01 ; elapsed = 00:00:01 . Memory (MB): peak = 1612.844 ; gain = 0.000
INFO: [Netlist 29-17] Analyzing 4525 Unisim elements for replacement
INFO: [Netlist 29-28] Unisim Transformation completed in 0 CPU seconds
INFO: [Project 1-479] Netlist was created with Vivado 2024.2
INFO: [Project 1-570] Preparing netlist for logic optimization
Read ShapeDB Complete: Time (s): cpu = 00:00:00 ; elapsed = 00:00:00.069 . Memory (MB): peak = 1811.145 ; gain = 5.543
INFO: [Timing 38-478] Restoring timing data from binary archive.
INFO: [Timing 38-479] Binary timing data restore complete.
INFO: [Project 1-856] Restoring constraints from binary archive.
INFO: [Constraints 18-5170] The checkpoint was created with non-default parameter values which do not match the current Vivado settings.  Mismatching parameters are:
  tcl.collectionResultDisplayLimit
INFO: [Project 1-853] Binary constraint restore complete.
INFO: [Designutils 20-5722] Start Reading Physical Databases.
Reading placement.
Read Netlist Cache: Time (s): cpu = 00:00:00 ; elapsed = 00:00:00.038 . Memory (MB): peak = 2515.625 ; gain = 0.000
Reading placer database...
Read Device Cache: Time (s): cpu = 00:00:00 ; elapsed = 00:00:00.007 . Memory (MB): peak = 2515.625 ; gain = 0.000
Read PlaceDB: Time (s): cpu = 00:00:02 ; elapsed = 00:00:02 . Memory (MB): peak = 2525.148 ; gain = 9.523
Read PulsedLatchDB: Time (s): cpu = 00:00:00 ; elapsed = 00:00:00 . Memory (MB): peak = 2525.148 ; gain = 0.000
Reading routing.
Read RouteStorage: Time (s): cpu = 00:00:01 ; elapsed = 00:00:00.492 . Memory (MB): peak = 2557.324 ; gain = 32.176
Read Physdb Files: Time (s): cpu = 00:00:03 ; elapsed = 00:00:02 . Memory (MB): peak = 2557.324 ; gain = 41.699
Restored from archive | CPU: 3.000000 secs | Memory: 0.000000 MB |
Finished XDEF File Restore: Time (s): cpu = 00:00:03 ; elapsed = 00:00:02 . Memory (MB): peak = 2557.324 ; gain = 41.699
Netlist sorting complete. Time (s): cpu = 00:00:00 ; elapsed = 00:00:00.019 . Memory (MB): peak = 2557.324 ; gain = 0.000
INFO: [Project 1-111] Unisim Transformation Summary:
  A total of 127 instances were transformed.
  CFGLUT5 => CFGLUT5 (SRL16E, SRLC32E): 80 instances
  IOBUF => IOBUF (IBUF, OBUFT): 3 instances
  RAM16X1S => RAM32X1S (RAMS32): 16 instances
  RAM32M => RAM32M (RAMD32(x6), RAMS32(x2)): 6 instances
  RAM64M => RAM64M (RAMD64E(x4)): 20 instances
  SRLC32E => SRL16E: 2 instances

open_run: Time (s): cpu = 00:00:42 ; elapsed = 00:00:27 . Memory (MB): peak = 3006.398 ; gain = 1747.277
open_report: Time (s): cpu = 00:00:16 ; elapsed = 00:00:09 . Memory (MB): peak = 4069.012 ; gain = 1047.414
CRITICAL WARNING: [Timing 38-282] The design failed to meet the timing requirements. Please see the timing summary report for details on the timing violations.
WARNING: [Timing 38-436] There are set_bus_skew constraint(s) in this design. Please run report_bus_skew to ensure that bus skew requirements are met.
close_design
open_run impl_1
Netlist sorting complete. Time (s): cpu = 00:00:01 ; elapsed = 00:00:01 . Memory (MB): peak = 4121.535 ; gain = 0.000
INFO: [Netlist 29-17] Analyzing 4525 Unisim elements for replacement
INFO: [Netlist 29-28] Unisim Transformation completed in 0 CPU seconds
INFO: [Project 1-479] Netlist was created with Vivado 2024.2
INFO: [Project 1-570] Preparing netlist for logic optimization
Read ShapeDB Complete: Time (s): cpu = 00:00:00 ; elapsed = 00:00:00.077 . Memory (MB): peak = 4121.535 ; gain = 0.000
INFO: [Timing 38-478] Restoring timing data from binary archive.
INFO: [Timing 38-479] Binary timing data restore complete.
INFO: [Project 1-856] Restoring constraints from binary archive.
INFO: [Constraints 18-5170] The checkpoint was created with non-default parameter values which do not match the current Vivado settings.  Mismatching parameters are:
  tcl.collectionResultDisplayLimit
INFO: [Project 1-853] Binary constraint restore complete.
INFO: [Designutils 20-5722] Start Reading Physical Databases.
Reading placement.
Read Netlist Cache: Time (s): cpu = 00:00:00 ; elapsed = 00:00:00.040 . Memory (MB): peak = 4121.535 ; gain = 0.000
Reading placer database...
Read Device Cache: Time (s): cpu = 00:00:00 ; elapsed = 00:00:00.007 . Memory (MB): peak = 4121.535 ; gain = 0.000
Read PlaceDB: Time (s): cpu = 00:00:02 ; elapsed = 00:00:02 . Memory (MB): peak = 4121.535 ; gain = 0.000
Read PulsedLatchDB: Time (s): cpu = 00:00:00 ; elapsed = 00:00:00 . Memory (MB): peak = 4121.535 ; gain = 0.000
Reading routing.
Read RouteStorage: Time (s): cpu = 00:00:01 ; elapsed = 00:00:00.534 . Memory (MB): peak = 4121.535 ; gain = 0.000
Read Physdb Files: Time (s): cpu = 00:00:03 ; elapsed = 00:00:02 . Memory (MB): peak = 4121.535 ; gain = 0.000
Restored from archive | CPU: 3.000000 secs | Memory: 0.000000 MB |
Finished XDEF File Restore: Time (s): cpu = 00:00:03 ; elapsed = 00:00:02 . Memory (MB): peak = 4121.535 ; gain = 0.000
Netlist sorting complete. Time (s): cpu = 00:00:00 ; elapsed = 00:00:00.021 . Memory (MB): peak = 4121.535 ; gain = 0.000
INFO: [Project 1-111] Unisim Transformation Summary:
  A total of 127 instances were transformed.
  CFGLUT5 => CFGLUT5 (SRL16E, SRLC32E): 80 instances
  IOBUF => IOBUF (IBUF, OBUFT): 3 instances
  RAM16X1S => RAM32X1S (RAMS32): 16 instances
  RAM32M => RAM32M (RAMD32(x6), RAMS32(x2)): 6 instances
  RAM64M => RAM64M (RAMD64E(x4)): 20 instances
  SRLC32E => SRL16E: 2 instances

open_run: Time (s): cpu = 00:00:24 ; elapsed = 00:00:21 . Memory (MB): peak = 4121.535 ; gain = 0.000
impl_1
phys_opt_design -help
phys_opt_design

Description: 
Optimize the current placed netlist.

Syntax: 
phys_opt_design  [-fanout_opt] [-placement_opt] [-routing_opt]
                 [-slr_crossing_opt] [-insert_negative_edge_ffs]
                 [-restruct_opt] [-interconnect_retime] [-lut_opt] [-casc_opt]
                 [-cell_group_opt] [-critical_cell_opt] [-dsp_register_opt]
                 [-bram_register_opt] [-uram_register_opt] [-bram_enable_opt]
                 [-shift_register_opt] [-hold_fix] [-aggressive_hold_fix]
                 [-retime] [-force_replication_on_nets <args>]
                 [-directive <arg>] [-critical_pin_opt] [-clock_opt]
                 [-path_groups <args>] [-tns_cleanup] [-sll_reg_hold_fix]
                 [-memory_rewire_opt] [-quiet] [-verbose]

Usage: 
  Name                          Description
  -----------------------------------------
  [-fanout_opt]                 Do cell-duplication based optimization on 
                                high-fanout timing critical nets
  [-placement_opt]              Do placement based optimization on timing 
                                critical nets
  [-routing_opt]                Do routing based optimization on timing 
                                critical nets
  [-slr_crossing_opt]           Do placement optimization of SLR-crossing 
                                timing critical nets
  [-insert_negative_edge_ffs]   Insert negative edge triggered FFs for hold 
                                optimization
  [-restruct_opt]               Do LUT restructuring optimization
  [-interconnect_retime]        Do interconnect retiming optimization
  [-lut_opt]                    Do single LUT replacement/replication 
                                optimization
  [-casc_opt]                   Do LUT cascade placement/replication 
                                optimization
  [-cell_group_opt]             Do critical cell group optimization
  [-critical_cell_opt]          Do cell-duplication based optimization on 
                                timing critical nets
  [-dsp_register_opt]           Do DSP register optimization
  [-bram_register_opt]          Do BRAM register optimization
  [-uram_register_opt]          Do UltraRAM register optimization
  [-bram_enable_opt]            Do BRAM enable optimization
  [-shift_register_opt]         Do Shift register optimization
  [-hold_fix]                   Attempt to improve slack of high hold 
                                violators
  [-aggressive_hold_fix]        Attempt to aggressively improve slack of high
                                hold violators
  [-retime]                     Do retiming optimization
  [-force_replication_on_nets]  Force replication optimization on nets
  [-directive]                  Mode of behavior (directive) for this 
                                command. Please refer to Arguments section of
                                this help for values for this option
                                Default: Default
  [-critical_pin_opt]           Do pin-swapping based optimization on timing 
                                critical nets
  [-clock_opt]                  Do clock skew optimization in post-route 
                                optimization
  [-path_groups]                Work only on specified path groups
  [-tns_cleanup]                Work on all nets in the design that meet 
                                criteria for the specified optimizations to 
                                improve design tns
  [-sll_reg_hold_fix]           Do hold fixing on SLL Tx-Rx paths
  [-memory_rewire_opt]          Do memory pin-swapping based optimization on 
                                timing critical nets
  [-quiet]                      Ignore command errors
  [-verbose]                    Suspend message limits during command 
                                execution

Categories: 
Tools

Description:

  Performs timing-driven optimization on the negative-slack paths of a
  design. A path should have negative slack near the worst negative slack
  (WNS) to be considered for optimization. Optimization will not be performed
  on designs without negative slack.

  This optional command can be run for post-place or post-route optimizations.

  Note: Because physical optimization requires timing data that is only
  available after placement, the command cannot be run prior to placement.
  However, the write_iphys_opt_tcl and read_iphys_opt_tcl commands let you
  write out the physical optimizations performed on the post-placed design,
  and then apply those optimizations to the design netlist prior to
  placement. Refer to the Vivado Design Suite User Guide: Implementation
  (UG904) for more information on interactive physical optimization.

  Post-place phys_opt_design performs the following optimizations by default:

   *  high-fanout optimization

   *  placement-based optimization of critical paths

   *  LUT restructure optimization

   *  critical-cell optimization

   *  DSP register optimization

   *  Block RAM register optimization

   *  URAM register optimization

   *  a final fanout optimization

  Tip: Using command-line options for specific optimizations results in
  phys_opt_design performing only the specified optimizations and disabling
  all others, even the ones that are usually performed by default.

  Post-route phys_opt_design performs the following optimizations by default:

   *  placement-based optimization of critical paths

   *  routing optimization

   *  LUT restructure optimization

   *  critical-cell optimization

  Physical optimizations involve replication, re-timing, hold fixing, and
  placement improvement. The phys_opt_design command automatically performs
  all necessary netlist and placement changes.

  To perform re-timing you must specify the -retime option, or the -directive
  AddRetime option.

  To perform hold fixing you must specify the -hold_fix option, or the
  -directive ExploreWithHoldFix option.

  If the phys_opt_design command is used iteratively, the subsequent run
  optimizes the results of the prior run.

  Tip: The phys_opt_design can be multi-threaded to speed the process. Refer
  to the set_param command for more information on setting the
  general.maxThreads parameter.

  The command reports each net processed, a summary of any optimizations
  performed, and the WNS before and after optimization. Replicated objects
  are named by appending _replica to the original object name, followed by
  the replicated object count.

Arguments:

  -fanout_opt - (Optional) Performs delay-driven optimization on high-fanout
  timing critical nets, by replicating drivers to reduce delay. This is not
  applicable for Versal adaptive SoC devices.

  Note: The -fanout_opt argument is optional, as are the other optimizations.
  However this optimization is run by default unless explicitly overridden by
  another optimization.

  -placement_opt - (Optional) Moves cells to reduce delay on timing-critical
  nets. This is not applicable for Versal adaptive SoC devices.

  -memory_rewire_opt - (Optional) Performs rewiring of critical signals to
  faster pins of BRAM/URAM. Not applicable for cascaded and ECC enabled
  memories. This is applicable to Versal adaptive SoC devices only.

  -routing_opt - (Optional) Performs routing optimization on timing-critical
  nets to reduce delay.

  -slr_crossing_opt - (Optional) Performs post-place or post-route
  optimizations to improve the path delay of inter-SLR connections. The
  optimization adjusts the locations of the driver, load, or both along the
  SLR crossing after potential replication. For use with UltraScale and
  UltraScale+ devices.

  -restruct_opt - (Optional) Advanced LUT restructure optimization to reduce
  logic levels and reduce delay on critical signals.

  -insert_negative_edge_ffs - (Optional) Inserts negative edge triggered FFs
  for hold optimization. This is not applicable for the Advanced Flow.

  -interconnect_retime - (Optional) Performs interconnect retiming to improve
  critical path timing by movement or replication of a FF or LUT-FF pair.
  This is applicable to Versal adaptive SoC devices only.

  -lut_opt - (Optional) Performs LUT movement/replication to improve critical
  path timing. This is applicable to Versal adaptive SoC devices only.

  -casc_opt- (Optional) Performs LUT cascade optimization for creating new
  LUT cascades or moving existing LUT cascades to improve critical path
  timing. This is applicable to Versal adaptive SoC devices only.

  -critical_cell_opt - (Optional) Replicates cells on timing critical nets to
  reduce delays. This is not applicable for Versal adaptive SoC devices.

  -dsp_register_opt - (Optional) Improves critical path delay by moving
  registers from slices to DSP blocks, or from DSP blocks to slices.

  -bram_register_opt - (Optional) Improves critical path delay by moving
  registers from slices to block RAMs, or from block RAMs to slices.

  -uram_register_opt - (Optional) Improves critical path delay by moving
  registers across the URAM cell boundary, from slices into URAMs, or from
  URAMs to slices.

  -bram_enable_opt - (Optional) The block RAM enable optimization improves
  timing on critical paths involving power-optimized block RAMs.
  Pre-placement block RAM power optimization restructures the logic driving
  block RAM read and write enable inputs to reduce dynamic power consumption.
  After placement the restructured logic may become timing-critical. The
  block RAM enable optimization reverses the enable-logic optimization to
  improve the slack on the critical enable-logic paths. This is not
  applicable for Advanced flow.

  -shift_register_opt - (Optional) Performs shift register optimization to
  improve timing on negative slack paths between shift register cells (SRLs)
  and other logic cells. If there are timing violations to or from shift
  register cells (SRL16E or SRLC32E), the optimization extracts a register
  from the beginning or end of the SRL register chain and places it into the
  logic fabric to improve timing. The optimization shortens the wire length
  of the original critical path. Refer to the Vivado Design Suite User Guide:
  Implementation (UG904) for more information.

  -hold_fix - (Optional) Performs optimizations to insert data path delay to
  fix hold time violations.

  -aggressive_hold_fix - (Optional) Performs optimizations to insert data
  path delay to fix hold time violations. Considers significantly more hold
  violations than the standard hold fix algorithm.

  -retime - (Optional) Re-time registers forward through combinational logic
  to balance path delays. This is a property-driven optimization.

  -force_replication_on_nets <args> - (Optional) Forces the drivers of the
  specified net objects to be replicated, regardless of timing slack. This
  option requires the use of the get_nets command to specify net objects.
  Replication is based on load placements and requires manual analysis to
  determine if replication is sufficient. If further replication is required,
  nets can be replicated repeatedly by successive commands. This is not
  applicable for Advanced Flow.

  -directive <arg> - (Optional) Directs the mode of physical optimization
  with specific design objectives. Only one directive can be specified for a
  single phys_opt_design command and the values are case-sensitive. Supported
  values include:

   *  Explore - Run different algorithms in multiple passes of optimization,
      including replication for very high fanout nets.

   *  ExploreWithHoldFix - Run different algorithms in multiple passes of
      optimization, including hold violation fixing and replication for very
      high fanout nets.

   *  ExploreWithAggressiveHoldFix - Run different algorithms in multiple
      passes of optimization, including aggressive hold violation fixing and
      replication for very high fanout nets.

   *  AggressiveExplore - Similar to Explore but with different optimization
      algorithms and more aggressive goals.

   *  AlternateReplication - Use different algorithms for performing critical
      cell replication. This is not applicable for Advanced Flow.

   *  AggressiveFanoutOpt - Uses different algorithms for fanout-related
      optimizations with more aggressive goals. This is not applicable for
      Advanced Flow.

   *  AlternateFlowWithRetiming - Perform more aggressive replication and DSP
      and Block RAM optimizations, and enable register re-timing. This is not
      applicable for Advanced Flow.

   *  AddRetime - Performs the default phys_opt_design flow and adds
      re-timing. This is not applicable for Advanced Flow.

   *  RuntimeOptimized - Provides a reduced set of physical optimizations
      with the shortest runtime. Use this directive when compile time
      reduction is more important than design performance. RuntimeOptimized
      includes fanout_opt, critical_cell_opt, placement_opt, and
      bram_enable_opt.

   *  RQS - Instructs phys_opt_design to select the phys_opt_design directive
      specified by the report_qor_suggestion strategy suggestion. Requires an
      RQS file with a strategy suggestion to be read in prior to calling this
      directive. This is not applicable for Advanced Flow. See
      report_qor_suggestions -help for more details.

   *  Default - Run phys_opt_design with default settings.

  Refer to the Vivado Design Suite User Guide: Implementation (UG904) for
  more information on the effects of each directive.

  Note: The -directive option controls the overall optimization strategy, and
  is not compatible with any specific optimization options. It can only be
  used with -quiet and -verbose.

  -critical_pin_opt - For LUT inputs, this optimization performs remapping of
  logical pins to physical pins, also known as pin-swapping, to improve
  critical path timing. A critical path traversing a logical pin that has
  been mapped to a slow physical pin, such as A1 or A2, is reassigned to a
  faster physical pin, such as A6 or A5 if it improves timing.

  Note: A cell with a LOCK_PINS property will be skipped and the cell will
  retain the pin mapping specified by LOCK_PINS. Logical-to-physical pin
  mapping can be obtained with get_site_pins for a selected logical pin
  object.

  -clock_opt - (Optional) Perform clock skew optimization during post-route
  optimization. Insert global clock buffers to delay destination clocks to
  improve setup on critical paths. Optimization will modify CLK_MOD delays
  for Versal devices.

  -path_groups <args> - (Optional) Perform optimizations on the specified
  path groups only.

  -tns_cleanup - (Optional) This option can be used with the
  -slr_crossing_opt option. This performs a Total Negative Slack (TNS)
  cleanup, which supports optimizing SLR crossing paths while allowing some
  slack degradation on other paths, as long as the overall WNS does not
  degrade. This is applicable to UltraScale and UltraScale+ devices.

  -sll_reg_hold_fix - (Optional) Performs SLL register hold fix optimization.
  You can use this option when the router is having trouble resolving hold
  violations on SLR crossing paths. This is not applicable for Versal
  adaptive SoC devices.

  -quiet - (Optional) Execute the command quietly, returning no messages from
  the command. The command also returns TCL_OK regardless of any errors
  encountered during execution.

  Note: Any errors encountered on the command-line, while launching the
  command, will be returned. Only errors occurring inside the command will be
  trapped.

  -verbose - (Optional) Temporarily override any message limits and return
  all messages from this command.

  Note: Message limits can be defined with the set_msg_config command.

Examples:

  The following example performs a physical optimization of the current
  post-placement design, and then writes the iphys_opt Tcl script for use
  before placement:

    phys_opt_design
    write_iphys_opt_tcl C:/Data/my_iphys_opt.tcl

  This example sets the LOCK_PINS property on the specified cell, then
  performs physical optimizations including register re-timing, optimization
  of registers across DSP blocks and block RAMs, and pin swapping (excluding
  the locked pins) to improve timing:

    set_property LOCK_PINS {I3:A1 I2:A4} [get_cell cpuEngine/qmem_dack_reg_i_1]
    phys_opt_design -retime -dsp_register_opt -bram_register_opt \
       -critical_pin_opt

  This example directs phys_opt_design to run more iterations, with hold
  violation fixing, to achieve potentially better results:

    phys_opt_design -directive ExploreWithHoldFix

  This example directs phys_opt_design to consider more nets for replication:

    phys_opt_design -directive AggressiveFanoutOpt

See Also:

   *  get_pins
   *  get_site_pins
   *  opt_design
   *  place_design
   *  power_opt_design
   *  read_iphys_opt_tcl
   *  route_design
   *  write_iphys_opt_tcl
route_design -directive Explore
Command: route_design -directive Explore
Attempting to get a license for feature 'Implementation' and/or device 'xc7a100t'
INFO: [Common 17-349] Got license for feature 'Implementation' and/or device 'xc7a100t'


Starting Routing Task
INFO: [Route 35-270] Using Router directive 'Explore'.
INFO: [Route 35-254] Multithreading enabled for route_design using a maximum of 2 CPUs

Phase 1 Build RT Design
Checksum: PlaceDB: 1f3b3d9e ConstDB: 0 ShapeSum: f5117a3 RouteDB: 494c10ed
Post Restoration Checksum: NetGraph: 7a57492d | NumContArr: a9ecaaf3 | Constraints: c2a8fa9d | Timing: c2a8fa9d
Phase 1 Build RT Design | Checksum: 2a995e95a

Time (s): cpu = 00:00:41 ; elapsed = 00:00:30 . Memory (MB): peak = 4121.535 ; gain = 0.000

Phase 2 Router Initialization

Phase 2.1 Fix Topology Constraints
Phase 2.1 Fix Topology Constraints | Checksum: 2a995e95a

Time (s): cpu = 00:00:41 ; elapsed = 00:00:30 . Memory (MB): peak = 4121.535 ; gain = 0.000

Phase 2.2 Pre Route Cleanup
Phase 2.2 Pre Route Cleanup | Checksum: 2a995e95a

Time (s): cpu = 00:00:42 ; elapsed = 00:00:30 . Memory (MB): peak = 4121.535 ; gain = 0.000

Phase 2.3 Timing Verification

Phase 2.3.1 Update Timing
Phase 2.3.1 Update Timing | Checksum: 1feff702a

Time (s): cpu = 00:01:00 ; elapsed = 00:00:40 . Memory (MB): peak = 4121.535 ; gain = 0.000
INFO: [Route 35-416] Intermediate Timing Summary | WNS=0.039  | TNS=0.000  | WHS=-0.585 | THS=-12.882|

Phase 2.3 Timing Verification | Checksum: 1feff702a

Time (s): cpu = 00:01:00 ; elapsed = 00:00:40 . Memory (MB): peak = 4121.535 ; gain = 0.000
 Number of Nodes with overlaps = 0

Phase 2.4 Update Timing
Phase 2.4 Update Timing | Checksum: 265751e79

Time (s): cpu = 00:01:19 ; elapsed = 00:00:52 . Memory (MB): peak = 4121.535 ; gain = 0.000
INFO: [Route 35-416] Intermediate Timing Summary | WNS=0.035  | TNS=0.000  | WHS=-1.835 | THS=-964.174|


Phase 2.5 Update Timing for Bus Skew

Phase 2.5.1 Update Timing
Phase 2.5.1 Update Timing | Checksum: 274ed0967

Time (s): cpu = 00:01:32 ; elapsed = 00:00:59 . Memory (MB): peak = 4121.535 ; gain = 0.000
INFO: [Route 35-416] Intermediate Timing Summary | WNS=0.035  | TNS=0.000  | WHS=-0.938 | THS=-43.567|

Phase 2.5 Update Timing for Bus Skew | Checksum: 2720ac370

Time (s): cpu = 00:01:32 ; elapsed = 00:01:00 . Memory (MB): peak = 4121.535 ; gain = 0.000

Router Utilization Summary
  Global Vertical Routing Utilization    = 9.48287 %
  Global Horizontal Routing Utilization  = 11.2189 %
  Routable Net Status*
  *Does not include unroutable nets such as driverless and loadless.
  Run report_route_status for detailed report.
  Number of Failed Nets               = 0
    (Failed Nets is the sum of unrouted and partially routed nets)
  Number of Unrouted Nets             = 0
  Number of Partially Routed Nets     = 0
  Number of Node Overlaps             = 0

Phase 2 Router Initialization | Checksum: 2416f62e1

Time (s): cpu = 00:01:32 ; elapsed = 00:01:00 . Memory (MB): peak = 4121.535 ; gain = 0.000

Phase 3 Global Routing
Phase 3 Global Routing | Checksum: 2416f62e1

Time (s): cpu = 00:01:33 ; elapsed = 00:01:00 . Memory (MB): peak = 4121.535 ; gain = 0.000

Phase 4 Initial Routing

Phase 4.1 Initial Net Routing Pass
Phase 4.1 Initial Net Routing Pass | Checksum: 23b61663a

Time (s): cpu = 00:01:34 ; elapsed = 00:01:01 . Memory (MB): peak = 4121.535 ; gain = 0.000
Phase 4 Initial Routing | Checksum: 23b61663a

Time (s): cpu = 00:01:34 ; elapsed = 00:01:01 . Memory (MB): peak = 4121.535 ; gain = 0.000
INFO: [Route 35-580] Design has 5 pins with tight setup and hold constraints.

The top 5 pins with tight setup and hold constraints:

+====================+===================+==========================================+
| Launch Setup Clock | Launch Hold Clock | Pin                                      |
+====================+===================+==========================================+
| clk_out1_SYSCLK0   | clk_out1_SYSCLK0  | ADC1_IF/adc/inst/pins[2].idelaye2_bus/LD |
| clk_out1_SYSCLK0   | clk_out1_SYSCLK0  | ADC1_IF/adc/inst/pins[0].idelaye2_bus/LD |
| clk_out1_SYSCLK0   | clk_out1_SYSCLK0  | ADC1_IF/adc/inst/pins[1].idelaye2_bus/LD |
| clk_out1_SYSCLK0   | clk_out1_SYSCLK0  | ADC1_IF/adc/inst/pins[7].idelaye2_bus/LD |
| clk_out1_SYSCLK0   | clk_out1_SYSCLK0  | ADC1_IF/adc/inst/pins[3].idelaye2_bus/LD |
+--------------------+-------------------+------------------------------------------+

File with complete list of pins: tight_setup_hold_pins.txt


Phase 5 Rip-up And Reroute

Phase 5.1 Global Iteration 0
 Number of Nodes with overlaps = 187
 Number of Nodes with overlaps = 130
 Number of Nodes with overlaps = 73
 Number of Nodes with overlaps = 46
 Number of Nodes with overlaps = 52
 Number of Nodes with overlaps = 30
 Number of Nodes with overlaps = 27
 Number of Nodes with overlaps = 19
 Number of Nodes with overlaps = 14
 Number of Nodes with overlaps = 8
 Number of Nodes with overlaps = 2
 Number of Nodes with overlaps = 5
 Number of Nodes with overlaps = 2
 Number of Nodes with overlaps = 2
 Number of Nodes with overlaps = 2
 Number of Nodes with overlaps = 1
 Number of Nodes with overlaps = 0
INFO: [Route 35-416] Intermediate Timing Summary | WNS=0.117  | TNS=0.000  | WHS=N/A    | THS=N/A    |

Phase 5.1 Global Iteration 0 | Checksum: 21598b1ce

Time (s): cpu = 00:01:59 ; elapsed = 00:01:21 . Memory (MB): peak = 4121.535 ; gain = 0.000

Phase 5.2 Global Iteration 1
 Number of Nodes with overlaps = 4
 Number of Nodes with overlaps = 8
 Number of Nodes with overlaps = 37
 Number of Nodes with overlaps = 5
 Number of Nodes with overlaps = 5
 Number of Nodes with overlaps = 2
 Number of Nodes with overlaps = 1
 Number of Nodes with overlaps = 1
 Number of Nodes with overlaps = 0
INFO: [Route 35-416] Intermediate Timing Summary | WNS=0.088  | TNS=0.000  | WHS=N/A    | THS=N/A    |

Phase 5.2 Global Iteration 1 | Checksum: 20b45cb01

Time (s): cpu = 00:02:06 ; elapsed = 00:01:27 . Memory (MB): peak = 4121.535 ; gain = 0.000
Phase 5 Rip-up And Reroute | Checksum: 20b45cb01

Time (s): cpu = 00:02:06 ; elapsed = 00:01:27 . Memory (MB): peak = 4121.535 ; gain = 0.000

Phase 6 Delay and Skew Optimization

Phase 6.1 Delay CleanUp
Phase 6.1 Delay CleanUp | Checksum: 20b45cb01

Time (s): cpu = 00:02:06 ; elapsed = 00:01:27 . Memory (MB): peak = 4121.535 ; gain = 0.000

Phase 6.2 Clock Skew Optimization
Phase 6.2 Clock Skew Optimization | Checksum: 20b45cb01

Time (s): cpu = 00:02:06 ; elapsed = 00:01:27 . Memory (MB): peak = 4121.535 ; gain = 0.000
Phase 6 Delay and Skew Optimization | Checksum: 20b45cb01

Time (s): cpu = 00:02:06 ; elapsed = 00:01:27 . Memory (MB): peak = 4121.535 ; gain = 0.000

Phase 7 Post Hold Fix

Phase 7.1 Hold Fix Iter
INFO: [Route 35-416] Intermediate Timing Summary | WNS=0.088  | TNS=0.000  | WHS=-0.585 | THS=-12.510|

Phase 7.1 Hold Fix Iter | Checksum: 3048f617b

Time (s): cpu = 00:02:18 ; elapsed = 00:01:35 . Memory (MB): peak = 4121.535 ; gain = 0.000

Phase 7.2 Non Free Resource Hold Fix Iter
Phase 7.2 Non Free Resource Hold Fix Iter | Checksum: 27a18e3f1

Time (s): cpu = 00:02:18 ; elapsed = 00:01:35 . Memory (MB): peak = 4121.535 ; gain = 0.000
Phase 7 Post Hold Fix | Checksum: 27a18e3f1

Time (s): cpu = 00:02:18 ; elapsed = 00:01:35 . Memory (MB): peak = 4121.535 ; gain = 0.000

Phase 8 Timing Verification

Phase 8.1 Update Timing
Phase 8.1 Update Timing | Checksum: 28a94988f

Time (s): cpu = 00:02:25 ; elapsed = 00:01:39 . Memory (MB): peak = 4121.535 ; gain = 0.000
INFO: [Route 35-416] Intermediate Timing Summary | WNS=0.088  | TNS=0.000  | WHS=0.050  | THS=0.000  |

Phase 8 Timing Verification | Checksum: 28a94988f

Time (s): cpu = 00:02:25 ; elapsed = 00:01:39 . Memory (MB): peak = 4121.535 ; gain = 0.000

Phase 9 Route finalize

Router Utilization Summary
  Global Vertical Routing Utilization    = 9.58311 %
  Global Horizontal Routing Utilization  = 11.3362 %
  Routable Net Status*
  *Does not include unroutable nets such as driverless and loadless.
  Run report_route_status for detailed report.
  Number of Failed Nets               = 0
    (Failed Nets is the sum of unrouted and partially routed nets)
  Number of Unrouted Nets             = 0
  Number of Partially Routed Nets     = 0
  Number of Node Overlaps             = 0

Phase 9 Route finalize | Checksum: 28a94988f

Time (s): cpu = 00:02:25 ; elapsed = 00:01:39 . Memory (MB): peak = 4121.535 ; gain = 0.000

Phase 10 Verifying routed nets

 Verification completed successfully
Phase 10 Verifying routed nets | Checksum: 28a94988f

Time (s): cpu = 00:02:25 ; elapsed = 00:01:39 . Memory (MB): peak = 4121.535 ; gain = 0.000

Phase 11 Depositing Routes
Phase 11 Depositing Routes | Checksum: 29a91b959

Time (s): cpu = 00:02:31 ; elapsed = 00:01:47 . Memory (MB): peak = 4121.535 ; gain = 0.000

Phase 12 Post Process Routing
Phase 12 Post Process Routing | Checksum: 29a91b959

Time (s): cpu = 00:02:31 ; elapsed = 00:01:47 . Memory (MB): peak = 4121.535 ; gain = 0.000

Phase 13 Post Router Timing
INFO: [Route 35-20] Post Routing Timing Summary | WNS=-0.073 | TNS=-0.166 | WHS=0.050  | THS=0.000  |

Phase 13 Post Router Timing | Checksum: 2779160b0

Time (s): cpu = 00:02:46 ; elapsed = 00:01:55 . Memory (MB): peak = 4121.535 ; gain = 0.000
CRITICAL WARNING: [Route 35-39] The design did not meet timing requirements. Please run report_timing_summary for detailed reports. Note: this situation might be resolved in the second pass of route design.
Resolution: Verify that the timing was met or had small violations at all previous steps (synthesis, placement, power_opt, and phys_opt). Run report_timing_summary and analyze individual timing paths.
INFO: [Route 35-253] TNS is the sum of the worst slack violation on every endpoint in the design. Review the paths with the biggest WNS violations in the timing reports and modify your constraints or your design to improve both WNS and TNS.
Total Elapsed time in route_design: 114.685 secs

Phase 14 Post-Route Event Processing
Phase 14 Post-Route Event Processing | Checksum: 124c2fbfe

Time (s): cpu = 00:02:47 ; elapsed = 00:01:55 . Memory (MB): peak = 4121.535 ; gain = 0.000
INFO: [Route 35-16] Router Completed Successfully
Ending Routing Task | Checksum: 124c2fbfe

Time (s): cpu = 00:02:48 ; elapsed = 00:01:55 . Memory (MB): peak = 4121.535 ; gain = 0.000

Routing Is Done.
INFO: [Common 17-83] Releasing license: Implementation
15 Infos, 0 Warnings, 1 Critical Warnings and 0 Errors encountered.
route_design completed successfully
route_design: Time (s): cpu = 00:02:48 ; elapsed = 00:01:56 . Memory (MB): peak = 4121.535 ; gain = 0.000
close_design
copy_run -name impl_1_copy_1 [get_runs impl_1] -parent_run synth_1
copy_run: Time (s): cpu = 00:00:10 ; elapsed = 00:00:07 . Memory (MB): peak = 4121.535 ; gain = 0.000
impl_1_copy_1
set_property STEPS.ROUTE_DESIGN.ARGS.DIRECTIVE Explore [get_runs impl_1]
reset_run impl_1
launch_runs impl_1 -jobs 6
[Tue Feb  3 17:06:49 2026] Launched impl_1...
Run output will be captured here: C:/Users/daq/Desktop/PAPILLON_asai/PAPILLON_v20260115/PAPILLON_v20260115.runs/impl_1/runme.log
launch_runs impl_1 -to_step write_bitstream -jobs 6
[Tue Feb  3 17:17:02 2026] Launched impl_1...
Run output will be captured here: C:/Users/daq/Desktop/PAPILLON_asai/PAPILLON_v20260115/PAPILLON_v20260115.runs/impl_1/runme.log
open_hw_manager
connect_hw_server -allow_non_jtag
INFO: [Labtools 27-2285] Connecting to hw_server url TCP:localhost:3121
INFO: [Labtools 27-2222] Launching hw_server...
INFO: [Labtools 27-2221] Launch Output:

****** Xilinx hw_server v2024.2
  **** Build date : Oct 29 2024 at 10:25:41
    ** Copyright 1986-2022 Xilinx, Inc. All Rights Reserved.


INFO: [Labtools 27-3415] Connecting to cs_server url TCP:localhost:0
INFO: [Labtools 27-3417] Launching cs_server...
INFO: [Labtools 27-2221] Launch Output:


******** Xilinx cs_server v2024.2.0
  ****** Build date   : Oct 31 2024-03:19:07
    **** Build number : 2024.2.1730312347
      ** Copyright 2017-2022 Xilinx, Inc. All Rights Reserved.
      ** Copyright 2022-2026 Advanced Micro Devices, Inc. All Rights Reserved.



connect_hw_server: Time (s): cpu = 00:00:01 ; elapsed = 00:00:06 . Memory (MB): peak = 4121.535 ; gain = 0.000
open_hw_target
INFO: [Labtoolstcl 44-466] Opening hw_target localhost:3121/xilinx_tcf/Xilinx/000013b3e6d701
set_property PROGRAM.FILE {C:/Users/daq/Desktop/PAPILLON_asai/PAPILLON_v20260115/PAPILLON_v20260115.runs/impl_1/ADC_SiTCP_V20.bit} [get_hw_devices xc7a100t_0]
set_property PROBES.FILE {C:/Users/daq/Desktop/PAPILLON_asai/PAPILLON_v20260115/PAPILLON_v20260115.runs/impl_1/ADC_SiTCP_V20.ltx} [get_hw_devices xc7a100t_0]
set_property FULL_PROBES.FILE {C:/Users/daq/Desktop/PAPILLON_asai/PAPILLON_v20260115/PAPILLON_v20260115.runs/impl_1/ADC_SiTCP_V20.ltx} [get_hw_devices xc7a100t_0]
current_hw_device [get_hw_devices xc7a100t_0]
refresh_hw_device [lindex [get_hw_devices xc7a100t_0] 0]
INFO: [Labtools 27-2302] Device xc7a100t (JTAG device index = 0) is programmed with a design that has 1 ILA core(s).
display_hw_ila_data [ get_hw_ila_data hw_ila_data_1 -of_objects [get_hw_ilas -of_objects [get_hw_devices xc7a100t_0] -filter {CELL_NAME=~"u_ila_0"}]]
set_property PROBES.FILE {} [get_hw_devices xc7a100t_0]
set_property FULL_PROBES.FILE {} [get_hw_devices xc7a100t_0]
set_property PROGRAM.FILE {C:/Users/daq/Desktop/PAPILLON_asai/PAPILLON_v20260115/PAPILLON_v20260115.runs/impl_1/ADC_SiTCP_V20.bit} [get_hw_devices xc7a100t_0]
program_hw_devices [get_hw_devices xc7a100t_0]
INFO: [Labtools 27-3164] End of startup status: HIGH
program_hw_devices: Time (s): cpu = 00:00:11 ; elapsed = 00:00:11 . Memory (MB): peak = 4121.535 ; gain = 0.000
refresh_hw_device [lindex [get_hw_devices xc7a100t_0] 0]
INFO: [Labtools 27-2302] Device xc7a100t (JTAG device index = 0) is programmed with a design that has 1 ILA core(s).
WARNING: [Labtools 27-1347] Unable to find Debug Probes file []. Please update hw_device property [PROBES.FILE]
 Update of hw_probe objects, will be skipped.
WARNING: [Labtools 27-1974] Mismatch between the design programmed into the device xc7a100t_0 and the probes file(s) .
The device design has 1 ILA core(s) and 0 VIO core(s). 0 ILA core(s) and 0 VIO core(s) are matched in the probes file(s).
Resolution: 
1. Reprogram device with the correct programming file and associated probes file(s) OR
2. Goto device properties and associate the correct probes file(s) with the programming file already programmed in the device.
ERROR: [Labtoolstcl 44-513] HW Target shutdown. Closing target: localhost:3121/xilinx_tcf/Xilinx/000013b3e6d701
close_hw_manager
open_hw_manager
connect_hw_server -allow_non_jtag
INFO: [Labtools 27-2285] Connecting to hw_server url TCP:localhost:3121
INFO: [Labtools 27-2222] Launching hw_server...
INFO: [Labtools 27-2221] Launch Output:

****** Xilinx hw_server v2024.2
  **** Build date : Oct 29 2024 at 10:25:41
    ** Copyright 1986-2022 Xilinx, Inc. All Rights Reserved.


INFO: [Labtools 27-3415] Connecting to cs_server url TCP:localhost:0
INFO: [Labtools 27-3417] Launching cs_server...
INFO: [Labtools 27-2221] Launch Output:


******** Xilinx cs_server v2024.2.0
  ****** Build date   : Oct 31 2024-03:19:07
    **** Build number : 2024.2.1730312347
      ** Copyright 2017-2022 Xilinx, Inc. All Rights Reserved.
      ** Copyright 2022-2026 Advanced Micro Devices, Inc. All Rights Reserved.



connect_hw_server: Time (s): cpu = 00:00:01 ; elapsed = 00:00:05 . Memory (MB): peak = 6383.594 ; gain = 0.000
open_hw_target
INFO: [Labtoolstcl 44-466] Opening hw_target localhost:3121/xilinx_tcf/Xilinx/000013b3e6d701
set_property PROGRAM.FILE {C:/Users/daq/Desktop/PAPILLON_asai/PAPILLON_v20260115/PAPILLON_v20260115.runs/impl_1/ADC_SiTCP_V20.bit} [get_hw_devices xc7a100t_0]
set_property PROBES.FILE {C:/Users/daq/Desktop/PAPILLON_asai/PAPILLON_v20260115/PAPILLON_v20260115.runs/impl_1/ADC_SiTCP_V20.ltx} [get_hw_devices xc7a100t_0]
set_property FULL_PROBES.FILE {C:/Users/daq/Desktop/PAPILLON_asai/PAPILLON_v20260115/PAPILLON_v20260115.runs/impl_1/ADC_SiTCP_V20.ltx} [get_hw_devices xc7a100t_0]
current_hw_device [get_hw_devices xc7a100t_0]
refresh_hw_device [lindex [get_hw_devices xc7a100t_0] 0]
INFO: [Labtools 27-1435] Device xc7a100t (JTAG device index = 0) is not programmed (DONE status = 0).
set_property PROBES.FILE {} [get_hw_devices xc7a100t_0]
set_property FULL_PROBES.FILE {} [get_hw_devices xc7a100t_0]
set_property PROGRAM.FILE {C:/Users/daq/Desktop/PAPILLON_asai/PAPILLON_v20260115/PAPILLON_v20260115.runs/impl_1/ADC_SiTCP_V20.bit} [get_hw_devices xc7a100t_0]
program_hw_devices [get_hw_devices xc7a100t_0]
INFO: [Labtools 27-3164] End of startup status: HIGH
program_hw_devices: Time (s): cpu = 00:00:11 ; elapsed = 00:00:11 . Memory (MB): peak = 6393.809 ; gain = 0.000
refresh_hw_device [lindex [get_hw_devices xc7a100t_0] 0]
INFO: [Labtools 27-2302] Device xc7a100t (JTAG device index = 0) is programmed with a design that has 1 ILA core(s).
WARNING: [Labtools 27-1347] Unable to find Debug Probes file []. Please update hw_device property [PROBES.FILE]
 Update of hw_probe objects, will be skipped.
WARNING: [Labtools 27-1974] Mismatch between the design programmed into the device xc7a100t_0 and the probes file(s) .
The device design has 1 ILA core(s) and 0 VIO core(s). 0 ILA core(s) and 0 VIO core(s) are matched in the probes file(s).
Resolution: 
1. Reprogram device with the correct programming file and associated probes file(s) OR
2. Goto device properties and associate the correct probes file(s) with the programming file already programmed in the device.
set_property PROBES.FILE {} [get_hw_devices xc7a100t_0]
set_property FULL_PROBES.FILE {} [get_hw_devices xc7a100t_0]
set_property PROGRAM.FILE {C:/Users/daq/Desktop/PAPILLON_asai/PAPILLON_v20260115/PAPILLON_v20260115.runs/impl_1/ADC_SiTCP_V20.bit} [get_hw_devices xc7a100t_0]
program_hw_devices [get_hw_devices xc7a100t_0]
INFO: [Labtools 27-3164] End of startup status: HIGH
program_hw_devices: Time (s): cpu = 00:00:12 ; elapsed = 00:00:11 . Memory (MB): peak = 6393.809 ; gain = 0.000
refresh_hw_device [lindex [get_hw_devices xc7a100t_0] 0]
INFO: [Labtools 27-2302] Device xc7a100t (JTAG device index = 0) is programmed with a design that has 1 ILA core(s).
WARNING: [Labtools 27-1347] Unable to find Debug Probes file []. Please update hw_device property [PROBES.FILE]
 Update of hw_probe objects, will be skipped.
WARNING: [Labtools 27-1974] Mismatch between the design programmed into the device xc7a100t_0 and the probes file(s) .
The device design has 1 ILA core(s) and 0 VIO core(s). 0 ILA core(s) and 0 VIO core(s) are matched in the probes file(s).
Resolution: 
1. Reprogram device with the correct programming file and associated probes file(s) OR
2. Goto device properties and associate the correct probes file(s) with the programming file already programmed in the device.
ERROR: [Labtoolstcl 44-513] HW Target shutdown. Closing target: localhost:3121/xilinx_tcf/Xilinx/000013b3e6d701
close_hw_manager
open_hw_manager
connect_hw_server -allow_non_jtag
INFO: [Labtools 27-2285] Connecting to hw_server url TCP:localhost:3121
INFO: [Labtools 27-2222] Launching hw_server...
INFO: [Labtools 27-2221] Launch Output:

****** Xilinx hw_server v2024.2
  **** Build date : Oct 29 2024 at 10:25:41
    ** Copyright 1986-2022 Xilinx, Inc. All Rights Reserved.


INFO: [Labtools 27-3415] Connecting to cs_server url TCP:localhost:0
INFO: [Labtools 27-3417] Launching cs_server...
INFO: [Labtools 27-2221] Launch Output:


******** Xilinx cs_server v2024.2.0
  ****** Build date   : Oct 31 2024-03:19:07
    **** Build number : 2024.2.1730312347
      ** Copyright 2017-2022 Xilinx, Inc. All Rights Reserved.
      ** Copyright 2022-2026 Advanced Micro Devices, Inc. All Rights Reserved.



open_hw_target
INFO: [Labtoolstcl 44-466] Opening hw_target localhost:3121/xilinx_tcf/Xilinx/000013b3e6d701
set_property PROGRAM.FILE {C:/Users/daq/Desktop/PAPILLON_asai/PAPILLON_v20260115/PAPILLON_v20260115.runs/impl_1/ADC_SiTCP_V20.bit} [get_hw_devices xc7a100t_0]
set_property PROBES.FILE {C:/Users/daq/Desktop/PAPILLON_asai/PAPILLON_v20260115/PAPILLON_v20260115.runs/impl_1/ADC_SiTCP_V20.ltx} [get_hw_devices xc7a100t_0]
set_property FULL_PROBES.FILE {C:/Users/daq/Desktop/PAPILLON_asai/PAPILLON_v20260115/PAPILLON_v20260115.runs/impl_1/ADC_SiTCP_V20.ltx} [get_hw_devices xc7a100t_0]
current_hw_device [get_hw_devices xc7a100t_0]
refresh_hw_device [lindex [get_hw_devices xc7a100t_0] 0]
INFO: [Labtools 27-1435] Device xc7a100t (JTAG device index = 0) is not programmed (DONE status = 0).
set_property PROBES.FILE {} [get_hw_devices xc7a100t_0]
set_property FULL_PROBES.FILE {} [get_hw_devices xc7a100t_0]
set_property PROGRAM.FILE {C:/Users/daq/Desktop/PAPILLON_asai/PAPILLON_v20260115/PAPILLON_v20260115.runs/impl_1/ADC_SiTCP_V20.bit} [get_hw_devices xc7a100t_0]
program_hw_devices [get_hw_devices xc7a100t_0]
INFO: [Labtools 27-3164] End of startup status: HIGH
program_hw_devices: Time (s): cpu = 00:00:11 ; elapsed = 00:00:11 . Memory (MB): peak = 6395.973 ; gain = 0.000
refresh_hw_device [lindex [get_hw_devices xc7a100t_0] 0]
INFO: [Labtools 27-2302] Device xc7a100t (JTAG device index = 0) is programmed with a design that has 1 ILA core(s).
WARNING: [Labtools 27-1347] Unable to find Debug Probes file []. Please update hw_device property [PROBES.FILE]
 Update of hw_probe objects, will be skipped.
WARNING: [Labtools 27-1974] Mismatch between the design programmed into the device xc7a100t_0 and the probes file(s) .
The device design has 1 ILA core(s) and 0 VIO core(s). 0 ILA core(s) and 0 VIO core(s) are matched in the probes file(s).
Resolution: 
1. Reprogram device with the correct programming file and associated probes file(s) OR
2. Goto device properties and associate the correct probes file(s) with the programming file already programmed in the device.
close_hw_manager
exit
INFO: [Common 17-206] Exiting Vivado at Wed Feb  4 12:18:22 2026...
