#-----------------------------------------------------------
# Vivado v2024.2 (64-bit)
# SW Build 5239630 on Fri Nov 08 22:35:27 MST 2024
# IP Build 5239520 on Sun Nov 10 16:12:51 MST 2024
# SharedData Build 5239561 on Fri Nov 08 14:39:27 MST 2024
# Start of session at: Thu Jan 29 14:34:57 2026
# Process ID         : 24644
# Current directory  : C:/Users/daq/Desktop/PAPILLON_asai/PAPILLON_v20260115
# Command line       : vivado.exe -gui_launcher_event rodinguilauncherevent24888 C:\Users\daq\Desktop\PAPILLON_asai\PAPILLON_v20260115\PAPILLON_v20260115.xpr
# Log file           : C:/Users/daq/Desktop/PAPILLON_asai/PAPILLON_v20260115/vivado.log
# Journal file       : C:/Users/daq/Desktop/PAPILLON_asai/PAPILLON_v20260115\vivado.jou
# Running On         : nudaq-win02
# Platform           : Windows Server 2016 or Windows 10
# Operating System   : 26200
# Processor Detail   : 11th Gen Intel(R) Core(TM) i5-11400 @ 2.60GHz
# CPU Frequency      : 2592 MHz
# CPU Physical cores : 6
# CPU Logical cores  : 12
# Host memory        : 33959 MB
# Swap memory        : 2147 MB
# Total Virtual      : 36106 MB
# Available Virtual  : 20980 MB
#-----------------------------------------------------------
start_gui
open_project C:/Users/daq/Desktop/PAPILLON_asai/PAPILLON_v20260115/PAPILLON_v20260115.xpr
Scanning sources...
Finished scanning sources
INFO: [IP_Flow 19-234] Refreshing IP repositories
INFO: [IP_Flow 19-1704] No user IP repositories specified
INFO: [IP_Flow 19-2313] Loaded Vivado IP repository 'C:/Xilinx/Vivado/2024.2/data/ip'.
open_project: Time (s): cpu = 00:00:13 ; elapsed = 00:00:07 . Memory (MB): peak = 1279.246 ; gain = 164.078
update_compile_order -fileset sources_1
reset_run synth_1
INFO: [Project 1-1161] Replacing file C:/Users/daq/Desktop/PAPILLON_asai/PAPILLON_v20260115/PAPILLON_v20260115.srcs/utils_1/imports/synth_1/ADC_SiTCP_V20.dcp with file C:/Users/daq/Desktop/PAPILLON_asai/PAPILLON_v20260115/PAPILLON_v20260115.runs/synth_1/ADC_SiTCP_V20.dcp
launch_runs synth_1 -jobs 6
[Thu Jan 29 14:58:03 2026] Launched synth_1...
Run output will be captured here: C:/Users/daq/Desktop/PAPILLON_asai/PAPILLON_v20260115/PAPILLON_v20260115.runs/synth_1/runme.log
INFO: [Device 21-403] Loading part xc7a100tfgg484-1
reset_run synth_1
INFO: [Project 1-1161] Replacing file C:/Users/daq/Desktop/PAPILLON_asai/PAPILLON_v20260115/PAPILLON_v20260115.srcs/utils_1/imports/synth_1/ADC_SiTCP_V20.dcp with file C:/Users/daq/Desktop/PAPILLON_asai/PAPILLON_v20260115/PAPILLON_v20260115.runs/synth_1/ADC_SiTCP_V20.dcp
launch_runs synth_1 -jobs 6
[Thu Jan 29 18:26:30 2026] Launched synth_1...
Run output will be captured here: C:/Users/daq/Desktop/PAPILLON_asai/PAPILLON_v20260115/PAPILLON_v20260115.runs/synth_1/runme.log
open_run synth_1 -name synth_1
Design is defaulting to impl run constrset: constrs_1
Design is defaulting to synth run part: xc7a100tfgg484-1
INFO: [Project 1-454] Reading design checkpoint 'c:/Users/daq/Desktop/PAPILLON_asai/PAPILLON_v20260115/PAPILLON_v20260115.gen/sources_1/ip/SYSCLK0/SYSCLK0.dcp' for cell 'SYSCLK0'
INFO: [Project 1-454] Reading design checkpoint 'c:/Users/daq/Desktop/PAPILLON_asai/PAPILLON_v20260115/PAPILLON_v20260115.gen/sources_1/ip/SYSCLK2/SYSCLK2.dcp' for cell 'SYSCLK2'
INFO: [Project 1-454] Reading design checkpoint 'c:/Users/daq/Desktop/PAPILLON_asai/PAPILLON_v20260115/PAPILLON_v20260115.gen/sources_1/ip/gig_ethernet_pcs_pma_0/gig_ethernet_pcs_pma_0.dcp' for cell 'gig_ethernet_pcs_pma_01'
INFO: [Project 1-454] Reading design checkpoint 'c:/Users/daq/Desktop/PAPILLON_asai/PAPILLON_v20260115/PAPILLON_v20260115.gen/sources_1/ip/fifo_generator_1/fifo_generator_1.dcp' for cell 'ADC1_IF/eras_fifo'
INFO: [Project 1-454] Reading design checkpoint 'c:/Users/daq/Desktop/PAPILLON_asai/PAPILLON_v20260115/PAPILLON_v20260115.gen/sources_1/ip/mem_8_4K/mem_8_4K.dcp' for cell 'ADC_SiTCP_RAW/mem_generate[0].ADC_MEM_0'
INFO: [Project 1-454] Reading design checkpoint 'c:/Users/daq/Desktop/PAPILLON_asai/PAPILLON_v20260115/PAPILLON_v20260115.gen/sources_1/ip/divider/divider.dcp' for cell 'ADC_SiTCP_RAW/ADC_INT/CalBeamPosition'
INFO: [Project 1-454] Reading design checkpoint 'c:/Users/daq/Desktop/PAPILLON_asai/PAPILLON_v20260115/PAPILLON_v20260115.gen/sources_1/ip/cordic_0/cordic_0.dcp' for cell 'ADC_SiTCP_RAW/ADC_INT/CalBeamWidth'
INFO: [Project 1-454] Reading design checkpoint 'c:/Users/daq/Desktop/PAPILLON_asai/PAPILLON_v20260115/PAPILLON_v20260115.gen/sources_1/ip/mult_gen_2/mult_gen_2.dcp' for cell 'ADC_SiTCP_RAW/ADC_INT/SquareBeamPosition'
INFO: [Project 1-454] Reading design checkpoint 'c:/Users/daq/Desktop/PAPILLON_asai/PAPILLON_v20260115/PAPILLON_v20260115.gen/sources_1/ip/mult_gen_0/mult_gen_0.dcp' for cell 'ADC_SiTCP_RAW/ADC_INT/multiplier_0'
INFO: [Project 1-454] Reading design checkpoint 'c:/Users/daq/Desktop/PAPILLON_asai/PAPILLON_v20260115/PAPILLON_v20260115.gen/sources_1/ip/mult_gen_1/mult_gen_1.dcp' for cell 'ADC_SiTCP_RAW/ADC_INT/multiplier_1'
Netlist sorting complete. Time (s): cpu = 00:00:02 ; elapsed = 00:00:01 . Memory (MB): peak = 1896.035 ; gain = 0.000
INFO: [Netlist 29-17] Analyzing 4613 Unisim elements for replacement
INFO: [Netlist 29-28] Unisim Transformation completed in 1 CPU seconds
INFO: [Project 1-479] Netlist was created with Vivado 2024.2
INFO: [Project 1-570] Preparing netlist for logic optimization
Parsing XDC File [c:/Users/daq/Desktop/PAPILLON_asai/PAPILLON_v20260115/PAPILLON_v20260115.gen/sources_1/ip/SYSCLK0/SYSCLK0_board.xdc] for cell 'SYSCLK0/inst'
Finished Parsing XDC File [c:/Users/daq/Desktop/PAPILLON_asai/PAPILLON_v20260115/PAPILLON_v20260115.gen/sources_1/ip/SYSCLK0/SYSCLK0_board.xdc] for cell 'SYSCLK0/inst'
Parsing XDC File [c:/Users/daq/Desktop/PAPILLON_asai/PAPILLON_v20260115/PAPILLON_v20260115.gen/sources_1/ip/SYSCLK0/SYSCLK0.xdc] for cell 'SYSCLK0/inst'
INFO: [Timing 38-35] Done setting XDC timing constraints. [c:/Users/daq/Desktop/PAPILLON_asai/PAPILLON_v20260115/PAPILLON_v20260115.gen/sources_1/ip/SYSCLK0/SYSCLK0.xdc:54]
INFO: [Timing 38-2] Deriving generated clocks [c:/Users/daq/Desktop/PAPILLON_asai/PAPILLON_v20260115/PAPILLON_v20260115.gen/sources_1/ip/SYSCLK0/SYSCLK0.xdc:54]
Finished Parsing XDC File [c:/Users/daq/Desktop/PAPILLON_asai/PAPILLON_v20260115/PAPILLON_v20260115.gen/sources_1/ip/SYSCLK0/SYSCLK0.xdc] for cell 'SYSCLK0/inst'
Parsing XDC File [c:/Users/daq/Desktop/PAPILLON_asai/PAPILLON_v20260115/PAPILLON_v20260115.gen/sources_1/ip/SYSCLK2/SYSCLK2_board.xdc] for cell 'SYSCLK2/inst'
Finished Parsing XDC File [c:/Users/daq/Desktop/PAPILLON_asai/PAPILLON_v20260115/PAPILLON_v20260115.gen/sources_1/ip/SYSCLK2/SYSCLK2_board.xdc] for cell 'SYSCLK2/inst'
Parsing XDC File [c:/Users/daq/Desktop/PAPILLON_asai/PAPILLON_v20260115/PAPILLON_v20260115.gen/sources_1/ip/SYSCLK2/SYSCLK2.xdc] for cell 'SYSCLK2/inst'
Finished Parsing XDC File [c:/Users/daq/Desktop/PAPILLON_asai/PAPILLON_v20260115/PAPILLON_v20260115.gen/sources_1/ip/SYSCLK2/SYSCLK2.xdc] for cell 'SYSCLK2/inst'
Parsing XDC File [c:/Users/daq/Desktop/PAPILLON_asai/PAPILLON_v20260115/PAPILLON_v20260115.gen/sources_1/ip/fifo_generator_1/fifo_generator_1.xdc] for cell 'ADC1_IF/eras_fifo/U0'
Finished Parsing XDC File [c:/Users/daq/Desktop/PAPILLON_asai/PAPILLON_v20260115/PAPILLON_v20260115.gen/sources_1/ip/fifo_generator_1/fifo_generator_1.xdc] for cell 'ADC1_IF/eras_fifo/U0'
Parsing XDC File [c:/Users/daq/Desktop/PAPILLON_asai/PAPILLON_v20260115/PAPILLON_v20260115.gen/sources_1/ip/fifo_generator_1/fifo_generator_1.xdc] for cell 'ADC2_IF/eras_fifo/U0'
Finished Parsing XDC File [c:/Users/daq/Desktop/PAPILLON_asai/PAPILLON_v20260115/PAPILLON_v20260115.gen/sources_1/ip/fifo_generator_1/fifo_generator_1.xdc] for cell 'ADC2_IF/eras_fifo/U0'
Parsing XDC File [c:/Users/daq/Desktop/PAPILLON_asai/PAPILLON_v20260115/PAPILLON_v20260115.gen/sources_1/ip/fifo_generator_1/fifo_generator_1.xdc] for cell 'ADC3_IF/eras_fifo/U0'
Finished Parsing XDC File [c:/Users/daq/Desktop/PAPILLON_asai/PAPILLON_v20260115/PAPILLON_v20260115.gen/sources_1/ip/fifo_generator_1/fifo_generator_1.xdc] for cell 'ADC3_IF/eras_fifo/U0'
Parsing XDC File [c:/Users/daq/Desktop/PAPILLON_asai/PAPILLON_v20260115/PAPILLON_v20260115.gen/sources_1/ip/gig_ethernet_pcs_pma_0/gig_ethernet_pcs_pma_0_board.xdc] for cell 'gig_ethernet_pcs_pma_01/inst'
Finished Parsing XDC File [c:/Users/daq/Desktop/PAPILLON_asai/PAPILLON_v20260115/PAPILLON_v20260115.gen/sources_1/ip/gig_ethernet_pcs_pma_0/gig_ethernet_pcs_pma_0_board.xdc] for cell 'gig_ethernet_pcs_pma_01/inst'
Parsing XDC File [c:/Users/daq/Desktop/PAPILLON_asai/PAPILLON_v20260115/PAPILLON_v20260115.gen/sources_1/ip/gig_ethernet_pcs_pma_0/gig_ethernet_pcs_pma_0_board.xdc] for cell 'gig_ethernet_pcs_pma_02/inst'
Finished Parsing XDC File [c:/Users/daq/Desktop/PAPILLON_asai/PAPILLON_v20260115/PAPILLON_v20260115.gen/sources_1/ip/gig_ethernet_pcs_pma_0/gig_ethernet_pcs_pma_0_board.xdc] for cell 'gig_ethernet_pcs_pma_02/inst'
Parsing XDC File [c:/Users/daq/Desktop/PAPILLON_asai/PAPILLON_v20260115/PAPILLON_v20260115.gen/sources_1/ip/gig_ethernet_pcs_pma_0/synth/gig_ethernet_pcs_pma_0.xdc] for cell 'gig_ethernet_pcs_pma_01/inst'
INFO: [Timing 38-2] Deriving generated clocks [c:/Users/daq/Desktop/PAPILLON_asai/PAPILLON_v20260115/PAPILLON_v20260115.gen/sources_1/ip/gig_ethernet_pcs_pma_0/synth/gig_ethernet_pcs_pma_0.xdc:42]
Finished Parsing XDC File [c:/Users/daq/Desktop/PAPILLON_asai/PAPILLON_v20260115/PAPILLON_v20260115.gen/sources_1/ip/gig_ethernet_pcs_pma_0/synth/gig_ethernet_pcs_pma_0.xdc] for cell 'gig_ethernet_pcs_pma_01/inst'
Parsing XDC File [c:/Users/daq/Desktop/PAPILLON_asai/PAPILLON_v20260115/PAPILLON_v20260115.gen/sources_1/ip/gig_ethernet_pcs_pma_0/synth/gig_ethernet_pcs_pma_0.xdc] for cell 'gig_ethernet_pcs_pma_02/inst'
INFO: [Timing 38-2] Deriving generated clocks [c:/Users/daq/Desktop/PAPILLON_asai/PAPILLON_v20260115/PAPILLON_v20260115.gen/sources_1/ip/gig_ethernet_pcs_pma_0/synth/gig_ethernet_pcs_pma_0.xdc:42]
Finished Parsing XDC File [c:/Users/daq/Desktop/PAPILLON_asai/PAPILLON_v20260115/PAPILLON_v20260115.gen/sources_1/ip/gig_ethernet_pcs_pma_0/synth/gig_ethernet_pcs_pma_0.xdc] for cell 'gig_ethernet_pcs_pma_02/inst'
Parsing XDC File [C:/Users/daq/Desktop/PAPILLON_asai/PAPILLON_v20260115/PAPILLON_v20260115.srcs/constrs_1/imports/papillon_24ch/constrs_1.xdc]
Finished Parsing XDC File [C:/Users/daq/Desktop/PAPILLON_asai/PAPILLON_v20260115/PAPILLON_v20260115.srcs/constrs_1/imports/papillon_24ch/constrs_1.xdc]
Parsing XDC File [c:/Users/daq/Desktop/PAPILLON_asai/PAPILLON_v20260115/PAPILLON_v20260115.gen/sources_1/ip/SYSCLK2/SYSCLK2_late.xdc] for cell 'SYSCLK2/inst'
Finished Parsing XDC File [c:/Users/daq/Desktop/PAPILLON_asai/PAPILLON_v20260115/PAPILLON_v20260115.gen/sources_1/ip/SYSCLK2/SYSCLK2_late.xdc] for cell 'SYSCLK2/inst'
Parsing XDC File [c:/Users/daq/Desktop/PAPILLON_asai/PAPILLON_v20260115/PAPILLON_v20260115.gen/sources_1/ip/fifo_generator_1/fifo_generator_1_clocks.xdc] for cell 'ADC1_IF/eras_fifo/U0'
Finished Parsing XDC File [c:/Users/daq/Desktop/PAPILLON_asai/PAPILLON_v20260115/PAPILLON_v20260115.gen/sources_1/ip/fifo_generator_1/fifo_generator_1_clocks.xdc] for cell 'ADC1_IF/eras_fifo/U0'
Parsing XDC File [c:/Users/daq/Desktop/PAPILLON_asai/PAPILLON_v20260115/PAPILLON_v20260115.gen/sources_1/ip/fifo_generator_1/fifo_generator_1_clocks.xdc] for cell 'ADC2_IF/eras_fifo/U0'
Finished Parsing XDC File [c:/Users/daq/Desktop/PAPILLON_asai/PAPILLON_v20260115/PAPILLON_v20260115.gen/sources_1/ip/fifo_generator_1/fifo_generator_1_clocks.xdc] for cell 'ADC2_IF/eras_fifo/U0'
Parsing XDC File [c:/Users/daq/Desktop/PAPILLON_asai/PAPILLON_v20260115/PAPILLON_v20260115.gen/sources_1/ip/fifo_generator_1/fifo_generator_1_clocks.xdc] for cell 'ADC3_IF/eras_fifo/U0'
Finished Parsing XDC File [c:/Users/daq/Desktop/PAPILLON_asai/PAPILLON_v20260115/PAPILLON_v20260115.gen/sources_1/ip/fifo_generator_1/fifo_generator_1_clocks.xdc] for cell 'ADC3_IF/eras_fifo/U0'
INFO: [Project 1-1714] 18 XPM XDC files have been applied to the design.
INFO: [Opt 31-138] Pushed 0 inverter(s) to 0 load pin(s).
INFO: [Project 1-1687] 20 scoped IP constraints or related sub-commands were skipped due to synthesis logic optimizations usually triggered by constant connectivity or unconnected output pins. To review the skipped constraints and messages, run the command 'set_param netlist.IPMsgFiltering false' before opening the design.
Netlist sorting complete. Time (s): cpu = 00:00:00 ; elapsed = 00:00:00.020 . Memory (MB): peak = 2542.453 ; gain = 0.000
INFO: [Project 1-111] Unisim Transformation Summary:
  A total of 43 instances were transformed.
  IOBUF => IOBUF (IBUF, OBUFT): 3 instances
  OBUFDS => OBUFDS: 4 instances
  RAM16X1S => RAM32X1S (RAMS32): 16 instances
  RAM64M => RAM64M (RAMD64E(x4)): 20 instances

open_run: Time (s): cpu = 00:01:10 ; elapsed = 00:00:35 . Memory (MB): peak = 3684.262 ; gain = 1898.281
close_design
reset_run synth_1
INFO: [Project 1-1161] Replacing file C:/Users/daq/Desktop/PAPILLON_asai/PAPILLON_v20260115/PAPILLON_v20260115.srcs/utils_1/imports/synth_1/ADC_SiTCP_V20.dcp with file C:/Users/daq/Desktop/PAPILLON_asai/PAPILLON_v20260115/PAPILLON_v20260115.runs/synth_1/ADC_SiTCP_V20.dcp
launch_runs synth_1 -jobs 6
[Thu Jan 29 18:42:21 2026] Launched synth_1...
Run output will be captured here: C:/Users/daq/Desktop/PAPILLON_asai/PAPILLON_v20260115/PAPILLON_v20260115.runs/synth_1/runme.log
launch_runs impl_1 -jobs 6
[Thu Jan 29 18:43:24 2026] Launched impl_1...
Run output will be captured here: C:/Users/daq/Desktop/PAPILLON_asai/PAPILLON_v20260115/PAPILLON_v20260115.runs/impl_1/runme.log
reset_run synth_1
INFO: [Project 1-1161] Replacing file C:/Users/daq/Desktop/PAPILLON_asai/PAPILLON_v20260115/PAPILLON_v20260115.srcs/utils_1/imports/synth_1/ADC_SiTCP_V20.dcp with file C:/Users/daq/Desktop/PAPILLON_asai/PAPILLON_v20260115/PAPILLON_v20260115.runs/synth_1/ADC_SiTCP_V20.dcp
launch_runs synth_1 -jobs 6
[Thu Jan 29 18:48:00 2026] Launched synth_1...
Run output will be captured here: C:/Users/daq/Desktop/PAPILLON_asai/PAPILLON_v20260115/PAPILLON_v20260115.runs/synth_1/runme.log
launch_runs impl_1 -jobs 6
[Thu Jan 29 18:49:08 2026] Launched impl_1...
Run output will be captured here: C:/Users/daq/Desktop/PAPILLON_asai/PAPILLON_v20260115/PAPILLON_v20260115.runs/impl_1/runme.log
reset_run synth_1
INFO: [Project 1-1161] Replacing file C:/Users/daq/Desktop/PAPILLON_asai/PAPILLON_v20260115/PAPILLON_v20260115.srcs/utils_1/imports/synth_1/ADC_SiTCP_V20.dcp with file C:/Users/daq/Desktop/PAPILLON_asai/PAPILLON_v20260115/PAPILLON_v20260115.runs/synth_1/ADC_SiTCP_V20.dcp
launch_runs synth_1 -jobs 6
[Thu Jan 29 19:20:45 2026] Launched synth_1...
Run output will be captured here: C:/Users/daq/Desktop/PAPILLON_asai/PAPILLON_v20260115/PAPILLON_v20260115.runs/synth_1/runme.log
exit
INFO: [Common 17-206] Exiting Vivado at Thu Jan 29 19:28:05 2026...
